2026-04-23 23:50:26,666 - [PROGRESS] - Starting training run: dense_refinement_20260423_235026 with 4 parallel environments from models/sac-FetchPickAndPlace-v4.zip.
2026-04-23 23:50:28,936 - [PROGRESS] - Using SubprocVecEnv with 4 environments.
2026-04-23 23:50:29,253 - [PROGRESS] - Loading base weights from models/sac-FetchPickAndPlace-v4.zip
2026-04-23 23:50:30,633 - [PROGRESS] - Beginning 300000 steps of training...
2026-04-23 23:50:35,622 - [PROGRESS] - Step 252000 | Avg Reward: -40.59 | Avg Length: 20.7 steps | Success Rate: 0.0%
2026-04-23 23:51:00,433 - [PROGRESS] - Step 254000 | Avg Reward: -63.44 | Avg Length: 15.2 steps | Success Rate: 0.0%
2026-04-23 23:51:15,431 - [PROGRESS] - Step 256000 | Avg Reward: -54.50 | Avg Length: 32.0 steps | Success Rate: 0.0%
2026-04-23 23:51:29,940 - [PROGRESS] - Step 258000 | Avg Reward: -38.39 | Avg Length: 47.6 steps | Success Rate: 3.0%
2026-04-23 23:51:46,303 - [PROGRESS] - Step 260000 | Avg Reward: -21.11 | Avg Length: 66.8 steps | Success Rate: 9.0%
2026-04-23 23:52:09,386 - [PROGRESS] - *** NEW BEST EVAL (TRANSIT) *** | Success: 4.0% -> saved to ./checkpoints/dense_refinement_20260423_235026/best_model_transit.zip
2026-04-23 23:52:18,342 - [PROGRESS] - *** NEW BEST EVAL (DESCEND) *** | Success: 18.0% -> saved to ./checkpoints/dense_refinement_20260423_235026/best_model_descend.zip
2026-04-23 23:52:22,655 - [PROGRESS] - *** NEW BEST EVAL (ASCEND) *** | Success: 0.0% -> saved to ./checkpoints/dense_refinement_20260423_235026/best_model_ascend.zip
2026-04-23 23:52:38,086 - [PROGRESS] - Step 262000 | Avg Reward: 36.01 | Avg Length: 84.0 steps | Success Rate: 10.0%
2026-04-23 23:52:54,251 - [PROGRESS] - Step 264000 | Avg Reward: 66.38 | Avg Length: 86.2 steps | Success Rate: 13.0%
2026-04-23 23:53:10,338 - [PROGRESS] - Step 266000 | Avg Reward: 72.77 | Avg Length: 94.7 steps | Success Rate: 16.0%
2026-04-23 23:53:26,248 - [PROGRESS] - Step 268000 | Avg Reward: 64.57 | Avg Length: 96.6 steps | Success Rate: 16.0%
2026-04-23 23:53:42,920 - [PROGRESS] - Step 270000 | Avg Reward: 74.43 | Avg Length: 100.7 steps | Success Rate: 15.0%
2026-04-23 23:54:10,158 - [PROGRESS] - *** NEW BEST EVAL (DESCEND) *** | Success: 38.0% -> saved to ./checkpoints/dense_refinement_20260423_235026/best_model_descend.zip
2026-04-23 23:54:31,128 - [PROGRESS] - Step 272000 | Avg Reward: 46.99 | Avg Length: 90.6 steps | Success Rate: 24.0%
2026-04-23 23:54:47,153 - [PROGRESS] - Step 274000 | Avg Reward: 59.11 | Avg Length: 86.1 steps | Success Rate: 23.0%
2026-04-23 23:55:03,503 - [PROGRESS] - Step 276000 | Avg Reward: 82.30 | Avg Length: 86.2 steps | Success Rate: 22.0%
2026-04-23 23:55:19,560 - [PROGRESS] - Step 278000 | Avg Reward: 97.32 | Avg Length: 87.1 steps | Success Rate: 23.0%
2026-04-23 23:55:35,928 - [PROGRESS] - Step 280000 | Avg Reward: 99.01 | Avg Length: 95.8 steps | Success Rate: 19.0%
2026-04-23 23:56:24,656 - [PROGRESS] - Step 282000 | Avg Reward: 105.13 | Avg Length: 97.5 steps | Success Rate: 16.0%
2026-04-23 23:56:41,357 - [PROGRESS] - Step 284000 | Avg Reward: 97.65 | Avg Length: 96.3 steps | Success Rate: 18.0%
2026-04-23 23:56:58,684 - [PROGRESS] - Step 286000 | Avg Reward: 71.86 | Avg Length: 95.1 steps | Success Rate: 22.0%
2026-04-23 23:58:32,605 - [PROGRESS] - Starting training run: dense_refinement_20260423_235832 with 4 parallel environments from models/sac-FetchPickAndPlace-v4.zip.
2026-04-23 23:58:34,883 - [PROGRESS] - Using SubprocVecEnv with 4 environments.
2026-04-23 23:58:35,203 - [PROGRESS] - Loading base weights from models/sac-FetchPickAndPlace-v4.zip
2026-04-23 23:58:36,679 - [PROGRESS] - Beginning 300000 steps of training...
2026-04-23 23:58:41,694 - [PROGRESS] - Step 2000 | Avg Reward: -40.87 | Avg Length: 20.7 steps | Success Rate: 0.0%
2026-04-23 23:59:05,960 - [PROGRESS] - Step 4000 | Avg Reward: -74.71 | Avg Length: 17.0 steps | Success Rate: 0.0%
2026-04-23 23:59:21,236 - [PROGRESS] - Step 6000 | Avg Reward: -84.07 | Avg Length: 36.6 steps | Success Rate: 2.0%
2026-04-23 23:59:36,095 - [PROGRESS] - Step 8000 | Avg Reward: -74.19 | Avg Length: 52.1 steps | Success Rate: 11.0%
2026-04-23 23:59:50,669 - [PROGRESS] - Step 10000 | Avg Reward: -65.42 | Avg Length: 68.2 steps | Success Rate: 18.0%
2026-04-24 00:00:05,685 - [PROGRESS] - *** NEW BEST EVAL (TRANSIT) *** | Success: 26.0% -> saved to ./checkpoints/dense_refinement_20260423_235832/best_model_transit.zip
2026-04-24 00:00:14,676 - [PROGRESS] - *** NEW BEST EVAL (DESCEND) *** | Success: 62.0% -> saved to ./checkpoints/dense_refinement_20260423_235832/best_model_descend.zip
2026-04-24 00:00:19,167 - [PROGRESS] - *** NEW BEST EVAL (ASCEND) *** | Success: 0.0% -> saved to ./checkpoints/dense_refinement_20260423_235832/best_model_ascend.zip
2026-04-24 00:00:35,221 - [PROGRESS] - Step 12000 | Avg Reward: -31.49 | Avg Length: 79.2 steps | Success Rate: 25.0%
2026-04-24 00:00:51,707 - [PROGRESS] - Step 14000 | Avg Reward: -16.11 | Avg Length: 73.1 steps | Success Rate: 30.0%
2026-04-24 00:01:08,465 - [PROGRESS] - Step 16000 | Avg Reward: -15.84 | Avg Length: 69.9 steps | Success Rate: 33.0%
2026-04-24 00:01:24,186 - [PROGRESS] - Step 18000 | Avg Reward: -16.17 | Avg Length: 77.2 steps | Success Rate: 32.0%
2026-04-24 00:01:40,273 - [PROGRESS] - Step 20000 | Avg Reward: -17.57 | Avg Length: 79.9 steps | Success Rate: 31.0%
2026-04-24 00:02:35,652 - [PROGRESS] - Step 22000 | Avg Reward: -18.10 | Avg Length: 86.5 steps | Success Rate: 30.0%
2026-04-24 00:02:53,663 - [PROGRESS] - Step 24000 | Avg Reward: -17.45 | Avg Length: 88.8 steps | Success Rate: 25.0%
2026-04-24 00:03:10,473 - [PROGRESS] - Step 26000 | Avg Reward: -22.90 | Avg Length: 97.5 steps | Success Rate: 19.0%
2026-04-24 00:03:26,977 - [PROGRESS] - Step 28000 | Avg Reward: -24.25 | Avg Length: 95.7 steps | Success Rate: 16.0%
2026-04-24 00:03:43,721 - [PROGRESS] - Step 30000 | Avg Reward: -23.06 | Avg Length: 85.9 steps | Success Rate: 19.0%
2026-04-24 00:04:04,381 - [PROGRESS] - *** NEW BEST EVAL (TRANSIT) *** | Success: 30.0% -> saved to ./checkpoints/dense_refinement_20260423_235832/best_model_transit.zip
2026-04-24 00:04:34,550 - [PROGRESS] - Step 32000 | Avg Reward: -26.84 | Avg Length: 86.3 steps | Success Rate: 19.0%
2026-04-24 00:04:50,449 - [PROGRESS] - Step 34000 | Avg Reward: -27.44 | Avg Length: 89.2 steps | Success Rate: 18.0%
2026-04-24 00:05:05,953 - [PROGRESS] - Step 36000 | Avg Reward: -24.14 | Avg Length: 93.4 steps | Success Rate: 19.0%
2026-04-24 00:05:22,389 - [PROGRESS] - Step 38000 | Avg Reward: -31.61 | Avg Length: 91.0 steps | Success Rate: 18.0%
2026-04-24 00:05:38,912 - [PROGRESS] - Step 40000 | Avg Reward: -32.14 | Avg Length: 98.5 steps | Success Rate: 18.0%
2026-04-24 00:06:30,480 - [PROGRESS] - Step 42000 | Avg Reward: -29.46 | Avg Length: 95.3 steps | Success Rate: 15.0%
2026-04-24 00:06:46,552 - [PROGRESS] - Step 44000 | Avg Reward: -33.36 | Avg Length: 100.1 steps | Success Rate: 11.0%
2026-04-24 00:07:02,724 - [PROGRESS] - Step 46000 | Avg Reward: -32.44 | Avg Length: 93.4 steps | Success Rate: 8.0%
2026-04-24 00:07:18,181 - [PROGRESS] - Step 48000 | Avg Reward: -38.10 | Avg Length: 101.0 steps | Success Rate: 6.0%
2026-04-24 00:07:34,557 - [PROGRESS] - Step 50000 | Avg Reward: -46.35 | Avg Length: 100.0 steps | Success Rate: 8.0%
2026-04-24 00:08:35,046 - [PROGRESS] - Step 52000 | Avg Reward: -67.29 | Avg Length: 107.5 steps | Success Rate: 7.0%
2026-04-24 00:08:51,258 - [PROGRESS] - Step 54000 | Avg Reward: -67.54 | Avg Length: 107.2 steps | Success Rate: 10.0%
2026-04-24 00:09:06,964 - [PROGRESS] - Step 56000 | Avg Reward: -66.68 | Avg Length: 113.8 steps | Success Rate: 10.0%
2026-04-24 00:09:22,917 - [PROGRESS] - Step 58000 | Avg Reward: -62.35 | Avg Length: 112.7 steps | Success Rate: 11.0%
2026-04-24 00:09:38,136 - [PROGRESS] - Step 60000 | Avg Reward: -57.06 | Avg Length: 112.8 steps | Success Rate: 11.0%
2026-04-24 00:10:49,599 - [PROGRESS] - Step 62000 | Avg Reward: -46.93 | Avg Length: 118.5 steps | Success Rate: 8.0%
2026-04-24 00:11:07,907 - [PROGRESS] - Step 64000 | Avg Reward: -27.49 | Avg Length: 109.5 steps | Success Rate: 10.0%
2026-04-24 00:11:25,434 - [PROGRESS] - Step 66000 | Avg Reward: -24.49 | Avg Length: 98.5 steps | Success Rate: 18.0%
2026-04-24 00:11:44,546 - [PROGRESS] - Step 68000 | Avg Reward: -25.67 | Avg Length: 88.0 steps | Success Rate: 21.0%
2026-04-24 00:12:04,696 - [PROGRESS] - Step 70000 | Avg Reward: -20.39 | Avg Length: 69.9 steps | Success Rate: 28.0%
2026-04-24 00:12:23,387 - [PROGRESS] - *** NEW BEST EVAL (TRANSIT) *** | Success: 32.0% -> saved to ./checkpoints/dense_refinement_20260423_235832/best_model_transit.zip
2026-04-24 00:13:03,889 - [PROGRESS] - Step 72000 | Avg Reward: -21.51 | Avg Length: 72.8 steps | Success Rate: 26.0%
2026-04-24 00:13:21,198 - [PROGRESS] - Step 74000 | Avg Reward: -22.50 | Avg Length: 69.8 steps | Success Rate: 24.0%
2026-04-24 00:13:38,348 - [PROGRESS] - Step 76000 | Avg Reward: -22.88 | Avg Length: 71.4 steps | Success Rate: 28.0%
2026-04-24 00:13:58,225 - [PROGRESS] - Step 78000 | Avg Reward: -26.30 | Avg Length: 69.0 steps | Success Rate: 25.0%
2026-04-24 00:14:14,190 - [PROGRESS] - Step 80000 | Avg Reward: -25.76 | Avg Length: 65.9 steps | Success Rate: 30.0%
2026-04-24 00:14:33,064 - [PROGRESS] - *** NEW BEST EVAL (TRANSIT) *** | Success: 34.0% -> saved to ./checkpoints/dense_refinement_20260423_235832/best_model_transit.zip
2026-04-24 00:15:15,240 - [PROGRESS] - Step 82000 | Avg Reward: -18.63 | Avg Length: 61.0 steps | Success Rate: 31.0%
2026-04-24 00:15:32,074 - [PROGRESS] - Step 84000 | Avg Reward: -16.65 | Avg Length: 65.8 steps | Success Rate: 32.0%
2026-04-24 00:15:49,465 - [PROGRESS] - Step 86000 | Avg Reward: -14.94 | Avg Length: 71.3 steps | Success Rate: 27.0%
2026-04-24 00:16:06,816 - [PROGRESS] - Step 88000 | Avg Reward: -22.36 | Avg Length: 67.2 steps | Success Rate: 25.0%
2026-04-24 00:16:23,464 - [PROGRESS] - Step 90000 | Avg Reward: -27.80 | Avg Length: 69.7 steps | Success Rate: 22.0%
2026-04-24 00:17:19,593 - [PROGRESS] - Step 92000 | Avg Reward: -29.10 | Avg Length: 63.0 steps | Success Rate: 25.0%
2026-04-24 00:17:37,252 - [PROGRESS] - Step 94000 | Avg Reward: -19.72 | Avg Length: 67.3 steps | Success Rate: 35.0%
2026-04-24 00:17:55,160 - [PROGRESS] - Step 96000 | Avg Reward: -17.55 | Avg Length: 55.2 steps | Success Rate: 42.0%
2026-04-24 00:18:13,230 - [PROGRESS] - Step 98000 | Avg Reward: -19.59 | Avg Length: 53.4 steps | Success Rate: 48.0%
2026-04-24 00:18:31,338 - [PROGRESS] - Step 100000 | Avg Reward: -22.59 | Avg Length: 56.3 steps | Success Rate: 42.0%
2026-04-24 00:18:49,368 - [PROGRESS] - *** NEW BEST EVAL (TRANSIT) *** | Success: 40.0% -> saved to ./checkpoints/dense_refinement_20260423_235832/best_model_transit.zip
2026-04-24 00:19:26,662 - [PROGRESS] - Step 102000 | Avg Reward: -13.33 | Avg Length: 60.3 steps | Success Rate: 43.0%
2026-04-24 00:19:42,585 - [PROGRESS] - Step 104000 | Avg Reward: -15.03 | Avg Length: 64.5 steps | Success Rate: 42.0%
2026-04-24 00:19:59,550 - [PROGRESS] - Step 106000 | Avg Reward: -20.50 | Avg Length: 70.5 steps | Success Rate: 31.0%
2026-04-24 00:20:16,008 - [PROGRESS] - Step 108000 | Avg Reward: -23.46 | Avg Length: 76.3 steps | Success Rate: 29.0%
2026-04-24 00:20:32,130 - [PROGRESS] - Step 110000 | Avg Reward: -30.09 | Avg Length: 80.6 steps | Success Rate: 27.0%
2026-04-24 00:21:28,495 - [PROGRESS] - Step 112000 | Avg Reward: -33.88 | Avg Length: 84.6 steps | Success Rate: 22.0%
2026-04-24 00:21:43,828 - [PROGRESS] - Step 114000 | Avg Reward: -35.80 | Avg Length: 91.1 steps | Success Rate: 20.0%
2026-04-24 00:22:00,424 - [PROGRESS] - Step 116000 | Avg Reward: -48.34 | Avg Length: 98.6 steps | Success Rate: 18.0%
2026-04-24 00:22:17,004 - [PROGRESS] - Step 118000 | Avg Reward: -55.08 | Avg Length: 100.6 steps | Success Rate: 21.0%
2026-04-24 00:22:34,731 - [PROGRESS] - Step 120000 | Avg Reward: -45.69 | Avg Length: 95.7 steps | Success Rate: 21.0%
2026-04-24 00:23:43,836 - [PROGRESS] - Step 122000 | Avg Reward: -45.63 | Avg Length: 93.1 steps | Success Rate: 22.0%
2026-04-24 00:23:59,843 - [PROGRESS] - Step 124000 | Avg Reward: -42.99 | Avg Length: 92.4 steps | Success Rate: 20.0%
2026-04-24 00:24:16,649 - [PROGRESS] - Step 126000 | Avg Reward: -27.63 | Avg Length: 89.3 steps | Success Rate: 21.0%
2026-04-24 00:24:33,201 - [PROGRESS] - Step 128000 | Avg Reward: -23.72 | Avg Length: 87.2 steps | Success Rate: 18.0%
2026-04-24 00:24:49,339 - [PROGRESS] - Step 130000 | Avg Reward: -20.88 | Avg Length: 83.2 steps | Success Rate: 23.0%
2026-04-24 00:25:03,036 - [PROGRESS] - *** NEW BEST EVAL (TRANSIT) *** | Success: 48.0% -> saved to ./checkpoints/dense_refinement_20260423_235832/best_model_transit.zip
2026-04-24 00:25:35,532 - [PROGRESS] - Step 132000 | Avg Reward: -21.69 | Avg Length: 84.0 steps | Success Rate: 26.0%
2026-04-24 00:25:54,923 - [PROGRESS] - Step 134000 | Avg Reward: -17.70 | Avg Length: 64.0 steps | Success Rate: 35.0%
2026-04-24 00:26:11,475 - [PROGRESS] - Step 136000 | Avg Reward: -15.95 | Avg Length: 61.7 steps | Success Rate: 35.0%
2026-04-24 00:26:28,789 - [PROGRESS] - Step 138000 | Avg Reward: -14.26 | Avg Length: 55.8 steps | Success Rate: 33.0%
2026-04-24 00:26:46,865 - [PROGRESS] - Step 140000 | Avg Reward: -13.89 | Avg Length: 58.6 steps | Success Rate: 39.0%
2026-04-24 00:26:57,740 - [PROGRESS] - *** NEW BEST EVAL (TRANSIT) *** | Success: 66.0% -> saved to ./checkpoints/dense_refinement_20260423_235832/best_model_transit.zip
2026-04-24 00:27:31,899 - [PROGRESS] - Step 142000 | Avg Reward: -15.63 | Avg Length: 68.1 steps | Success Rate: 38.0%
2026-04-24 00:27:53,580 - [PROGRESS] - Step 144000 | Avg Reward: -15.16 | Avg Length: 44.5 steps | Success Rate: 45.0%
2026-04-24 00:28:13,493 - [PROGRESS] - Step 146000 | Avg Reward: -8.77 | Avg Length: 34.9 steps | Success Rate: 46.0%
2026-04-24 00:28:35,413 - [PROGRESS] - Step 148000 | Avg Reward: -10.56 | Avg Length: 36.2 steps | Success Rate: 43.0%
2026-04-24 00:28:55,263 - [PROGRESS] - Step 150000 | Avg Reward: -7.82 | Avg Length: 34.7 steps | Success Rate: 53.0%
2026-04-24 00:29:02,700 - [PROGRESS] - *** NEW BEST EVAL (TRANSIT) *** | Success: 80.0% -> saved to ./checkpoints/dense_refinement_20260423_235832/best_model_transit.zip
2026-04-24 00:29:44,415 - [PROGRESS] - Step 152000 | Avg Reward: -5.42 | Avg Length: 36.9 steps | Success Rate: 56.0%
2026-04-24 00:30:07,187 - [PROGRESS] - Step 154000 | Avg Reward: -8.12 | Avg Length: 33.1 steps | Success Rate: 54.0%
2026-04-24 00:30:28,363 - [PROGRESS] - Step 156000 | Avg Reward: -11.10 | Avg Length: 36.3 steps | Success Rate: 53.0%
2026-04-24 00:30:49,628 - [PROGRESS] - Step 158000 | Avg Reward: -11.60 | Avg Length: 37.6 steps | Success Rate: 51.0%
2026-04-24 00:31:11,001 - [PROGRESS] - Step 160000 | Avg Reward: -7.43 | Avg Length: 43.2 steps | Success Rate: 54.0%
2026-04-24 00:31:18,641 - [PROGRESS] - *** NEW BEST EVAL (TRANSIT) *** | Success: 86.0% -> saved to ./checkpoints/dense_refinement_20260423_235832/best_model_transit.zip
2026-04-24 00:31:59,391 - [PROGRESS] - Step 162000 | Avg Reward: -9.03 | Avg Length: 53.6 steps | Success Rate: 50.0%
2026-04-24 00:32:20,675 - [PROGRESS] - Step 164000 | Avg Reward: -11.03 | Avg Length: 53.8 steps | Success Rate: 48.0%
2026-04-24 00:32:41,219 - [PROGRESS] - Step 166000 | Avg Reward: -9.19 | Avg Length: 48.9 steps | Success Rate: 51.0%
2026-04-24 00:33:02,573 - [PROGRESS] - Step 168000 | Avg Reward: -6.70 | Avg Length: 48.2 steps | Success Rate: 55.0%
2026-04-24 00:33:26,801 - [PROGRESS] - Step 170000 | Avg Reward: -23.18 | Avg Length: 37.1 steps | Success Rate: 54.0%
2026-04-24 00:33:51,993 - [PROGRESS] - *** NEW BEST EVAL (DESCEND) *** | Success: 64.0% -> saved to ./checkpoints/dense_refinement_20260423_235832/best_model_descend.zip
2026-04-24 00:34:20,600 - [PROGRESS] - Step 172000 | Avg Reward: -13.95 | Avg Length: 27.6 steps | Success Rate: 52.0%
2026-04-24 00:34:43,561 - [PROGRESS] - Step 174000 | Avg Reward: -10.32 | Avg Length: 28.4 steps | Success Rate: 50.0%
2026-04-24 00:35:03,824 - [PROGRESS] - Step 176000 | Avg Reward: -9.89 | Avg Length: 39.9 steps | Success Rate: 52.0%
2026-04-24 00:35:24,590 - [PROGRESS] - Step 178000 | Avg Reward: -9.67 | Avg Length: 38.4 steps | Success Rate: 54.0%
2026-04-24 00:35:45,428 - [PROGRESS] - Step 180000 | Avg Reward: -12.28 | Avg Length: 45.9 steps | Success Rate: 49.0%
2026-04-24 00:36:06,053 - [PROGRESS] - *** NEW BEST EVAL (DESCEND) *** | Success: 74.0% -> saved to ./checkpoints/dense_refinement_20260423_235832/best_model_descend.zip
2026-04-24 00:36:30,999 - [PROGRESS] - Step 182000 | Avg Reward: -12.15 | Avg Length: 47.6 steps | Success Rate: 50.0%
2026-04-24 00:36:49,868 - [PROGRESS] - Step 184000 | Avg Reward: -11.86 | Avg Length: 46.5 steps | Success Rate: 51.0%
2026-04-24 00:37:13,309 - [PROGRESS] - Step 186000 | Avg Reward: -9.03 | Avg Length: 29.5 steps | Success Rate: 53.0%
2026-04-24 00:37:32,157 - [PROGRESS] - Step 188000 | Avg Reward: -13.23 | Avg Length: 35.0 steps | Success Rate: 52.0%
2026-04-24 00:37:51,344 - [PROGRESS] - Step 190000 | Avg Reward: -12.98 | Avg Length: 41.6 steps | Success Rate: 53.0%
2026-04-24 00:38:42,872 - [PROGRESS] - Step 192000 | Avg Reward: -12.74 | Avg Length: 46.1 steps | Success Rate: 47.0%
2026-04-24 00:38:59,545 - [PROGRESS] - Step 194000 | Avg Reward: -18.78 | Avg Length: 51.5 steps | Success Rate: 41.0%
2026-04-24 00:39:16,893 - [PROGRESS] - Step 196000 | Avg Reward: -24.35 | Avg Length: 60.3 steps | Success Rate: 36.0%
2026-04-24 00:39:33,639 - [PROGRESS] - Step 198000 | Avg Reward: -31.36 | Avg Length: 69.9 steps | Success Rate: 33.0%
2026-04-24 00:39:51,518 - [PROGRESS] - Step 200000 | Avg Reward: -27.57 | Avg Length: 63.7 steps | Success Rate: 34.0%
2026-04-24 00:40:43,372 - [PROGRESS] - Step 202000 | Avg Reward: -24.97 | Avg Length: 60.7 steps | Success Rate: 34.0%
2026-04-24 00:41:02,981 - [PROGRESS] - Step 204000 | Avg Reward: -18.03 | Avg Length: 56.3 steps | Success Rate: 32.0%
2026-04-24 00:41:21,917 - [PROGRESS] - Step 206000 | Avg Reward: -15.44 | Avg Length: 50.7 steps | Success Rate: 41.0%
2026-04-24 00:41:39,920 - [PROGRESS] - Step 208000 | Avg Reward: -17.33 | Avg Length: 60.1 steps | Success Rate: 36.0%
2026-04-24 00:41:58,879 - [PROGRESS] - Step 210000 | Avg Reward: -21.07 | Avg Length: 59.6 steps | Success Rate: 33.0%
2026-04-24 00:42:46,254 - [PROGRESS] - Step 212000 | Avg Reward: -21.95 | Avg Length: 65.2 steps | Success Rate: 30.0%
2026-04-24 00:43:05,993 - [PROGRESS] - Step 214000 | Avg Reward: -22.54 | Avg Length: 62.7 steps | Success Rate: 35.0%
2026-04-24 00:43:23,974 - [PROGRESS] - Step 216000 | Avg Reward: -20.55 | Avg Length: 68.6 steps | Success Rate: 39.0%
2026-04-24 00:43:44,970 - [PROGRESS] - Step 218000 | Avg Reward: -19.78 | Avg Length: 61.6 steps | Success Rate: 36.0%
2026-04-24 00:44:04,092 - [PROGRESS] - Step 220000 | Avg Reward: -21.29 | Avg Length: 64.3 steps | Success Rate: 36.0%
2026-04-24 00:44:50,500 - [PROGRESS] - Step 222000 | Avg Reward: -23.40 | Avg Length: 58.0 steps | Success Rate: 33.0%
2026-04-24 00:45:09,695 - [PROGRESS] - Step 224000 | Avg Reward: -23.04 | Avg Length: 64.7 steps | Success Rate: 37.0%
2026-04-24 00:45:28,112 - [PROGRESS] - Step 226000 | Avg Reward: -21.29 | Avg Length: 68.6 steps | Success Rate: 40.0%
2026-04-24 00:45:47,646 - [PROGRESS] - Step 228000 | Avg Reward: -19.52 | Avg Length: 59.4 steps | Success Rate: 44.0%
2026-04-24 00:46:07,575 - [PROGRESS] - Step 230000 | Avg Reward: -21.96 | Avg Length: 58.7 steps | Success Rate: 37.0%
2026-04-24 00:46:47,708 - [PROGRESS] - Step 232000 | Avg Reward: -21.61 | Avg Length: 54.4 steps | Success Rate: 33.0%
2026-04-24 00:47:06,494 - [PROGRESS] - Step 234000 | Avg Reward: -20.67 | Avg Length: 57.3 steps | Success Rate: 33.0%
2026-04-24 00:47:24,110 - [PROGRESS] - Step 236000 | Avg Reward: -17.67 | Avg Length: 52.1 steps | Success Rate: 43.0%
2026-04-24 00:47:43,129 - [PROGRESS] - Step 238000 | Avg Reward: -18.62 | Avg Length: 47.1 steps | Success Rate: 48.0%
2026-04-24 00:48:01,505 - [PROGRESS] - Step 240000 | Avg Reward: -17.71 | Avg Length: 45.9 steps | Success Rate: 53.0%
2026-04-24 00:48:45,913 - [PROGRESS] - Step 242000 | Avg Reward: -14.33 | Avg Length: 42.9 steps | Success Rate: 49.0%
2026-04-24 00:49:04,224 - [PROGRESS] - Step 244000 | Avg Reward: -14.73 | Avg Length: 45.2 steps | Success Rate: 50.0%
2026-04-24 00:49:22,664 - [PROGRESS] - Step 246000 | Avg Reward: -18.23 | Avg Length: 47.8 steps | Success Rate: 54.0%
2026-04-24 00:49:40,679 - [PROGRESS] - Step 248000 | Avg Reward: -19.50 | Avg Length: 43.9 steps | Success Rate: 54.0%
2026-04-24 00:49:58,525 - [PROGRESS] - Step 250000 | Avg Reward: -23.90 | Avg Length: 48.0 steps | Success Rate: 51.0%
2026-04-24 00:50:39,326 - [PROGRESS] - Step 252000 | Avg Reward: -25.66 | Avg Length: 49.9 steps | Success Rate: 42.0%
2026-04-24 00:50:58,934 - [PROGRESS] - Step 254000 | Avg Reward: -17.73 | Avg Length: 43.2 steps | Success Rate: 43.0%
2026-04-24 00:51:19,207 - [PROGRESS] - Step 256000 | Avg Reward: -10.09 | Avg Length: 33.3 steps | Success Rate: 47.0%
2026-04-24 00:51:39,208 - [PROGRESS] - Step 258000 | Avg Reward: -9.88 | Avg Length: 35.1 steps | Success Rate: 49.0%
2026-04-24 00:51:57,586 - [PROGRESS] - Step 260000 | Avg Reward: -10.66 | Avg Length: 36.8 steps | Success Rate: 45.0%
2026-04-24 00:52:38,878 - [PROGRESS] - Step 262000 | Avg Reward: -17.72 | Avg Length: 41.7 steps | Success Rate: 40.0%
2026-04-24 00:52:57,974 - [PROGRESS] - Step 264000 | Avg Reward: -15.55 | Avg Length: 34.7 steps | Success Rate: 48.0%
2026-04-24 00:53:18,465 - [PROGRESS] - Step 266000 | Avg Reward: -8.67 | Avg Length: 32.1 steps | Success Rate: 47.0%
2026-04-24 00:53:38,437 - [PROGRESS] - Step 268000 | Avg Reward: -9.94 | Avg Length: 32.9 steps | Success Rate: 40.0%
2026-04-24 00:53:56,139 - [PROGRESS] - Step 270000 | Avg Reward: -8.21 | Avg Length: 41.5 steps | Success Rate: 49.0%
2026-04-24 00:54:35,872 - [PROGRESS] - Step 272000 | Avg Reward: -8.83 | Avg Length: 47.0 steps | Success Rate: 44.0%
2026-04-24 00:54:53,382 - [PROGRESS] - Step 274000 | Avg Reward: -13.64 | Avg Length: 53.4 steps | Success Rate: 38.0%
2026-04-24 00:55:12,254 - [PROGRESS] - Step 276000 | Avg Reward: -12.51 | Avg Length: 47.4 steps | Success Rate: 42.0%
2026-04-24 00:55:30,256 - [PROGRESS] - Step 278000 | Avg Reward: -11.38 | Avg Length: 46.8 steps | Success Rate: 50.0%
2026-04-24 00:55:49,496 - [PROGRESS] - Step 280000 | Avg Reward: -14.93 | Avg Length: 40.6 steps | Success Rate: 45.0%
2026-04-24 00:56:42,168 - [PROGRESS] - Step 282000 | Avg Reward: -11.39 | Avg Length: 43.6 steps | Success Rate: 38.0%
2026-04-24 00:56:59,860 - [PROGRESS] - Step 284000 | Avg Reward: -10.05 | Avg Length: 49.0 steps | Success Rate: 43.0%
2026-04-24 00:57:19,478 - [PROGRESS] - Step 286000 | Avg Reward: -7.07 | Avg Length: 47.0 steps | Success Rate: 51.0%
2026-04-24 00:57:37,723 - [PROGRESS] - Step 288000 | Avg Reward: -8.59 | Avg Length: 44.3 steps | Success Rate: 44.0%
2026-04-24 00:57:55,044 - [PROGRESS] - Step 290000 | Avg Reward: -8.65 | Avg Length: 51.6 steps | Success Rate: 42.0%
2026-04-24 00:58:41,025 - [PROGRESS] - Step 292000 | Avg Reward: -13.81 | Avg Length: 53.6 steps | Success Rate: 40.0%
2026-04-24 00:58:58,510 - [PROGRESS] - Step 294000 | Avg Reward: -11.65 | Avg Length: 51.3 steps | Success Rate: 47.0%
2026-04-24 00:59:15,759 - [PROGRESS] - Step 296000 | Avg Reward: -10.87 | Avg Length: 54.2 steps | Success Rate: 49.0%
2026-04-24 00:59:34,333 - [PROGRESS] - Step 298000 | Avg Reward: -6.30 | Avg Length: 57.9 steps | Success Rate: 49.0%
2026-04-24 00:59:53,843 - [PROGRESS] - Step 300000 | Avg Reward: -8.76 | Avg Length: 59.0 steps | Success Rate: 41.0%
2026-04-24 01:00:26,784 - [PROGRESS] - Training complete! Final model saved to chess_fetch_dense_20260423_235832.zip
2026-04-24 08:52:38,240 - [PROGRESS] - Starting training run: dense_refinement_20260424_085238 with 4 parallel environments from models/sac-FetchPickAndPlace-v4.zip.
2026-04-24 08:52:41,589 - [PROGRESS] - Using SubprocVecEnv with 4 environments.
2026-04-24 08:52:42,010 - [PROGRESS] - Loading base weights from models/sac-FetchPickAndPlace-v4.zip
2026-04-24 08:53:39,835 - [PROGRESS] - Starting training run: dense_refinement_20260424_085339 with 4 parallel environments from chess_fetch_dense_v3_ready.zip.
2026-04-24 08:53:45,140 - [PROGRESS] - Using SubprocVecEnv with 4 environments.
2026-04-24 08:53:48,987 - [PROGRESS] - Loading base weights from chess_fetch_dense_v3_ready.zip
2026-04-24 08:53:51,699 - [PROGRESS] - Beginning 300000 steps of training...
2026-04-24 08:53:58,081 - [PROGRESS] - Step 2000 | Avg Reward: -25.15 | Avg Length: 28.8 steps | Success Rate: 0.0%
2026-04-24 08:54:10,675 - [PROGRESS] - Step 4000 | Avg Reward: -9.68 | Avg Length: 43.2 steps | Success Rate: 2.5%
2026-04-24 08:54:24,558 - [PROGRESS] - Step 6000 | Avg Reward: 10.18 | Avg Length: 56.8 steps | Success Rate: 6.0%
2026-04-24 08:54:37,925 - [PROGRESS] - Step 8000 | Avg Reward: 27.65 | Avg Length: 69.7 steps | Success Rate: 22.0%
2026-04-24 08:54:51,054 - [PROGRESS] - Step 10000 | Avg Reward: 57.35 | Avg Length: 85.2 steps | Success Rate: 26.0%
2026-04-24 08:55:13,196 - [PROGRESS] - *** NEW BEST EVAL (TRANSIT) *** | Success: 22.0% -> saved to ./checkpoints/dense_refinement_20260424_085339/best_model_transit.zip
2026-04-24 08:55:18,332 - [PROGRESS] - *** NEW BEST EVAL (DESCEND) *** | Success: 76.0% -> saved to ./checkpoints/dense_refinement_20260424_085339/best_model_descend.zip
2026-04-24 08:55:23,434 - [PROGRESS] - *** NEW BEST EVAL (ASCEND) *** | Success: 0.0% -> saved to ./checkpoints/dense_refinement_20260424_085339/best_model_ascend.zip
2026-04-24 08:55:34,595 - [PROGRESS] - Step 12000 | Avg Reward: 83.64 | Avg Length: 97.1 steps | Success Rate: 32.0%
2026-04-24 08:55:46,591 - [PROGRESS] - Step 14000 | Avg Reward: 69.21 | Avg Length: 81.9 steps | Success Rate: 36.0%
2026-04-24 08:55:58,176 - [PROGRESS] - Step 16000 | Avg Reward: 71.09 | Avg Length: 86.3 steps | Success Rate: 29.0%
2026-04-24 08:56:09,224 - [PROGRESS] - Step 18000 | Avg Reward: 60.88 | Avg Length: 96.2 steps | Success Rate: 25.0%
2026-04-24 08:56:22,611 - [PROGRESS] - Step 20000 | Avg Reward: 53.73 | Avg Length: 97.5 steps | Success Rate: 23.0%
2026-04-24 08:57:02,679 - [PROGRESS] - Step 22000 | Avg Reward: 38.89 | Avg Length: 101.2 steps | Success Rate: 17.0%
2026-04-24 08:57:15,595 - [PROGRESS] - Step 24000 | Avg Reward: 39.76 | Avg Length: 104.4 steps | Success Rate: 15.0%
2026-04-24 08:57:28,262 - [PROGRESS] - Step 26000 | Avg Reward: 56.81 | Avg Length: 116.8 steps | Success Rate: 13.0%
2026-04-24 08:57:40,959 - [PROGRESS] - Step 28000 | Avg Reward: 72.00 | Avg Length: 122.5 steps | Success Rate: 12.0%
2026-04-24 08:57:53,439 - [PROGRESS] - Step 30000 | Avg Reward: 77.32 | Avg Length: 121.5 steps | Success Rate: 13.0%
2026-04-24 08:58:30,791 - [PROGRESS] - Step 32000 | Avg Reward: 73.29 | Avg Length: 124.7 steps | Success Rate: 12.0%
2026-04-24 08:58:43,865 - [PROGRESS] - Step 34000 | Avg Reward: 86.50 | Avg Length: 126.2 steps | Success Rate: 10.0%
2026-04-24 08:58:56,536 - [PROGRESS] - Step 36000 | Avg Reward: 100.40 | Avg Length: 132.8 steps | Success Rate: 9.0%
2026-04-24 08:59:08,804 - [PROGRESS] - Step 38000 | Avg Reward: 98.31 | Avg Length: 137.1 steps | Success Rate: 8.0%
2026-04-24 08:59:21,487 - [PROGRESS] - Step 40000 | Avg Reward: 87.15 | Avg Length: 140.9 steps | Success Rate: 7.0%
2026-04-24 08:59:59,700 - [PROGRESS] - Step 42000 | Avg Reward: 91.93 | Avg Length: 146.0 steps | Success Rate: 4.0%
2026-04-24 09:00:12,455 - [PROGRESS] - Step 44000 | Avg Reward: 89.72 | Avg Length: 146.6 steps | Success Rate: 3.0%
2026-04-24 09:00:25,065 - [PROGRESS] - Step 46000 | Avg Reward: 99.15 | Avg Length: 149.8 steps | Success Rate: 3.0%
2026-04-24 09:00:37,470 - [PROGRESS] - Step 48000 | Avg Reward: 99.01 | Avg Length: 152.6 steps | Success Rate: 3.0%
2026-04-24 09:00:49,913 - [PROGRESS] - Step 50000 | Avg Reward: 95.50 | Avg Length: 160.0 steps | Success Rate: 3.0%
2026-04-24 09:01:33,960 - [PROGRESS] - Step 52000 | Avg Reward: 99.40 | Avg Length: 157.1 steps | Success Rate: 3.0%
2026-04-24 09:01:46,824 - [PROGRESS] - Step 54000 | Avg Reward: 102.64 | Avg Length: 153.6 steps | Success Rate: 4.0%
2026-04-24 09:01:59,522 - [PROGRESS] - Step 56000 | Avg Reward: 106.82 | Avg Length: 151.1 steps | Success Rate: 6.0%
2026-04-24 09:02:12,541 - [PROGRESS] - Step 58000 | Avg Reward: 99.02 | Avg Length: 137.4 steps | Success Rate: 8.0%
2026-04-24 09:02:25,163 - [PROGRESS] - Step 60000 | Avg Reward: 89.14 | Avg Length: 132.9 steps | Success Rate: 8.0%
2026-04-24 09:03:11,133 - [PROGRESS] - Step 62000 | Avg Reward: 89.98 | Avg Length: 128.9 steps | Success Rate: 9.0%
2026-04-24 09:03:23,803 - [PROGRESS] - Step 64000 | Avg Reward: 88.08 | Avg Length: 126.0 steps | Success Rate: 10.0%
2026-04-24 09:03:36,759 - [PROGRESS] - Step 66000 | Avg Reward: 76.96 | Avg Length: 127.6 steps | Success Rate: 9.0%
2026-04-24 09:03:49,553 - [PROGRESS] - Step 68000 | Avg Reward: 68.16 | Avg Length: 123.0 steps | Success Rate: 10.0%
2026-04-24 09:04:02,245 - [PROGRESS] - Step 70000 | Avg Reward: 78.64 | Avg Length: 125.9 steps | Success Rate: 8.0%
2026-04-24 09:04:49,687 - [PROGRESS] - Step 72000 | Avg Reward: 88.18 | Avg Length: 132.1 steps | Success Rate: 9.0%
2026-04-24 09:05:02,940 - [PROGRESS] - Step 74000 | Avg Reward: 95.08 | Avg Length: 129.4 steps | Success Rate: 10.0%
2026-04-24 09:05:15,898 - [PROGRESS] - Step 76000 | Avg Reward: 103.29 | Avg Length: 125.1 steps | Success Rate: 10.0%
2026-04-24 09:05:28,584 - [PROGRESS] - Step 78000 | Avg Reward: 103.17 | Avg Length: 126.4 steps | Success Rate: 8.0%
2026-04-24 09:05:41,327 - [PROGRESS] - Step 80000 | Avg Reward: 105.28 | Avg Length: 125.8 steps | Success Rate: 10.0%
2026-04-24 09:06:28,330 - [PROGRESS] - Step 82000 | Avg Reward: 102.39 | Avg Length: 124.1 steps | Success Rate: 12.0%
2026-04-24 09:06:41,393 - [PROGRESS] - Step 84000 | Avg Reward: 111.98 | Avg Length: 122.9 steps | Success Rate: 13.0%
2026-04-24 09:06:53,821 - [PROGRESS] - Step 86000 | Avg Reward: 103.49 | Avg Length: 126.2 steps | Success Rate: 13.0%
2026-04-24 09:07:06,223 - [PROGRESS] - Step 88000 | Avg Reward: 122.38 | Avg Length: 129.7 steps | Success Rate: 12.0%
2026-04-24 09:07:19,081 - [PROGRESS] - Step 90000 | Avg Reward: 129.24 | Avg Length: 134.7 steps | Success Rate: 10.0%
2026-04-24 09:08:06,325 - [PROGRESS] - Step 92000 | Avg Reward: 144.09 | Avg Length: 139.1 steps | Success Rate: 11.0%
2026-04-24 09:08:19,296 - [PROGRESS] - Step 94000 | Avg Reward: 157.76 | Avg Length: 140.5 steps | Success Rate: 9.0%
2026-04-24 09:08:32,296 - [PROGRESS] - Step 96000 | Avg Reward: 162.18 | Avg Length: 140.8 steps | Success Rate: 6.0%
2026-04-24 09:08:45,044 - [PROGRESS] - Step 98000 | Avg Reward: 159.07 | Avg Length: 138.6 steps | Success Rate: 6.0%
2026-04-24 09:08:58,092 - [PROGRESS] - Step 100000 | Avg Reward: 159.16 | Avg Length: 136.6 steps | Success Rate: 7.0%
2026-04-24 09:09:44,626 - [PROGRESS] - Step 102000 | Avg Reward: 146.74 | Avg Length: 131.9 steps | Success Rate: 9.0%
2026-04-24 09:09:57,885 - [PROGRESS] - Step 104000 | Avg Reward: 131.01 | Avg Length: 125.1 steps | Success Rate: 10.0%
2026-04-24 09:10:10,513 - [PROGRESS] - Step 106000 | Avg Reward: 114.78 | Avg Length: 124.5 steps | Success Rate: 11.0%
2026-04-24 09:10:23,418 - [PROGRESS] - Step 108000 | Avg Reward: 110.96 | Avg Length: 125.0 steps | Success Rate: 10.0%
2026-04-24 09:10:36,753 - [PROGRESS] - Step 110000 | Avg Reward: 113.14 | Avg Length: 126.7 steps | Success Rate: 11.0%
2026-04-24 09:11:23,503 - [PROGRESS] - Step 112000 | Avg Reward: 121.00 | Avg Length: 129.6 steps | Success Rate: 10.0%
2026-04-24 09:11:36,243 - [PROGRESS] - Step 114000 | Avg Reward: 120.77 | Avg Length: 132.7 steps | Success Rate: 12.0%
2026-04-24 09:11:48,956 - [PROGRESS] - Step 116000 | Avg Reward: 122.18 | Avg Length: 135.9 steps | Success Rate: 9.0%
2026-04-24 09:12:01,444 - [PROGRESS] - Step 118000 | Avg Reward: 137.26 | Avg Length: 142.4 steps | Success Rate: 9.0%
2026-04-24 09:12:14,131 - [PROGRESS] - Step 120000 | Avg Reward: 148.25 | Avg Length: 142.6 steps | Success Rate: 9.0%
2026-04-24 09:13:03,703 - [PROGRESS] - Step 122000 | Avg Reward: 155.33 | Avg Length: 144.7 steps | Success Rate: 9.0%
2026-04-24 09:13:16,680 - [PROGRESS] - Step 124000 | Avg Reward: 153.74 | Avg Length: 146.8 steps | Success Rate: 7.0%
2026-04-24 09:13:29,063 - [PROGRESS] - Step 126000 | Avg Reward: 157.00 | Avg Length: 150.1 steps | Success Rate: 8.0%
2026-04-24 09:13:41,766 - [PROGRESS] - Step 128000 | Avg Reward: 169.93 | Avg Length: 151.9 steps | Success Rate: 6.0%
2026-04-24 09:13:54,892 - [PROGRESS] - Step 130000 | Avg Reward: 164.98 | Avg Length: 148.9 steps | Success Rate: 5.0%
2026-04-24 09:14:41,565 - [PROGRESS] - Step 132000 | Avg Reward: 174.53 | Avg Length: 150.6 steps | Success Rate: 5.0%
2026-04-24 09:14:54,461 - [PROGRESS] - Step 134000 | Avg Reward: 161.40 | Avg Length: 150.6 steps | Success Rate: 4.0%
2026-04-24 09:15:07,317 - [PROGRESS] - Step 136000 | Avg Reward: 167.68 | Avg Length: 150.4 steps | Success Rate: 3.0%
2026-04-24 09:15:19,895 - [PROGRESS] - Step 138000 | Avg Reward: 164.13 | Avg Length: 153.5 steps | Success Rate: 3.0%
2026-04-24 09:15:32,506 - [PROGRESS] - Step 140000 | Avg Reward: 155.36 | Avg Length: 155.4 steps | Success Rate: 1.0%
2026-04-24 09:16:20,318 - [PROGRESS] - Step 142000 | Avg Reward: 157.27 | Avg Length: 149.0 steps | Success Rate: 2.0%
2026-04-24 09:16:33,551 - [PROGRESS] - Step 144000 | Avg Reward: 150.78 | Avg Length: 148.9 steps | Success Rate: 2.0%
2026-04-24 09:16:46,282 - [PROGRESS] - Step 146000 | Avg Reward: 151.82 | Avg Length: 151.8 steps | Success Rate: 1.0%
2026-04-24 09:16:58,997 - [PROGRESS] - Step 148000 | Avg Reward: 154.91 | Avg Length: 150.0 steps | Success Rate: 1.0%
2026-04-24 09:17:11,788 - [PROGRESS] - Step 150000 | Avg Reward: 148.77 | Avg Length: 141.5 steps | Success Rate: 4.0%
2026-04-24 09:18:01,331 - [PROGRESS] - Step 152000 | Avg Reward: 147.95 | Avg Length: 140.1 steps | Success Rate: 4.0%
2026-04-24 09:18:14,464 - [PROGRESS] - Step 154000 | Avg Reward: 140.67 | Avg Length: 133.2 steps | Success Rate: 4.0%
2026-04-24 09:18:27,575 - [PROGRESS] - Step 156000 | Avg Reward: 128.36 | Avg Length: 132.7 steps | Success Rate: 5.0%
2026-04-24 09:18:40,187 - [PROGRESS] - Step 158000 | Avg Reward: 116.11 | Avg Length: 129.4 steps | Success Rate: 5.0%
2026-04-24 09:18:52,816 - [PROGRESS] - Step 160000 | Avg Reward: 102.33 | Avg Length: 127.6 steps | Success Rate: 5.0%
2026-04-24 09:19:43,419 - [PROGRESS] - Step 162000 | Avg Reward: 107.52 | Avg Length: 124.6 steps | Success Rate: 7.0%
2026-04-24 09:19:56,544 - [PROGRESS] - Step 164000 | Avg Reward: 108.12 | Avg Length: 126.1 steps | Success Rate: 6.0%
2026-04-24 09:20:09,381 - [PROGRESS] - Step 166000 | Avg Reward: 121.48 | Avg Length: 129.8 steps | Success Rate: 8.0%
2026-04-24 09:20:22,946 - [PROGRESS] - Step 168000 | Avg Reward: 115.79 | Avg Length: 119.5 steps | Success Rate: 9.0%
2026-04-24 09:20:35,979 - [PROGRESS] - Step 170000 | Avg Reward: 130.51 | Avg Length: 121.2 steps | Success Rate: 9.0%
2026-04-24 09:21:30,286 - [PROGRESS] - Step 172000 | Avg Reward: 127.65 | Avg Length: 117.8 steps | Success Rate: 10.0%
2026-04-24 09:21:43,305 - [PROGRESS] - Step 174000 | Avg Reward: 126.79 | Avg Length: 122.6 steps | Success Rate: 9.0%
2026-04-24 09:21:56,763 - [PROGRESS] - Step 176000 | Avg Reward: 117.82 | Avg Length: 116.7 steps | Success Rate: 7.0%
2026-04-24 09:22:10,062 - [PROGRESS] - Step 178000 | Avg Reward: 99.01 | Avg Length: 113.7 steps | Success Rate: 4.0%
2026-04-24 09:22:23,008 - [PROGRESS] - Step 180000 | Avg Reward: 110.99 | Avg Length: 117.2 steps | Success Rate: 3.0%
2026-04-24 09:23:12,418 - [PROGRESS] - Step 182000 | Avg Reward: 108.30 | Avg Length: 115.6 steps | Success Rate: 5.0%
2026-04-24 09:23:25,354 - [PROGRESS] - Step 184000 | Avg Reward: 98.33 | Avg Length: 114.0 steps | Success Rate: 5.0%
2026-04-24 09:23:37,791 - [PROGRESS] - Step 186000 | Avg Reward: 111.62 | Avg Length: 119.0 steps | Success Rate: 4.0%
2026-04-24 09:23:51,409 - [PROGRESS] - Step 188000 | Avg Reward: 117.01 | Avg Length: 115.3 steps | Success Rate: 9.0%
2026-04-24 09:24:04,478 - [PROGRESS] - Step 190000 | Avg Reward: 117.75 | Avg Length: 121.6 steps | Success Rate: 9.0%
2026-04-24 09:24:52,538 - [PROGRESS] - Step 192000 | Avg Reward: 111.37 | Avg Length: 123.2 steps | Success Rate: 11.0%
2026-04-24 09:25:06,162 - [PROGRESS] - Step 194000 | Avg Reward: 89.15 | Avg Length: 114.5 steps | Success Rate: 10.0%
2026-04-24 09:25:19,078 - [PROGRESS] - Step 196000 | Avg Reward: 96.68 | Avg Length: 111.8 steps | Success Rate: 11.0%
2026-04-24 09:25:33,554 - [PROGRESS] - Step 198000 | Avg Reward: 83.61 | Avg Length: 103.2 steps | Success Rate: 8.0%
2026-04-24 09:25:47,298 - [PROGRESS] - Step 200000 | Avg Reward: 84.32 | Avg Length: 98.0 steps | Success Rate: 9.0%
2026-04-24 09:26:38,261 - [PROGRESS] - Step 202000 | Avg Reward: 80.73 | Avg Length: 98.0 steps | Success Rate: 9.0%
2026-04-24 09:26:51,413 - [PROGRESS] - Step 204000 | Avg Reward: 94.30 | Avg Length: 101.6 steps | Success Rate: 11.0%
2026-04-24 09:27:04,444 - [PROGRESS] - Step 206000 | Avg Reward: 108.18 | Avg Length: 103.7 steps | Success Rate: 13.0%
2026-04-24 09:27:17,645 - [PROGRESS] - Step 208000 | Avg Reward: 97.54 | Avg Length: 104.3 steps | Success Rate: 13.0%
2026-04-24 09:27:30,899 - [PROGRESS] - Step 210000 | Avg Reward: 112.05 | Avg Length: 111.1 steps | Success Rate: 11.0%
2026-04-24 09:28:17,263 - [PROGRESS] - Step 212000 | Avg Reward: 120.29 | Avg Length: 108.6 steps | Success Rate: 11.0%
2026-04-24 09:28:30,259 - [PROGRESS] - Step 214000 | Avg Reward: 137.20 | Avg Length: 115.3 steps | Success Rate: 9.0%
2026-04-24 09:28:43,352 - [PROGRESS] - Step 216000 | Avg Reward: 135.20 | Avg Length: 116.4 steps | Success Rate: 6.0%
2026-04-24 09:28:56,561 - [PROGRESS] - Step 218000 | Avg Reward: 129.56 | Avg Length: 117.5 steps | Success Rate: 4.0%
2026-04-24 09:29:09,696 - [PROGRESS] - Step 220000 | Avg Reward: 132.06 | Avg Length: 119.4 steps | Success Rate: 4.0%
2026-04-24 09:29:53,480 - [PROGRESS] - Step 222000 | Avg Reward: 130.14 | Avg Length: 116.3 steps | Success Rate: 6.0%
2026-04-24 09:30:07,105 - [PROGRESS] - Step 224000 | Avg Reward: 136.70 | Avg Length: 118.4 steps | Success Rate: 8.0%
2026-04-24 09:30:20,209 - [PROGRESS] - Step 226000 | Avg Reward: 130.84 | Avg Length: 112.2 steps | Success Rate: 9.0%
2026-04-24 09:30:33,710 - [PROGRESS] - Step 228000 | Avg Reward: 126.01 | Avg Length: 102.5 steps | Success Rate: 11.0%
2026-04-24 09:30:47,399 - [PROGRESS] - Step 230000 | Avg Reward: 113.83 | Avg Length: 94.5 steps | Success Rate: 14.0%
2026-04-24 09:31:32,638 - [PROGRESS] - Step 232000 | Avg Reward: 113.72 | Avg Length: 93.7 steps | Success Rate: 13.0%
2026-04-24 09:31:46,712 - [PROGRESS] - Step 234000 | Avg Reward: 118.61 | Avg Length: 95.3 steps | Success Rate: 12.0%
2026-04-24 09:32:00,074 - [PROGRESS] - Step 236000 | Avg Reward: 121.12 | Avg Length: 93.5 steps | Success Rate: 11.0%
2026-04-24 09:32:12,891 - [PROGRESS] - Step 238000 | Avg Reward: 141.88 | Avg Length: 105.5 steps | Success Rate: 11.0%
2026-04-24 09:32:25,877 - [PROGRESS] - Step 240000 | Avg Reward: 141.08 | Avg Length: 106.2 steps | Success Rate: 9.0%
2026-04-24 09:33:12,875 - [PROGRESS] - Step 242000 | Avg Reward: 152.48 | Avg Length: 115.0 steps | Success Rate: 6.0%
2026-04-24 09:33:26,407 - [PROGRESS] - Step 244000 | Avg Reward: 153.12 | Avg Length: 113.4 steps | Success Rate: 9.0%
2026-04-24 09:33:39,547 - [PROGRESS] - Step 246000 | Avg Reward: 157.43 | Avg Length: 112.8 steps | Success Rate: 11.0%
2026-04-24 09:33:52,843 - [PROGRESS] - Step 248000 | Avg Reward: 158.43 | Avg Length: 108.3 steps | Success Rate: 11.0%
2026-04-24 09:34:06,779 - [PROGRESS] - Step 250000 | Avg Reward: 131.26 | Avg Length: 91.4 steps | Success Rate: 15.0%
2026-04-24 09:34:54,051 - [PROGRESS] - Step 252000 | Avg Reward: 135.60 | Avg Length: 93.5 steps | Success Rate: 14.0%
2026-04-24 09:35:06,905 - [PROGRESS] - Step 254000 | Avg Reward: 138.78 | Avg Length: 98.5 steps | Success Rate: 12.0%
2026-04-24 09:35:20,681 - [PROGRESS] - Step 256000 | Avg Reward: 124.24 | Avg Length: 93.8 steps | Success Rate: 8.0%
2026-04-24 09:35:34,547 - [PROGRESS] - Step 258000 | Avg Reward: 120.74 | Avg Length: 95.2 steps | Success Rate: 7.0%
2026-04-24 09:35:48,507 - [PROGRESS] - Step 260000 | Avg Reward: 112.04 | Avg Length: 92.2 steps | Success Rate: 8.0%
2026-04-24 09:36:39,771 - [PROGRESS] - Step 262000 | Avg Reward: 102.82 | Avg Length: 86.0 steps | Success Rate: 11.0%
2026-04-24 09:36:53,791 - [PROGRESS] - Step 264000 | Avg Reward: 95.87 | Avg Length: 81.5 steps | Success Rate: 14.0%
2026-04-24 09:37:06,622 - [PROGRESS] - Step 266000 | Avg Reward: 111.01 | Avg Length: 88.9 steps | Success Rate: 14.0%
2026-04-24 09:37:20,026 - [PROGRESS] - Step 268000 | Avg Reward: 136.52 | Avg Length: 99.0 steps | Success Rate: 10.0%
2026-04-24 09:37:34,156 - [PROGRESS] - Step 270000 | Avg Reward: 122.82 | Avg Length: 90.7 steps | Success Rate: 7.0%
2026-04-24 09:38:11,558 - [PROGRESS] - *** NEW BEST EVAL (ASCEND) *** | Success: 2.0% -> saved to ./checkpoints/dense_refinement_20260424_085339/best_model_ascend.zip
2026-04-24 09:38:24,820 - [PROGRESS] - Step 272000 | Avg Reward: 123.45 | Avg Length: 87.8 steps | Success Rate: 6.0%
2026-04-24 09:38:38,691 - [PROGRESS] - Step 274000 | Avg Reward: 112.78 | Avg Length: 82.8 steps | Success Rate: 6.0%
2026-04-24 09:38:52,180 - [PROGRESS] - Step 276000 | Avg Reward: 105.36 | Avg Length: 77.5 steps | Success Rate: 9.0%
2026-04-24 09:39:05,482 - [PROGRESS] - Step 278000 | Avg Reward: 116.55 | Avg Length: 83.4 steps | Success Rate: 12.0%
2026-04-24 09:39:19,053 - [PROGRESS] - Step 280000 | Avg Reward: 136.88 | Avg Length: 90.1 steps | Success Rate: 13.0%
2026-04-24 09:40:08,994 - [PROGRESS] - Step 282000 | Avg Reward: 133.93 | Avg Length: 89.3 steps | Success Rate: 16.0%
2026-04-24 09:40:22,031 - [PROGRESS] - Step 284000 | Avg Reward: 140.65 | Avg Length: 93.7 steps | Success Rate: 16.0%
2026-04-24 09:40:34,841 - [PROGRESS] - Step 286000 | Avg Reward: 160.66 | Avg Length: 103.4 steps | Success Rate: 15.0%
2026-04-24 09:40:48,468 - [PROGRESS] - Step 288000 | Avg Reward: 158.24 | Avg Length: 102.1 steps | Success Rate: 14.0%
2026-04-24 09:41:01,865 - [PROGRESS] - Step 290000 | Avg Reward: 148.87 | Avg Length: 99.4 steps | Success Rate: 12.0%
2026-04-24 09:41:54,233 - [PROGRESS] - Step 292000 | Avg Reward: 155.88 | Avg Length: 100.5 steps | Success Rate: 12.0%
2026-04-24 09:42:08,427 - [PROGRESS] - Step 294000 | Avg Reward: 126.95 | Avg Length: 83.2 steps | Success Rate: 13.0%
2026-04-24 09:42:22,262 - [PROGRESS] - Step 296000 | Avg Reward: 135.65 | Avg Length: 85.4 steps | Success Rate: 13.0%
2026-04-24 09:42:36,403 - [PROGRESS] - Step 298000 | Avg Reward: 123.57 | Avg Length: 77.8 steps | Success Rate: 17.0%
2026-04-24 09:42:49,630 - [PROGRESS] - Step 300000 | Avg Reward: 124.20 | Avg Length: 80.5 steps | Success Rate: 18.0%
2026-04-24 09:43:28,734 - [PROGRESS] - Training complete! Final model saved to chess_fetch_dense_20260424_085339.zip
2026-04-24 12:59:03,343 - [PROGRESS] - Starting training run: dense_refinement_20260424_125903 with 4 parallel environments from chess_fetch_dense_v3_ready.zip.
2026-04-24 12:59:06,522 - [PROGRESS] - Using SubprocVecEnv with 4 environments.
2026-04-24 12:59:06,925 - [PROGRESS] - Loading base weights from chess_fetch_dense_v3_ready.zip
2026-04-24 12:59:08,107 - [PROGRESS] - Beginning 500000 steps of training...
2026-04-24 12:59:14,937 - [PROGRESS] - Step 2000 | Avg Reward: -25.32 | Avg Length: 21.0 steps | Success Rate: 0.0%
2026-04-24 12:59:27,920 - [PROGRESS] - Step 4000 | Avg Reward: -23.43 | Avg Length: 36.1 steps | Success Rate: 5.0%
2026-04-24 12:59:41,379 - [PROGRESS] - Step 6000 | Avg Reward: -20.08 | Avg Length: 55.1 steps | Success Rate: 12.0%
2026-04-24 12:59:53,592 - [PROGRESS] - Step 8000 | Avg Reward: -19.20 | Avg Length: 69.5 steps | Success Rate: 12.0%
2026-04-24 13:00:06,399 - [PROGRESS] - Step 10000 | Avg Reward: -18.86 | Avg Length: 85.7 steps | Success Rate: 13.0%
2026-04-24 13:00:30,654 - [PROGRESS] - *** NEW BEST EVAL (TRANSIT) *** | Success: 0.0% -> saved to ./checkpoints/dense_refinement_20260424_125903/best_model_transit.zip
2026-04-24 13:00:41,060 - [PROGRESS] - *** NEW BEST EVAL (DESCEND) *** | Success: 48.0% -> saved to ./checkpoints/dense_refinement_20260424_125903/best_model_descend.zip
2026-04-24 13:00:47,670 - [PROGRESS] - *** NEW BEST EVAL (ASCEND) *** | Success: 0.0% -> saved to ./checkpoints/dense_refinement_20260424_125903/best_model_ascend.zip
2026-04-24 13:01:02,492 - [PROGRESS] - Step 12000 | Avg Reward: -15.23 | Avg Length: 98.3 steps | Success Rate: 19.0%
2026-04-24 13:01:15,216 - [PROGRESS] - Step 14000 | Avg Reward: -14.81 | Avg Length: 97.2 steps | Success Rate: 17.0%
2026-04-24 13:01:28,189 - [PROGRESS] - Step 16000 | Avg Reward: -16.14 | Avg Length: 96.5 steps | Success Rate: 12.0%
2026-04-24 13:01:41,588 - [PROGRESS] - Step 18000 | Avg Reward: -16.26 | Avg Length: 85.0 steps | Success Rate: 14.0%
2026-04-24 13:01:55,016 - [PROGRESS] - Step 20000 | Avg Reward: -17.19 | Avg Length: 88.6 steps | Success Rate: 9.0%
2026-04-24 13:02:50,038 - [PROGRESS] - Step 22000 | Avg Reward: -18.33 | Avg Length: 85.4 steps | Success Rate: 7.0%
2026-04-24 13:03:03,182 - [PROGRESS] - Step 24000 | Avg Reward: -18.47 | Avg Length: 82.1 steps | Success Rate: 6.0%
2026-04-24 13:03:15,868 - [PROGRESS] - Step 26000 | Avg Reward: -18.26 | Avg Length: 84.4 steps | Success Rate: 5.0%
2026-04-24 13:03:28,976 - [PROGRESS] - Step 28000 | Avg Reward: -18.60 | Avg Length: 91.1 steps | Success Rate: 4.0%
2026-04-24 13:03:41,479 - [PROGRESS] - Step 30000 | Avg Reward: -17.42 | Avg Length: 95.1 steps | Success Rate: 8.0%
2026-04-24 13:04:41,741 - [PROGRESS] - Step 32000 | Avg Reward: -17.48 | Avg Length: 102.4 steps | Success Rate: 8.0%
2026-04-24 13:04:53,881 - [PROGRESS] - Step 34000 | Avg Reward: -17.88 | Avg Length: 110.3 steps | Success Rate: 6.0%
2026-04-24 13:05:06,601 - [PROGRESS] - Step 36000 | Avg Reward: -18.06 | Avg Length: 117.2 steps | Success Rate: 6.0%
2026-04-24 13:05:18,513 - [PROGRESS] - Step 38000 | Avg Reward: -17.17 | Avg Length: 122.5 steps | Success Rate: 6.0%
2026-04-24 13:05:31,225 - [PROGRESS] - Step 40000 | Avg Reward: -17.19 | Avg Length: 121.2 steps | Success Rate: 6.0%
2026-04-24 13:05:55,515 - [PROGRESS] - *** NEW BEST EVAL (TRANSIT) *** | Success: 10.0% -> saved to ./checkpoints/dense_refinement_20260424_125903/best_model_transit.zip
2026-04-24 13:06:30,713 - [PROGRESS] - Step 42000 | Avg Reward: -18.26 | Avg Length: 120.0 steps | Success Rate: 3.0%
2026-04-24 13:06:42,930 - [PROGRESS] - Step 44000 | Avg Reward: -18.27 | Avg Length: 116.5 steps | Success Rate: 3.0%
2026-04-24 13:06:55,061 - [PROGRESS] - Step 46000 | Avg Reward: -17.21 | Avg Length: 117.4 steps | Success Rate: 5.0%
2026-04-24 13:07:07,758 - [PROGRESS] - Step 48000 | Avg Reward: -17.86 | Avg Length: 121.2 steps | Success Rate: 5.0%
2026-04-24 13:07:19,909 - [PROGRESS] - Step 50000 | Avg Reward: -17.53 | Avg Length: 122.8 steps | Success Rate: 5.0%
2026-04-24 13:08:27,967 - [PROGRESS] - Step 52000 | Avg Reward: -16.89 | Avg Length: 122.7 steps | Success Rate: 6.0%
2026-04-24 13:08:40,421 - [PROGRESS] - Step 54000 | Avg Reward: -16.26 | Avg Length: 126.9 steps | Success Rate: 4.0%
2026-04-24 13:08:52,791 - [PROGRESS] - Step 56000 | Avg Reward: -16.08 | Avg Length: 127.0 steps | Success Rate: 5.0%
2026-04-24 13:09:05,035 - [PROGRESS] - Step 58000 | Avg Reward: -15.69 | Avg Length: 125.2 steps | Success Rate: 4.0%
2026-04-24 13:09:17,378 - [PROGRESS] - Step 60000 | Avg Reward: -15.78 | Avg Length: 127.8 steps | Success Rate: 3.0%
2026-04-24 13:10:22,230 - [PROGRESS] - Step 62000 | Avg Reward: -15.57 | Avg Length: 120.5 steps | Success Rate: 4.0%
2026-04-24 13:10:35,531 - [PROGRESS] - Step 64000 | Avg Reward: -15.32 | Avg Length: 117.9 steps | Success Rate: 4.0%
2026-04-24 13:10:48,053 - [PROGRESS] - Step 66000 | Avg Reward: -15.50 | Avg Length: 117.8 steps | Success Rate: 4.0%
2026-04-24 13:11:00,274 - [PROGRESS] - Step 68000 | Avg Reward: -15.53 | Avg Length: 121.0 steps | Success Rate: 4.0%
2026-04-24 13:11:13,145 - [PROGRESS] - Step 70000 | Avg Reward: -15.53 | Avg Length: 118.6 steps | Success Rate: 4.0%
2026-04-24 13:12:16,321 - [PROGRESS] - Step 72000 | Avg Reward: -15.68 | Avg Length: 107.6 steps | Success Rate: 5.0%
2026-04-24 13:12:29,137 - [PROGRESS] - Step 74000 | Avg Reward: -16.08 | Avg Length: 110.0 steps | Success Rate: 4.0%
2026-04-24 13:12:43,002 - [PROGRESS] - Step 76000 | Avg Reward: -16.08 | Avg Length: 98.7 steps | Success Rate: 7.0%
2026-04-24 13:12:55,808 - [PROGRESS] - Step 78000 | Avg Reward: -16.66 | Avg Length: 95.8 steps | Success Rate: 6.0%
2026-04-24 13:13:08,574 - [PROGRESS] - Step 80000 | Avg Reward: -17.21 | Avg Length: 97.0 steps | Success Rate: 6.0%
2026-04-24 13:14:09,689 - [PROGRESS] - Step 82000 | Avg Reward: -16.79 | Avg Length: 103.2 steps | Success Rate: 5.0%
2026-04-24 13:14:22,266 - [PROGRESS] - Step 84000 | Avg Reward: -15.91 | Avg Length: 103.8 steps | Success Rate: 6.0%
2026-04-24 13:14:35,925 - [PROGRESS] - Step 86000 | Avg Reward: -14.67 | Avg Length: 104.1 steps | Success Rate: 9.0%
2026-04-24 13:14:48,524 - [PROGRESS] - Step 88000 | Avg Reward: -14.67 | Avg Length: 105.2 steps | Success Rate: 8.0%
2026-04-24 13:15:01,260 - [PROGRESS] - Step 90000 | Avg Reward: -14.67 | Avg Length: 108.2 steps | Success Rate: 8.0%
2026-04-24 13:16:06,435 - [PROGRESS] - Step 92000 | Avg Reward: -13.59 | Avg Length: 102.7 steps | Success Rate: 11.0%
2026-04-24 13:16:19,290 - [PROGRESS] - Step 94000 | Avg Reward: -13.53 | Avg Length: 102.7 steps | Success Rate: 12.0%
2026-04-24 13:16:32,495 - [PROGRESS] - Step 96000 | Avg Reward: -13.50 | Avg Length: 109.1 steps | Success Rate: 10.0%
2026-04-24 13:16:45,326 - [PROGRESS] - Step 98000 | Avg Reward: -14.31 | Avg Length: 115.3 steps | Success Rate: 9.0%
2026-04-24 13:16:57,916 - [PROGRESS] - Step 100000 | Avg Reward: -13.81 | Avg Length: 116.2 steps | Success Rate: 10.0%
2026-04-24 13:18:01,389 - [PROGRESS] - Step 102000 | Avg Reward: -12.68 | Avg Length: 117.3 steps | Success Rate: 10.0%
2026-04-24 13:18:13,909 - [PROGRESS] - Step 104000 | Avg Reward: -13.22 | Avg Length: 120.8 steps | Success Rate: 8.0%
2026-04-24 13:18:25,889 - [PROGRESS] - Step 106000 | Avg Reward: -12.75 | Avg Length: 127.3 steps | Success Rate: 7.0%
2026-04-24 13:18:38,241 - [PROGRESS] - Step 108000 | Avg Reward: -12.92 | Avg Length: 130.8 steps | Success Rate: 7.0%
2026-04-24 13:18:50,684 - [PROGRESS] - Step 110000 | Avg Reward: -12.56 | Avg Length: 128.4 steps | Success Rate: 7.0%
2026-04-24 13:19:51,901 - [PROGRESS] - Step 112000 | Avg Reward: -12.65 | Avg Length: 124.5 steps | Success Rate: 8.0%
2026-04-24 13:20:05,064 - [PROGRESS] - Step 114000 | Avg Reward: -13.25 | Avg Length: 119.8 steps | Success Rate: 8.0%
2026-04-24 13:20:18,356 - [PROGRESS] - Step 116000 | Avg Reward: -13.13 | Avg Length: 120.0 steps | Success Rate: 8.0%
2026-04-24 13:20:32,841 - [PROGRESS] - Step 118000 | Avg Reward: -14.36 | Avg Length: 100.9 steps | Success Rate: 7.0%
2026-04-24 13:20:46,553 - [PROGRESS] - Step 120000 | Avg Reward: -15.13 | Avg Length: 97.2 steps | Success Rate: 6.0%
2026-04-24 13:21:54,043 - [PROGRESS] - Step 122000 | Avg Reward: -15.00 | Avg Length: 95.2 steps | Success Rate: 4.0%
2026-04-24 13:22:07,385 - [PROGRESS] - Step 124000 | Avg Reward: -14.88 | Avg Length: 87.5 steps | Success Rate: 4.0%
2026-04-24 13:22:20,287 - [PROGRESS] - Step 126000 | Avg Reward: -14.34 | Avg Length: 95.7 steps | Success Rate: 4.0%
2026-04-24 13:22:33,050 - [PROGRESS] - Step 128000 | Avg Reward: -14.02 | Avg Length: 97.8 steps | Success Rate: 4.0%
2026-04-24 13:22:46,507 - [PROGRESS] - Step 130000 | Avg Reward: -13.87 | Avg Length: 91.5 steps | Success Rate: 5.0%
2026-04-24 13:23:09,348 - [PROGRESS] - *** NEW BEST EVAL (TRANSIT) *** | Success: 16.0% -> saved to ./checkpoints/dense_refinement_20260424_125903/best_model_transit.zip
2026-04-24 13:23:40,907 - [PROGRESS] - Step 132000 | Avg Reward: -12.97 | Avg Length: 93.3 steps | Success Rate: 6.0%
2026-04-24 13:23:54,548 - [PROGRESS] - Step 134000 | Avg Reward: -13.05 | Avg Length: 79.8 steps | Success Rate: 8.0%
2026-04-24 13:24:07,501 - [PROGRESS] - Step 136000 | Avg Reward: -12.97 | Avg Length: 78.4 steps | Success Rate: 8.0%
2026-04-24 13:24:20,215 - [PROGRESS] - Step 138000 | Avg Reward: -12.53 | Avg Length: 87.1 steps | Success Rate: 8.0%
2026-04-24 13:24:32,967 - [PROGRESS] - Step 140000 | Avg Reward: -12.83 | Avg Length: 96.4 steps | Success Rate: 4.0%
2026-04-24 13:25:34,291 - [PROGRESS] - Step 142000 | Avg Reward: -11.74 | Avg Length: 103.5 steps | Success Rate: 5.0%
2026-04-24 13:25:47,424 - [PROGRESS] - Step 144000 | Avg Reward: -11.08 | Avg Length: 110.7 steps | Success Rate: 6.0%
2026-04-24 13:26:01,270 - [PROGRESS] - Step 146000 | Avg Reward: -10.70 | Avg Length: 108.8 steps | Success Rate: 7.0%
2026-04-24 13:26:14,531 - [PROGRESS] - Step 148000 | Avg Reward: -10.20 | Avg Length: 104.0 steps | Success Rate: 10.0%
2026-04-24 13:26:27,580 - [PROGRESS] - Step 150000 | Avg Reward: -9.59 | Avg Length: 104.4 steps | Success Rate: 12.0%
2026-04-24 13:27:37,544 - [PROGRESS] - Step 152000 | Avg Reward: -9.79 | Avg Length: 97.7 steps | Success Rate: 14.0%
2026-04-24 13:27:50,725 - [PROGRESS] - Step 154000 | Avg Reward: -9.60 | Avg Length: 90.2 steps | Success Rate: 15.0%
2026-04-24 13:28:03,005 - [PROGRESS] - Step 156000 | Avg Reward: -10.20 | Avg Length: 98.7 steps | Success Rate: 12.0%
2026-04-24 13:28:16,280 - [PROGRESS] - Step 158000 | Avg Reward: -10.01 | Avg Length: 95.2 steps | Success Rate: 12.0%
2026-04-24 13:28:29,283 - [PROGRESS] - Step 160000 | Avg Reward: -10.41 | Avg Length: 95.1 steps | Success Rate: 10.0%
2026-04-24 13:29:34,754 - [PROGRESS] - Step 162000 | Avg Reward: -8.44 | Avg Length: 96.0 steps | Success Rate: 18.0%
2026-04-24 13:29:48,014 - [PROGRESS] - Step 164000 | Avg Reward: -8.61 | Avg Length: 96.0 steps | Success Rate: 19.0%
2026-04-24 13:30:01,067 - [PROGRESS] - Step 166000 | Avg Reward: -8.35 | Avg Length: 94.9 steps | Success Rate: 21.0%
2026-04-24 13:30:13,733 - [PROGRESS] - Step 168000 | Avg Reward: -8.02 | Avg Length: 93.4 steps | Success Rate: 24.0%
2026-04-24 13:30:26,438 - [PROGRESS] - Step 170000 | Avg Reward: -9.04 | Avg Length: 94.5 steps | Success Rate: 21.0%
2026-04-24 13:31:35,661 - [PROGRESS] - Step 172000 | Avg Reward: -9.86 | Avg Length: 85.6 steps | Success Rate: 20.0%
2026-04-24 13:31:48,504 - [PROGRESS] - Step 174000 | Avg Reward: -9.55 | Avg Length: 90.8 steps | Success Rate: 20.0%
2026-04-24 13:32:01,067 - [PROGRESS] - Step 176000 | Avg Reward: -10.20 | Avg Length: 95.0 steps | Success Rate: 20.0%
2026-04-24 13:32:14,228 - [PROGRESS] - Step 178000 | Avg Reward: -10.24 | Avg Length: 94.9 steps | Success Rate: 20.0%
2026-04-24 13:32:27,686 - [PROGRESS] - Step 180000 | Avg Reward: -10.23 | Avg Length: 98.4 steps | Success Rate: 19.0%
2026-04-24 13:32:44,822 - [PROGRESS] - *** NEW BEST EVAL (TRANSIT) *** | Success: 42.0% -> saved to ./checkpoints/dense_refinement_20260424_125903/best_model_transit.zip
2026-04-24 13:33:27,204 - [PROGRESS] - Step 182000 | Avg Reward: -9.85 | Avg Length: 108.0 steps | Success Rate: 17.0%
2026-04-24 13:33:41,267 - [PROGRESS] - Step 184000 | Avg Reward: -10.27 | Avg Length: 97.8 steps | Success Rate: 18.0%
2026-04-24 13:33:55,094 - [PROGRESS] - Step 186000 | Avg Reward: -9.76 | Avg Length: 90.6 steps | Success Rate: 19.0%
2026-04-24 13:34:08,005 - [PROGRESS] - Step 188000 | Avg Reward: -9.47 | Avg Length: 89.6 steps | Success Rate: 21.0%
2026-04-24 13:34:20,386 - [PROGRESS] - Step 190000 | Avg Reward: -9.15 | Avg Length: 93.3 steps | Success Rate: 21.0%
2026-04-24 13:35:32,170 - [PROGRESS] - Step 192000 | Avg Reward: -10.49 | Avg Length: 97.2 steps | Success Rate: 18.0%
2026-04-24 13:35:45,273 - [PROGRESS] - Step 194000 | Avg Reward: -10.59 | Avg Length: 106.4 steps | Success Rate: 16.0%
2026-04-24 13:35:58,410 - [PROGRESS] - Step 196000 | Avg Reward: -11.33 | Avg Length: 107.3 steps | Success Rate: 13.0%
2026-04-24 13:36:11,222 - [PROGRESS] - Step 198000 | Avg Reward: -12.11 | Avg Length: 106.4 steps | Success Rate: 10.0%
2026-04-24 13:36:24,394 - [PROGRESS] - Step 200000 | Avg Reward: -11.77 | Avg Length: 105.7 steps | Success Rate: 9.0%
2026-04-24 13:37:38,518 - [PROGRESS] - Step 202000 | Avg Reward: -11.91 | Avg Length: 99.4 steps | Success Rate: 10.0%
2026-04-24 13:37:50,853 - [PROGRESS] - Step 204000 | Avg Reward: -12.62 | Avg Length: 99.5 steps | Success Rate: 8.0%
2026-04-24 13:38:03,965 - [PROGRESS] - Step 206000 | Avg Reward: -12.97 | Avg Length: 101.3 steps | Success Rate: 8.0%
2026-04-24 13:38:16,522 - [PROGRESS] - Step 208000 | Avg Reward: -12.41 | Avg Length: 103.9 steps | Success Rate: 10.0%
2026-04-24 13:38:29,172 - [PROGRESS] - Step 210000 | Avg Reward: -13.47 | Avg Length: 107.3 steps | Success Rate: 9.0%
2026-04-24 13:39:46,716 - [PROGRESS] - Step 212000 | Avg Reward: -13.43 | Avg Length: 115.8 steps | Success Rate: 8.0%
2026-04-24 13:39:59,427 - [PROGRESS] - Step 214000 | Avg Reward: -13.79 | Avg Length: 120.0 steps | Success Rate: 6.0%
2026-04-24 13:40:12,142 - [PROGRESS] - Step 216000 | Avg Reward: -13.13 | Avg Length: 118.3 steps | Success Rate: 8.0%
2026-04-24 13:40:25,162 - [PROGRESS] - Step 218000 | Avg Reward: -12.66 | Avg Length: 123.3 steps | Success Rate: 8.0%
2026-04-24 13:40:38,524 - [PROGRESS] - Step 220000 | Avg Reward: -12.70 | Avg Length: 118.8 steps | Success Rate: 7.0%
2026-04-24 13:41:55,565 - [PROGRESS] - Step 222000 | Avg Reward: -11.65 | Avg Length: 117.2 steps | Success Rate: 7.0%
2026-04-24 13:42:09,061 - [PROGRESS] - Step 224000 | Avg Reward: -11.59 | Avg Length: 113.9 steps | Success Rate: 8.0%
2026-04-24 13:42:22,068 - [PROGRESS] - Step 226000 | Avg Reward: -11.67 | Avg Length: 115.8 steps | Success Rate: 7.0%
2026-04-24 13:42:35,103 - [PROGRESS] - Step 228000 | Avg Reward: -11.26 | Avg Length: 110.6 steps | Success Rate: 8.0%
2026-04-24 13:42:47,910 - [PROGRESS] - Step 230000 | Avg Reward: -10.56 | Avg Length: 115.3 steps | Success Rate: 10.0%
2026-04-24 13:44:00,819 - [PROGRESS] - Step 232000 | Avg Reward: -9.77 | Avg Length: 115.5 steps | Success Rate: 12.0%
2026-04-24 13:44:14,496 - [PROGRESS] - Step 234000 | Avg Reward: -10.39 | Avg Length: 108.2 steps | Success Rate: 14.0%
2026-04-24 13:44:28,495 - [PROGRESS] - Step 236000 | Avg Reward: -9.84 | Avg Length: 102.2 steps | Success Rate: 18.0%
2026-04-24 13:44:42,457 - [PROGRESS] - Step 238000 | Avg Reward: -9.46 | Avg Length: 96.7 steps | Success Rate: 20.0%
2026-04-24 13:44:55,407 - [PROGRESS] - Step 240000 | Avg Reward: -9.77 | Avg Length: 94.8 steps | Success Rate: 19.0%
2026-04-24 13:46:02,790 - [PROGRESS] - Step 242000 | Avg Reward: -10.30 | Avg Length: 97.1 steps | Success Rate: 16.0%
2026-04-24 13:46:15,658 - [PROGRESS] - Step 244000 | Avg Reward: -9.98 | Avg Length: 104.8 steps | Success Rate: 16.0%
2026-04-24 13:46:28,183 - [PROGRESS] - Step 246000 | Avg Reward: -10.46 | Avg Length: 111.9 steps | Success Rate: 12.0%
2026-04-24 13:46:41,282 - [PROGRESS] - Step 248000 | Avg Reward: -10.79 | Avg Length: 110.3 steps | Success Rate: 8.0%
2026-04-24 13:46:54,452 - [PROGRESS] - Step 250000 | Avg Reward: -10.42 | Avg Length: 107.3 steps | Success Rate: 10.0%
2026-04-24 13:47:56,527 - [PROGRESS] - Step 252000 | Avg Reward: -10.22 | Avg Length: 96.8 steps | Success Rate: 12.0%
2026-04-24 13:48:09,881 - [PROGRESS] - Step 254000 | Avg Reward: -10.10 | Avg Length: 86.3 steps | Success Rate: 14.0%
2026-04-24 13:48:23,077 - [PROGRESS] - Step 256000 | Avg Reward: -10.66 | Avg Length: 93.4 steps | Success Rate: 11.0%
2026-04-24 13:48:35,969 - [PROGRESS] - Step 258000 | Avg Reward: -11.32 | Avg Length: 93.2 steps | Success Rate: 11.0%
2026-04-24 13:48:49,089 - [PROGRESS] - Step 260000 | Avg Reward: -12.48 | Avg Length: 98.2 steps | Success Rate: 7.0%
2026-04-24 13:49:56,485 - [PROGRESS] - Step 262000 | Avg Reward: -12.33 | Avg Length: 109.7 steps | Success Rate: 5.0%
2026-04-24 13:50:09,228 - [PROGRESS] - Step 264000 | Avg Reward: -12.84 | Avg Length: 115.5 steps | Success Rate: 4.0%
2026-04-24 13:50:22,408 - [PROGRESS] - Step 266000 | Avg Reward: -13.30 | Avg Length: 115.2 steps | Success Rate: 4.0%
2026-04-24 13:50:35,822 - [PROGRESS] - Step 268000 | Avg Reward: -11.99 | Avg Length: 108.7 steps | Success Rate: 7.0%
2026-04-24 13:50:48,945 - [PROGRESS] - Step 270000 | Avg Reward: -12.06 | Avg Length: 108.2 steps | Success Rate: 8.0%
2026-04-24 13:51:56,577 - [PROGRESS] - Step 272000 | Avg Reward: -12.78 | Avg Length: 105.5 steps | Success Rate: 9.0%
2026-04-24 13:52:10,463 - [PROGRESS] - Step 274000 | Avg Reward: -13.21 | Avg Length: 96.5 steps | Success Rate: 10.0%
2026-04-24 13:52:23,868 - [PROGRESS] - Step 276000 | Avg Reward: -11.88 | Avg Length: 100.1 steps | Success Rate: 12.0%
2026-04-24 13:52:38,162 - [PROGRESS] - Step 278000 | Avg Reward: -12.56 | Avg Length: 97.4 steps | Success Rate: 12.0%
2026-04-24 13:52:50,895 - [PROGRESS] - Step 280000 | Avg Reward: -13.14 | Avg Length: 99.3 steps | Success Rate: 10.0%
2026-04-24 13:54:00,322 - [PROGRESS] - Step 282000 | Avg Reward: -12.40 | Avg Length: 100.5 steps | Success Rate: 11.0%
2026-04-24 13:54:13,108 - [PROGRESS] - Step 284000 | Avg Reward: -11.88 | Avg Length: 108.2 steps | Success Rate: 10.0%
2026-04-24 13:54:26,519 - [PROGRESS] - Step 286000 | Avg Reward: -12.58 | Avg Length: 106.2 steps | Success Rate: 8.0%
2026-04-24 13:54:38,973 - [PROGRESS] - Step 288000 | Avg Reward: -12.19 | Avg Length: 113.0 steps | Success Rate: 8.0%
2026-04-24 13:54:52,283 - [PROGRESS] - Step 290000 | Avg Reward: -11.58 | Avg Length: 107.0 steps | Success Rate: 10.0%
2026-04-24 13:56:04,808 - [PROGRESS] - Step 292000 | Avg Reward: -10.55 | Avg Length: 108.9 steps | Success Rate: 13.0%
2026-04-24 13:56:18,036 - [PROGRESS] - Step 294000 | Avg Reward: -10.84 | Avg Length: 104.5 steps | Success Rate: 14.0%
2026-04-24 13:56:30,465 - [PROGRESS] - Step 296000 | Avg Reward: -10.36 | Avg Length: 111.4 steps | Success Rate: 14.0%
2026-04-24 13:56:43,509 - [PROGRESS] - Step 298000 | Avg Reward: -10.48 | Avg Length: 106.4 steps | Success Rate: 14.0%
2026-04-24 13:56:56,564 - [PROGRESS] - Step 300000 | Avg Reward: -10.79 | Avg Length: 104.0 steps | Success Rate: 14.0%
2026-04-24 13:58:05,288 - [PROGRESS] - Step 302000 | Avg Reward: -10.34 | Avg Length: 109.9 steps | Success Rate: 14.0%
2026-04-24 13:58:18,398 - [PROGRESS] - Step 304000 | Avg Reward: -11.36 | Avg Length: 111.4 steps | Success Rate: 11.0%
2026-04-24 13:58:31,907 - [PROGRESS] - Step 306000 | Avg Reward: -11.25 | Avg Length: 105.0 steps | Success Rate: 11.0%
2026-04-24 13:58:44,614 - [PROGRESS] - Step 308000 | Avg Reward: -11.64 | Avg Length: 110.0 steps | Success Rate: 9.0%
2026-04-24 13:58:56,973 - [PROGRESS] - Step 310000 | Avg Reward: -10.75 | Avg Length: 119.8 steps | Success Rate: 9.0%
2026-04-24 14:00:06,287 - [PROGRESS] - Step 312000 | Avg Reward: -10.37 | Avg Length: 123.2 steps | Success Rate: 9.0%
2026-04-24 14:00:18,561 - [PROGRESS] - Step 314000 | Avg Reward: -10.79 | Avg Length: 128.9 steps | Success Rate: 6.0%
2026-04-24 14:00:31,786 - [PROGRESS] - Step 316000 | Avg Reward: -10.58 | Avg Length: 125.9 steps | Success Rate: 7.0%
2026-04-24 14:00:44,418 - [PROGRESS] - Step 318000 | Avg Reward: -10.25 | Avg Length: 129.8 steps | Success Rate: 7.0%
2026-04-24 14:00:57,715 - [PROGRESS] - Step 320000 | Avg Reward: -10.59 | Avg Length: 127.0 steps | Success Rate: 7.0%
2026-04-24 14:01:55,977 - [PROGRESS] - *** NEW BEST EVAL (ASCEND) *** | Success: 4.0% -> saved to ./checkpoints/dense_refinement_20260424_125903/best_model_ascend.zip
2026-04-24 14:02:09,179 - [PROGRESS] - Step 322000 | Avg Reward: -11.10 | Avg Length: 116.8 steps | Success Rate: 8.0%
2026-04-24 14:02:21,866 - [PROGRESS] - Step 324000 | Avg Reward: -11.38 | Avg Length: 111.3 steps | Success Rate: 8.0%
2026-04-24 14:02:34,590 - [PROGRESS] - Step 326000 | Avg Reward: -12.11 | Avg Length: 106.3 steps | Success Rate: 7.0%
2026-04-24 14:02:47,771 - [PROGRESS] - Step 328000 | Avg Reward: -12.04 | Avg Length: 101.8 steps | Success Rate: 9.0%
2026-04-24 14:03:00,754 - [PROGRESS] - Step 330000 | Avg Reward: -12.79 | Avg Length: 103.3 steps | Success Rate: 7.0%
2026-04-24 14:03:58,400 - [PROGRESS] - *** NEW BEST EVAL (ASCEND) *** | Success: 10.0% -> saved to ./checkpoints/dense_refinement_20260424_125903/best_model_ascend.zip
2026-04-24 14:04:12,156 - [PROGRESS] - Step 332000 | Avg Reward: -13.04 | Avg Length: 106.4 steps | Success Rate: 6.0%
2026-04-24 14:04:24,690 - [PROGRESS] - Step 334000 | Avg Reward: -12.39 | Avg Length: 111.2 steps | Success Rate: 7.0%
2026-04-24 14:04:37,528 - [PROGRESS] - Step 336000 | Avg Reward: -12.31 | Avg Length: 113.8 steps | Success Rate: 7.0%
2026-04-24 14:04:50,135 - [PROGRESS] - Step 338000 | Avg Reward: -11.78 | Avg Length: 117.1 steps | Success Rate: 8.0%
2026-04-24 14:05:02,668 - [PROGRESS] - Step 340000 | Avg Reward: -12.15 | Avg Length: 122.9 steps | Success Rate: 6.0%
2026-04-24 14:06:16,228 - [PROGRESS] - Step 342000 | Avg Reward: -11.74 | Avg Length: 123.1 steps | Success Rate: 6.0%
2026-04-24 14:06:29,647 - [PROGRESS] - Step 344000 | Avg Reward: -12.03 | Avg Length: 121.2 steps | Success Rate: 7.0%
2026-04-24 14:06:42,121 - [PROGRESS] - Step 346000 | Avg Reward: -12.34 | Avg Length: 112.8 steps | Success Rate: 9.0%
2026-04-24 14:06:54,217 - [PROGRESS] - Step 348000 | Avg Reward: -11.90 | Avg Length: 115.3 steps | Success Rate: 9.0%
2026-04-24 14:07:07,484 - [PROGRESS] - Step 350000 | Avg Reward: -10.98 | Avg Length: 107.9 steps | Success Rate: 13.0%
2026-04-24 14:08:18,202 - [PROGRESS] - Step 352000 | Avg Reward: -10.64 | Avg Length: 102.5 steps | Success Rate: 17.0%
2026-04-24 14:08:31,450 - [PROGRESS] - Step 354000 | Avg Reward: -10.58 | Avg Length: 103.5 steps | Success Rate: 17.0%
2026-04-24 14:08:44,468 - [PROGRESS] - Step 356000 | Avg Reward: -10.49 | Avg Length: 101.8 steps | Success Rate: 18.0%
2026-04-24 14:08:56,984 - [PROGRESS] - Step 358000 | Avg Reward: -11.00 | Avg Length: 101.7 steps | Success Rate: 17.0%
2026-04-24 14:09:09,917 - [PROGRESS] - Step 360000 | Avg Reward: -12.17 | Avg Length: 104.7 steps | Success Rate: 15.0%
2026-04-24 14:10:18,729 - [PROGRESS] - Step 362000 | Avg Reward: -13.70 | Avg Length: 105.1 steps | Success Rate: 11.0%
2026-04-24 14:10:31,416 - [PROGRESS] - Step 364000 | Avg Reward: -13.77 | Avg Length: 102.2 steps | Success Rate: 10.0%
2026-04-24 14:10:43,962 - [PROGRESS] - Step 366000 | Avg Reward: -12.87 | Avg Length: 105.1 steps | Success Rate: 13.0%
2026-04-24 14:10:56,840 - [PROGRESS] - Step 368000 | Avg Reward: -12.31 | Avg Length: 105.4 steps | Success Rate: 14.0%
2026-04-24 14:11:10,053 - [PROGRESS] - Step 370000 | Avg Reward: -10.67 | Avg Length: 98.7 steps | Success Rate: 20.0%
2026-04-24 14:12:11,888 - [PROGRESS] - Step 372000 | Avg Reward: -10.70 | Avg Length: 104.9 steps | Success Rate: 19.0%
2026-04-24 14:12:24,799 - [PROGRESS] - Step 374000 | Avg Reward: -10.32 | Avg Length: 103.1 steps | Success Rate: 19.0%
2026-04-24 14:12:37,680 - [PROGRESS] - Step 376000 | Avg Reward: -8.78 | Avg Length: 102.5 steps | Success Rate: 24.0%
2026-04-24 14:12:50,038 - [PROGRESS] - Step 378000 | Avg Reward: -8.37 | Avg Length: 104.0 steps | Success Rate: 24.0%
2026-04-24 14:13:02,955 - [PROGRESS] - Step 380000 | Avg Reward: -8.59 | Avg Length: 109.2 steps | Success Rate: 24.0%
2026-04-24 14:14:12,255 - [PROGRESS] - Step 382000 | Avg Reward: -7.86 | Avg Length: 111.1 steps | Success Rate: 23.0%
2026-04-24 14:14:25,303 - [PROGRESS] - Step 384000 | Avg Reward: -8.03 | Avg Length: 107.6 steps | Success Rate: 23.0%
2026-04-24 14:14:38,072 - [PROGRESS] - Step 386000 | Avg Reward: -8.88 | Avg Length: 106.0 steps | Success Rate: 20.0%
2026-04-24 14:14:50,569 - [PROGRESS] - Step 388000 | Avg Reward: -8.68 | Avg Length: 104.6 steps | Success Rate: 22.0%
2026-04-24 14:15:03,695 - [PROGRESS] - Step 390000 | Avg Reward: -9.43 | Avg Length: 104.4 steps | Success Rate: 19.0%
2026-04-24 14:16:05,151 - [PROGRESS] - *** NEW BEST EVAL (ASCEND) *** | Success: 12.0% -> saved to ./checkpoints/dense_refinement_20260424_125903/best_model_ascend.zip
2026-04-24 14:16:18,061 - [PROGRESS] - Step 392000 | Avg Reward: -10.18 | Avg Length: 103.8 steps | Success Rate: 18.0%
2026-04-24 14:16:30,959 - [PROGRESS] - Step 394000 | Avg Reward: -10.40 | Avg Length: 107.5 steps | Success Rate: 17.0%
2026-04-24 14:16:43,942 - [PROGRESS] - Step 396000 | Avg Reward: -10.27 | Avg Length: 102.1 steps | Success Rate: 20.0%
2026-04-24 14:16:56,407 - [PROGRESS] - Step 398000 | Avg Reward: -9.88 | Avg Length: 106.9 steps | Success Rate: 19.0%
2026-04-24 14:17:09,332 - [PROGRESS] - Step 400000 | Avg Reward: -10.28 | Avg Length: 108.0 steps | Success Rate: 17.0%
2026-04-24 14:18:15,980 - [PROGRESS] - Step 402000 | Avg Reward: -11.45 | Avg Length: 106.6 steps | Success Rate: 14.0%
2026-04-24 14:18:28,689 - [PROGRESS] - Step 404000 | Avg Reward: -11.94 | Avg Length: 104.0 steps | Success Rate: 13.0%
2026-04-24 14:18:41,915 - [PROGRESS] - Step 406000 | Avg Reward: -12.70 | Avg Length: 109.1 steps | Success Rate: 10.0%
2026-04-24 14:18:54,338 - [PROGRESS] - Step 408000 | Avg Reward: -13.23 | Avg Length: 112.9 steps | Success Rate: 8.0%
2026-04-24 14:19:06,769 - [PROGRESS] - Step 410000 | Avg Reward: -12.86 | Avg Length: 113.4 steps | Success Rate: 8.0%
2026-04-24 14:20:20,296 - [PROGRESS] - Step 412000 | Avg Reward: -13.63 | Avg Length: 112.2 steps | Success Rate: 8.0%
2026-04-24 14:20:33,471 - [PROGRESS] - Step 414000 | Avg Reward: -12.70 | Avg Length: 105.1 steps | Success Rate: 12.0%
2026-04-24 14:20:46,813 - [PROGRESS] - Step 416000 | Avg Reward: -10.37 | Avg Length: 100.4 steps | Success Rate: 18.0%
2026-04-24 14:20:59,569 - [PROGRESS] - Step 418000 | Avg Reward: -10.67 | Avg Length: 96.7 steps | Success Rate: 16.0%
2026-04-24 14:21:12,374 - [PROGRESS] - Step 420000 | Avg Reward: -11.40 | Avg Length: 93.0 steps | Success Rate: 15.0%
2026-04-24 14:22:26,780 - [PROGRESS] - Step 422000 | Avg Reward: -10.04 | Avg Length: 98.7 steps | Success Rate: 16.0%
2026-04-24 14:22:39,426 - [PROGRESS] - Step 424000 | Avg Reward: -10.08 | Avg Length: 104.2 steps | Success Rate: 15.0%
2026-04-24 14:22:52,092 - [PROGRESS] - Step 426000 | Avg Reward: -11.26 | Avg Length: 113.4 steps | Success Rate: 12.0%
2026-04-24 14:23:04,787 - [PROGRESS] - Step 428000 | Avg Reward: -11.85 | Avg Length: 117.3 steps | Success Rate: 10.0%
2026-04-24 14:23:17,342 - [PROGRESS] - Step 430000 | Avg Reward: -11.49 | Avg Length: 121.2 steps | Success Rate: 11.0%
2026-04-24 14:24:31,207 - [PROGRESS] - Step 432000 | Avg Reward: -11.89 | Avg Length: 119.8 steps | Success Rate: 10.0%
2026-04-24 14:24:44,081 - [PROGRESS] - Step 434000 | Avg Reward: -12.70 | Avg Length: 111.1 steps | Success Rate: 11.0%
2026-04-24 14:24:57,098 - [PROGRESS] - Step 436000 | Avg Reward: -11.95 | Avg Length: 112.8 steps | Success Rate: 10.0%
2026-04-24 14:25:09,505 - [PROGRESS] - Step 438000 | Avg Reward: -10.94 | Avg Length: 115.8 steps | Success Rate: 11.0%
2026-04-24 14:25:21,619 - [PROGRESS] - Step 440000 | Avg Reward: -11.19 | Avg Length: 119.4 steps | Success Rate: 10.0%
2026-04-24 14:26:36,363 - [PROGRESS] - Step 442000 | Avg Reward: -10.56 | Avg Length: 115.6 steps | Success Rate: 12.0%
2026-04-24 14:26:49,275 - [PROGRESS] - Step 444000 | Avg Reward: -11.12 | Avg Length: 112.9 steps | Success Rate: 13.0%
2026-04-24 14:27:01,870 - [PROGRESS] - Step 446000 | Avg Reward: -9.62 | Avg Length: 118.5 steps | Success Rate: 15.0%
2026-04-24 14:27:14,927 - [PROGRESS] - Step 448000 | Avg Reward: -9.93 | Avg Length: 117.8 steps | Success Rate: 14.0%
2026-04-24 14:27:28,688 - [PROGRESS] - Step 450000 | Avg Reward: -10.64 | Avg Length: 106.5 steps | Success Rate: 17.0%
2026-04-24 14:28:42,129 - [PROGRESS] - Step 452000 | Avg Reward: -11.30 | Avg Length: 108.7 steps | Success Rate: 16.0%
2026-04-24 14:28:55,878 - [PROGRESS] - Step 454000 | Avg Reward: -12.01 | Avg Length: 99.5 steps | Success Rate: 14.0%
2026-04-24 14:29:09,107 - [PROGRESS] - Step 456000 | Avg Reward: -13.10 | Avg Length: 94.7 steps | Success Rate: 12.0%
2026-04-24 14:29:21,967 - [PROGRESS] - Step 458000 | Avg Reward: -12.83 | Avg Length: 99.5 steps | Success Rate: 11.0%
2026-04-24 14:29:34,181 - [PROGRESS] - Step 460000 | Avg Reward: -12.57 | Avg Length: 104.7 steps | Success Rate: 9.0%
2026-04-24 14:30:30,951 - [PROGRESS] - *** NEW BEST EVAL (ASCEND) *** | Success: 18.0% -> saved to ./checkpoints/dense_refinement_20260424_125903/best_model_ascend.zip
2026-04-24 14:30:43,759 - [PROGRESS] - Step 462000 | Avg Reward: -12.02 | Avg Length: 110.7 steps | Success Rate: 8.0%
2026-04-24 14:30:56,467 - [PROGRESS] - Step 464000 | Avg Reward: -11.89 | Avg Length: 113.8 steps | Success Rate: 8.0%
2026-04-24 14:31:09,293 - [PROGRESS] - Step 466000 | Avg Reward: -10.56 | Avg Length: 119.7 steps | Success Rate: 11.0%
2026-04-24 14:31:22,604 - [PROGRESS] - Step 468000 | Avg Reward: -9.65 | Avg Length: 119.5 steps | Success Rate: 13.0%
2026-04-24 14:31:36,555 - [PROGRESS] - Step 470000 | Avg Reward: -9.65 | Avg Length: 103.0 steps | Success Rate: 18.0%
2026-04-24 14:32:49,634 - [PROGRESS] - Step 472000 | Avg Reward: -10.16 | Avg Length: 89.8 steps | Success Rate: 20.0%
2026-04-24 14:33:03,834 - [PROGRESS] - Step 474000 | Avg Reward: -9.58 | Avg Length: 85.5 steps | Success Rate: 23.0%
2026-04-24 14:33:16,896 - [PROGRESS] - Step 476000 | Avg Reward: -11.11 | Avg Length: 91.9 steps | Success Rate: 19.0%
2026-04-24 14:33:30,025 - [PROGRESS] - Step 478000 | Avg Reward: -11.15 | Avg Length: 92.2 steps | Success Rate: 18.0%
2026-04-24 14:33:42,981 - [PROGRESS] - Step 480000 | Avg Reward: -10.71 | Avg Length: 98.3 steps | Success Rate: 18.0%
2026-04-24 14:34:54,226 - [PROGRESS] - Step 482000 | Avg Reward: -10.66 | Avg Length: 98.2 steps | Success Rate: 16.0%
2026-04-24 14:35:07,718 - [PROGRESS] - Step 484000 | Avg Reward: -11.06 | Avg Length: 102.5 steps | Success Rate: 14.0%
2026-04-24 14:35:20,200 - [PROGRESS] - Step 486000 | Avg Reward: -10.57 | Avg Length: 107.9 steps | Success Rate: 12.0%
2026-04-24 14:35:33,904 - [PROGRESS] - Step 488000 | Avg Reward: -9.29 | Avg Length: 101.7 steps | Success Rate: 16.0%
2026-04-24 14:35:46,742 - [PROGRESS] - Step 490000 | Avg Reward: -9.10 | Avg Length: 102.7 steps | Success Rate: 16.0%
2026-04-24 14:36:52,662 - [PROGRESS] - Step 492000 | Avg Reward: -8.90 | Avg Length: 106.2 steps | Success Rate: 16.0%
2026-04-24 14:37:22,277 - [PROGRESS] - Step 494000 | Avg Reward: -8.09 | Avg Length: 101.9 steps | Success Rate: 18.0%
2026-04-24 14:37:40,927 - [PROGRESS] - Step 496000 | Avg Reward: -7.27 | Avg Length: 91.9 steps | Success Rate: 23.0%
2026-04-24 14:37:57,895 - [PROGRESS] - Step 498000 | Avg Reward: -7.40 | Avg Length: 96.7 steps | Success Rate: 20.0%
