2026-04-24 12:55:30,464 - [ENV] - --- EPISODE START | Scenario: TRANSIT | Start: [1.1424023  0.26130904 0.55      ] | Goal: [0.90054365 0.50366864 0.55      ] | DriftLimit: 0.0800 | FloorLimit: 0.4500 ---
2026-04-24 12:55:30,528 - [ENV] - SUCCESS: Goal reached in 11 steps. Dist = 0.0126m
2026-04-24 12:55:30,529 - [ENV] - --- EPISODE START | Scenario: TRANSIT | Start: [1.02621277 0.15025986 0.55      ] | Goal: [0.76074268 0.37186426 0.55      ] | DriftLimit: 0.0800 | FloorLimit: 0.4500 ---
2026-04-24 12:55:30,627 - [ENV] - SUCCESS: Goal reached in 10 steps. Dist = 0.0100m
2026-04-24 12:55:30,627 - [ENV] - --- EPISODE START | Scenario: TRANSIT | Start: [0.92992585 0.38686328 0.55      ] | Goal: [0.64756711 0.43551151 0.55      ] | DriftLimit: 0.0800 | FloorLimit: 0.4500 ---
2026-04-24 12:55:30,692 - [ENV] - SUCCESS: Goal reached in 10 steps. Dist = 0.0200m
2026-04-24 12:55:30,693 - [ENV] - --- EPISODE START | Scenario: TRANSIT | Start: [0.79449789 0.52620319 0.55      ] | Goal: [0.6812567  0.28502432 0.55      ] | DriftLimit: 0.0800 | FloorLimit: 0.4500 ---
2026-04-24 12:55:30,747 - [ENV] - SUCCESS: Goal reached in 8 steps. Dist = 0.0106m
2026-04-24 12:55:30,747 - [ENV] - --- EPISODE START | Scenario: TRANSIT | Start: [0.98966891 0.34284277 0.55      ] | Goal: [1.00278259 0.20682556 0.55      ] | DriftLimit: 0.0800 | FloorLimit: 0.4500 ---
2026-04-24 12:55:30,820 - [ENV] - SUCCESS: Goal reached in 7 steps. Dist = 0.0083m
2026-04-24 12:55:30,821 - [ENV] - --- EPISODE START | Scenario: TRANSIT | Start: [0.75882222 0.34039998 0.55      ] | Goal: [0.8633337  0.25727178 0.55      ] | DriftLimit: 0.0800 | FloorLimit: 0.4500 ---
2026-04-24 12:55:30,951 - [ENV] - SUCCESS: Goal reached in 12 steps. Dist = 0.0177m
2026-04-24 12:55:30,952 - [ENV] - --- EPISODE START | Scenario: TRANSIT | Start: [0.99277758 0.23657862 0.55      ] | Goal: [1.01977715 0.05106303 0.55      ] | DriftLimit: 0.0800 | FloorLimit: 0.4500 ---
2026-04-24 12:55:31,024 - [ENV] - SUCCESS: Goal reached in 7 steps. Dist = 0.0093m
2026-04-24 12:55:31,024 - [ENV] - --- EPISODE START | Scenario: TRANSIT | Start: [0.79135821 0.29754275 0.55      ] | Goal: [0.74254329 0.01011592 0.55      ] | DriftLimit: 0.0800 | FloorLimit: 0.4500 ---
2026-04-24 12:55:31,148 - [ENV] - SUCCESS: Goal reached in 26 steps. Dist = 0.0192m
2026-04-24 12:55:31,148 - [ENV] - --- EPISODE START | Scenario: TRANSIT | Start: [0.72553788 0.45920324 0.55      ] | Goal: [0.83689606 0.45113337 0.55      ] | DriftLimit: 0.0800 | FloorLimit: 0.4500 ---
2026-04-24 12:55:31,205 - [ENV] - SUCCESS: Goal reached in 7 steps. Dist = 0.0094m
2026-04-24 12:55:31,206 - [ENV] - --- EPISODE START | Scenario: TRANSIT | Start: [0.82999497 0.37803692 0.55      ] | Goal: [1.12755864 0.29072969 0.55      ] | DriftLimit: 0.0800 | FloorLimit: 0.4500 ---
2026-04-24 12:55:31,286 - [ENV] - SUCCESS: Goal reached in 16 steps. Dist = 0.0103m
2026-04-24 12:55:31,286 - [ENV] - --- EPISODE START | Scenario: TRANSIT | Start: [1.05350092 0.33326921 0.55      ] | Goal: [0.73575412 0.54178786 0.55      ] | DriftLimit: 0.0800 | FloorLimit: 0.4500 ---
2026-04-24 12:55:31,345 - [ENV] - SUCCESS: Goal reached in 10 steps. Dist = 0.0099m
2026-04-24 12:55:31,345 - [ENV] - --- EPISODE START | Scenario: TRANSIT | Start: [0.60623135 0.53257569 0.55      ] | Goal: [0.92969514 0.42676892 0.55      ] | DriftLimit: 0.0800 | FloorLimit: 0.4500 ---
2026-04-24 12:55:31,415 - [ENV] - SUCCESS: Goal reached in 12 steps. Dist = 0.0118m
2026-04-24 12:55:31,415 - [ENV] - --- EPISODE START | Scenario: TRANSIT | Start: [0.89326667 0.09663168 0.55      ] | Goal: [0.95987104 0.32127922 0.55      ] | DriftLimit: 0.0800 | FloorLimit: 0.4500 ---
2026-04-24 12:55:31,463 - [ENV] - SUCCESS: Goal reached in 7 steps. Dist = 0.0036m
2026-04-24 12:55:31,463 - [ENV] - --- EPISODE START | Scenario: TRANSIT | Start: [1.04255655 0.37062159 0.55      ] | Goal: [0.60527483 0.36446981 0.55      ] | DriftLimit: 0.0800 | FloorLimit: 0.4500 ---
2026-04-24 12:55:31,539 - [ENV] - SUCCESS: Goal reached in 16 steps. Dist = 0.0089m
2026-04-24 12:55:31,540 - [ENV] - --- EPISODE START | Scenario: TRANSIT | Start: [0.80794877 0.15543772 0.55      ] | Goal: [0.87530982 0.07663857 0.55      ] | DriftLimit: 0.0800 | FloorLimit: 0.4500 ---
2026-04-24 12:55:31,594 - [ENV] - SUCCESS: Goal reached in 5 steps. Dist = 0.0164m
2026-04-24 12:55:31,595 - [ENV] - --- EPISODE START | Scenario: TRANSIT | Start: [0.77891036 0.30509366 0.55      ] | Goal: [0.90210805 0.06795117 0.55      ] | DriftLimit: 0.0800 | FloorLimit: 0.4500 ---
2026-04-24 12:55:31,683 - [ENV] - SUCCESS: Goal reached in 11 steps. Dist = 0.0126m
2026-04-24 12:55:31,684 - [ENV] - --- EPISODE START | Scenario: TRANSIT | Start: [1.02996765 0.16963561 0.55      ] | Goal: [0.65154591 0.53481847 0.55      ] | DriftLimit: 0.0800 | FloorLimit: 0.4500 ---
2026-04-24 12:55:31,789 - [ENV] - SUCCESS: Goal reached in 13 steps. Dist = 0.0085m
2026-04-24 12:55:31,790 - [ENV] - --- EPISODE START | Scenario: TRANSIT | Start: [0.77796063 0.22878148 0.55      ] | Goal: [1.14042957 0.03980631 0.55      ] | DriftLimit: 0.0800 | FloorLimit: 0.4500 ---
2026-04-24 12:55:31,880 - [ENV] - SUCCESS: Goal reached in 13 steps. Dist = 0.0099m
2026-04-24 12:55:31,880 - [ENV] - --- EPISODE START | Scenario: TRANSIT | Start: [0.86259643 0.53487133 0.55      ] | Goal: [0.7999951  0.05826167 0.55      ] | DriftLimit: 0.0800 | FloorLimit: 0.4500 ---
2026-04-24 12:55:32,030 - [ENV] - SUCCESS: Goal reached in 17 steps. Dist = 0.0208m
2026-04-24 12:55:32,031 - [ENV] - --- EPISODE START | Scenario: TRANSIT | Start: [0.78266294 0.51361707 0.55      ] | Goal: [0.77225545 0.40999232 0.55      ] | DriftLimit: 0.0800 | FloorLimit: 0.4500 ---
2026-04-24 12:55:32,085 - [ENV] - SUCCESS: Goal reached in 4 steps. Dist = 0.0170m
2026-04-24 12:55:32,086 - [ENV] - --- EPISODE START | Scenario: TRANSIT | Start: [0.74977672 0.4022162  0.55      ] | Goal: [0.94731608 0.48171462 0.55      ] | DriftLimit: 0.0800 | FloorLimit: 0.4500 ---
2026-04-24 12:55:32,145 - [ENV] - SUCCESS: Goal reached in 8 steps. Dist = 0.0109m
2026-04-24 12:55:32,146 - [ENV] - --- EPISODE START | Scenario: TRANSIT | Start: [0.74365696 0.48051184 0.55      ] | Goal: [ 0.7049926 -0.0061209  0.55     ] | DriftLimit: 0.0800 | FloorLimit: 0.4500 ---
2026-04-24 12:55:32,242 - [ENV] - SUCCESS: Goal reached in 21 steps. Dist = 0.0173m
2026-04-24 12:55:32,243 - [ENV] - --- EPISODE START | Scenario: TRANSIT | Start: [0.69991557 0.00446155 0.55      ] | Goal: [0.64900397 0.30933904 0.55      ] | DriftLimit: 0.0800 | FloorLimit: 0.4500 ---
2026-04-24 12:55:32,311 - [ENV] - SUCCESS: Goal reached in 16 steps. Dist = 0.0174m
2026-04-24 12:55:32,312 - [ENV] - --- EPISODE START | Scenario: TRANSIT | Start: [1.01954161 0.06082762 0.55      ] | Goal: [0.61190796 0.08994387 0.55      ] | DriftLimit: 0.0800 | FloorLimit: 0.4500 ---
2026-04-24 12:55:32,409 - [ENV] - SUCCESS: Goal reached in 21 steps. Dist = 0.0136m
2026-04-24 12:55:32,410 - [ENV] - --- EPISODE START | Scenario: TRANSIT | Start: [0.7936375  0.40091739 0.55      ] | Goal: [1.08589773 0.12274371 0.55      ] | DriftLimit: 0.0799 | FloorLimit: 0.4500 ---
2026-04-24 12:55:32,478 - [ENV] - SUCCESS: Goal reached in 10 steps. Dist = 0.0142m
2026-04-24 12:55:32,479 - [ENV] - --- EPISODE START | Scenario: TRANSIT | Start: [0.92250118 0.39529873 0.55      ] | Goal: [0.7738638  0.07239643 0.55      ] | DriftLimit: 0.0799 | FloorLimit: 0.4500 ---
2026-04-24 12:55:32,548 - [ENV] - SUCCESS: Goal reached in 10 steps. Dist = 0.0099m
2026-04-24 12:55:32,549 - [ENV] - --- EPISODE START | Scenario: TRANSIT | Start: [0.89030802 0.53538575 0.55      ] | Goal: [0.93933553 0.36555227 0.55      ] | DriftLimit: 0.0799 | FloorLimit: 0.4500 ---
2026-04-24 12:55:32,613 - [ENV] - SUCCESS: Goal reached in 7 steps. Dist = 0.0072m
2026-04-24 12:55:32,614 - [ENV] - --- EPISODE START | Scenario: TRANSIT | Start: [0.88932946 0.24749939 0.55      ] | Goal: [1.12579121 0.32433891 0.55      ] | DriftLimit: 0.0799 | FloorLimit: 0.4500 ---
2026-04-24 12:55:32,675 - [ENV] - SUCCESS: Goal reached in 8 steps. Dist = 0.0214m
2026-04-24 12:55:32,676 - [ENV] - --- EPISODE START | Scenario: TRANSIT | Start: [1.05133354 0.27208368 0.55      ] | Goal: [1.10342747 0.04179537 0.55      ] | DriftLimit: 0.0799 | FloorLimit: 0.4500 ---
2026-04-24 12:55:32,740 - [ENV] - SUCCESS: Goal reached in 8 steps. Dist = 0.0117m
2026-04-24 12:55:32,741 - [ENV] - --- EPISODE START | Scenario: TRANSIT | Start: [0.9982889  0.44797866 0.55      ] | Goal: [0.93935632 0.20291697 0.55      ] | DriftLimit: 0.0799 | FloorLimit: 0.4500 ---
2026-04-24 12:55:32,804 - [ENV] - SUCCESS: Goal reached in 10 steps. Dist = 0.0112m
2026-04-24 12:55:32,804 - [ENV] - --- EPISODE START | Scenario: TRANSIT | Start: [0.84606592 0.30724696 0.55      ] | Goal: [1.10880654 0.22592695 0.55      ] | DriftLimit: 0.0799 | FloorLimit: 0.4500 ---
2026-04-24 12:55:32,864 - [ENV] - SUCCESS: Goal reached in 9 steps. Dist = 0.0134m
2026-04-24 12:55:32,864 - [ENV] - --- EPISODE START | Scenario: TRANSIT | Start: [1.03496495 0.25693617 0.55      ] | Goal: [0.82643787 0.28212147 0.55      ] | DriftLimit: 0.0799 | FloorLimit: 0.4500 ---
2026-04-24 12:55:33,338 - [ENV] - --- EPISODE START | Scenario: TRANSIT | Start: [0.98201228 0.42952921 0.55      ] | Goal: [0.93902294 0.28064388 0.55      ] | DriftLimit: 0.0799 | FloorLimit: 0.4501 ---
2026-04-24 12:55:33,387 - [ENV] - SUCCESS: Goal reached in 5 steps. Dist = 0.0058m
2026-04-24 12:55:33,387 - [ENV] - --- EPISODE START | Scenario: TRANSIT | Start: [0.80868979 0.16672171 0.55      ] | Goal: [0.71432413 0.48552959 0.55      ] | DriftLimit: 0.0799 | FloorLimit: 0.4501 ---
2026-04-24 12:55:33,958 - [ENV] - --- EPISODE START | Scenario: TRANSIT | Start: [0.75083398 0.11238156 0.55      ] | Goal: [ 0.92795372 -0.00955497  0.55      ] | DriftLimit: 0.0799 | FloorLimit: 0.4501 ---
2026-04-24 12:55:34,002 - [ENV] - SUCCESS: Goal reached in 9 steps. Dist = 0.0082m
2026-04-24 12:55:34,003 - [ENV] - --- EPISODE START | Scenario: TRANSIT | Start: [0.67245063 0.12003901 0.55      ] | Goal: [0.88530781 0.30124947 0.55      ] | DriftLimit: 0.0799 | FloorLimit: 0.4501 ---
2026-04-24 12:55:34,060 - [ENV] - SUCCESS: Goal reached in 12 steps. Dist = 0.0091m
2026-04-24 12:55:34,061 - [ENV] - --- EPISODE START | Scenario: TRANSIT | Start: [1.15692572 0.27307734 0.55      ] | Goal: [0.6572641  0.26801992 0.55      ] | DriftLimit: 0.0799 | FloorLimit: 0.4501 ---
2026-04-24 12:55:34,133 - [ENV] - SUCCESS: Goal reached in 15 steps. Dist = 0.0127m
2026-04-24 12:55:34,134 - [ENV] - --- EPISODE START | Scenario: TRANSIT | Start: [1.022311   0.52565464 0.55      ] | Goal: [1.1329854  0.17429842 0.55      ] | DriftLimit: 0.0799 | FloorLimit: 0.4501 ---
2026-04-24 12:55:34,202 - [ENV] - SUCCESS: Goal reached in 14 steps. Dist = 0.0098m
2026-04-24 12:55:34,202 - [ENV] - --- EPISODE START | Scenario: TRANSIT | Start: [ 0.70819067 -0.00565097  0.55      ] | Goal: [0.83270281 0.29074646 0.55      ] | DriftLimit: 0.0799 | FloorLimit: 0.4501 ---
2026-04-24 12:55:34,687 - [ENV] - --- EPISODE START | Scenario: TRANSIT | Start: [0.6224368  0.49776232 0.55      ] | Goal: [1.0418213  0.28381043 0.55      ] | DriftLimit: 0.0798 | FloorLimit: 0.4501 ---
2026-04-24 12:55:34,759 - [ENV] - SUCCESS: Goal reached in 14 steps. Dist = 0.0204m
2026-04-24 12:55:34,760 - [ENV] - --- EPISODE START | Scenario: TRANSIT | Start: [0.83227271 0.50787509 0.55      ] | Goal: [0.63802849 0.04095372 0.55      ] | DriftLimit: 0.0798 | FloorLimit: 0.4501 ---
2026-04-24 12:55:34,852 - [ENV] - SUCCESS: Goal reached in 19 steps. Dist = 0.0204m
2026-04-24 12:55:34,853 - [ENV] - --- EPISODE START | Scenario: TRANSIT | Start: [0.83062953 0.02130385 0.55      ] | Goal: [0.83192077 0.45903621 0.55      ] | DriftLimit: 0.0798 | FloorLimit: 0.4501 ---
2026-04-24 12:55:34,918 - [ENV] - SUCCESS: Goal reached in 16 steps. Dist = 0.0077m
2026-04-24 12:55:34,918 - [ENV] - --- EPISODE START | Scenario: TRANSIT | Start: [0.90096902 0.51485673 0.55      ] | Goal: [0.69832188 0.30532734 0.55      ] | DriftLimit: 0.0798 | FloorLimit: 0.4501 ---
2026-04-24 12:55:34,978 - [ENV] - SUCCESS: Goal reached in 8 steps. Dist = 0.0076m
2026-04-24 12:55:34,979 - [ENV] - --- EPISODE START | Scenario: TRANSIT | Start: [ 0.80756242 -0.00113942  0.55      ] | Goal: [1.00813057 0.34680082 0.55      ] | DriftLimit: 0.0798 | FloorLimit: 0.4501 ---
2026-04-24 12:55:35,028 - [ENV] - SUCCESS: Goal reached in 11 steps. Dist = 0.0067m
2026-04-24 12:55:35,029 - [ENV] - --- EPISODE START | Scenario: TRANSIT | Start: [1.14291242 0.30798651 0.55      ] | Goal: [0.80953689 0.08220076 0.55      ] | DriftLimit: 0.0798 | FloorLimit: 0.4501 ---
2026-04-24 12:55:35,106 - [ENV] - SUCCESS: Goal reached in 11 steps. Dist = 0.0192m
2026-04-24 12:55:35,107 - [ENV] - --- EPISODE START | Scenario: TRANSIT | Start: [1.00744477 0.05774691 0.55      ] | Goal: [1.13833539 0.22764174 0.55      ] | DriftLimit: 0.0798 | FloorLimit: 0.4501 ---
2026-04-24 12:55:35,152 - [ENV] - SUCCESS: Goal reached in 7 steps. Dist = 0.0131m
2026-04-24 12:55:35,153 - [ENV] - --- EPISODE START | Scenario: TRANSIT | Start: [0.8716792  0.01748743 0.55      ] | Goal: [1.10401327 0.11641704 0.55      ] | DriftLimit: 0.0798 | FloorLimit: 0.4501 ---
2026-04-24 12:55:35,199 - [ENV] - SUCCESS: Goal reached in 11 steps. Dist = 0.0091m
2026-04-24 12:55:35,200 - [ENV] - --- EPISODE START | Scenario: TRANSIT | Start: [0.94052519 0.11866132 0.55      ] | Goal: [0.98542376 0.53627417 0.55      ] | DriftLimit: 0.0798 | FloorLimit: 0.4501 ---
2026-04-24 12:55:35,668 - [ENV] - --- EPISODE START | Scenario: TRANSIT | Start: [0.65862278 0.00133059 0.55      ] | Goal: [0.81190498 0.45857608 0.55      ] | DriftLimit: 0.0798 | FloorLimit: 0.4501 ---
2026-04-24 12:55:35,735 - [ENV] - SUCCESS: Goal reached in 17 steps. Dist = 0.0078m
2026-04-24 12:55:35,736 - [ENV] - --- EPISODE START | Scenario: TRANSIT | Start: [0.76978126 0.46697065 0.55      ] | Goal: [ 1.08277934 -0.00329781  0.55      ] | DriftLimit: 0.0798 | FloorLimit: 0.4501 ---
2026-04-24 12:55:35,836 - [ENV] - SUCCESS: Goal reached in 23 steps. Dist = 0.0103m
2026-04-24 12:55:35,837 - [ENV] - --- EPISODE START | Scenario: TRANSIT | Start: [1.0464178  0.25481954 0.55      ] | Goal: [0.89916731 0.22810358 0.55      ] | DriftLimit: 0.0798 | FloorLimit: 0.4501 ---
2026-04-24 12:55:36,353 - [ENV] - --- EPISODE START | Scenario: TRANSIT | Start: [0.826656   0.44108506 0.55      ] | Goal: [0.90447366 0.29941261 0.55      ] | DriftLimit: 0.0797 | FloorLimit: 0.4501 ---
2026-04-24 12:55:36,405 - [ENV] - SUCCESS: Goal reached in 5 steps. Dist = 0.0136m
2026-04-24 12:55:36,405 - [ENV] - --- EPISODE START | Scenario: TRANSIT | Start: [0.66838705 0.08699798 0.55      ] | Goal: [0.79329626 0.14979279 0.55      ] | DriftLimit: 0.0797 | FloorLimit: 0.4501 ---
2026-04-24 12:55:36,461 - [ENV] - SUCCESS: Goal reached in 12 steps. Dist = 0.0093m
2026-04-24 12:55:36,462 - [ENV] - --- EPISODE START | Scenario: TRANSIT | Start: [0.72516237 0.4766757  0.55      ] | Goal: [0.91493368 0.14320443 0.55      ] | DriftLimit: 0.0797 | FloorLimit: 0.4501 ---
2026-04-24 12:55:36,566 - [ENV] - SUCCESS: Goal reached in 11 steps. Dist = 0.0129m
2026-04-24 12:55:36,568 - [ENV] - --- EPISODE START | Scenario: TRANSIT | Start: [1.15760922 0.33387876 0.55      ] | Goal: [0.72173801 0.04680995 0.55      ] | DriftLimit: 0.0797 | FloorLimit: 0.4501 ---
2026-04-24 12:55:36,671 - [ENV] - SUCCESS: Goal reached in 13 steps. Dist = 0.0216m
2026-04-24 12:55:36,672 - [ENV] - --- EPISODE START | Scenario: TRANSIT | Start: [0.84458085 0.35924032 0.55      ] | Goal: [0.86345341 0.03649173 0.55      ] | DriftLimit: 0.0797 | FloorLimit: 0.4501 ---
2026-04-24 12:55:36,748 - [ENV] - SUCCESS: Goal reached in 13 steps. Dist = 0.0106m
2026-04-24 12:55:36,748 - [ENV] - --- EPISODE START | Scenario: TRANSIT | Start: [0.82889422 0.41195512 0.55      ] | Goal: [0.81303797 0.0095591  0.55      ] | DriftLimit: 0.0797 | FloorLimit: 0.4501 ---
2026-04-24 12:55:36,851 - [ENV] - SUCCESS: Goal reached in 20 steps. Dist = 0.0203m
2026-04-24 12:55:36,852 - [ENV] - --- EPISODE START | Scenario: TRANSIT | Start: [1.1559715  0.02874421 0.55      ] | Goal: [0.69809762 0.42369378 0.55      ] | DriftLimit: 0.0797 | FloorLimit: 0.4501 ---
2026-04-24 12:55:36,914 - [ENV] - SUCCESS: Goal reached in 15 steps. Dist = 0.0064m
2026-04-24 12:55:36,915 - [ENV] - --- EPISODE START | Scenario: TRANSIT | Start: [0.93502954 0.03245141 0.55      ] | Goal: [0.74023324 0.52549109 0.55      ] | DriftLimit: 0.0797 | FloorLimit: 0.4502 ---
2026-04-24 12:55:36,996 - [ENV] - SUCCESS: Goal reached in 21 steps. Dist = 0.0133m
2026-04-24 12:55:36,996 - [ENV] - --- EPISODE START | Scenario: TRANSIT | Start: [1.05731302 0.22084701 0.55      ] | Goal: [0.71232158 0.16472453 0.55      ] | DriftLimit: 0.0797 | FloorLimit: 0.4502 ---
2026-04-24 12:55:37,524 - [ENV] - --- EPISODE START | Scenario: TRANSIT | Start: [0.82551678 0.05946233 0.55      ] | Goal: [0.89715404 0.2131692  0.55      ] | DriftLimit: 0.0797 | FloorLimit: 0.4502 ---
2026-04-24 12:55:37,565 - [ENV] - SUCCESS: Goal reached in 5 steps. Dist = 0.0088m
2026-04-24 12:55:37,565 - [ENV] - --- EPISODE START | Scenario: TRANSIT | Start: [0.77225971 0.41193994 0.55      ] | Goal: [0.66852736 0.125488   0.55      ] | DriftLimit: 0.0797 | FloorLimit: 0.4502 ---
2026-04-24 12:55:37,636 - [ENV] - SUCCESS: Goal reached in 12 steps. Dist = 0.0109m
2026-04-24 12:55:37,637 - [ENV] - --- EPISODE START | Scenario: TRANSIT | Start: [1.14479527 0.47146901 0.55      ] | Goal: [0.85657039 0.22238774 0.55      ] | DriftLimit: 0.0797 | FloorLimit: 0.4502 ---
2026-04-24 12:55:37,687 - [ENV] - SUCCESS: Goal reached in 9 steps. Dist = 0.0044m
2026-04-24 12:55:37,688 - [ENV] - --- EPISODE START | Scenario: TRANSIT | Start: [0.8950647  0.48566024 0.55      ] | Goal: [0.93694311 0.39048006 0.55      ] | DriftLimit: 0.0797 | FloorLimit: 0.4502 ---
2026-04-24 12:55:37,728 - [ENV] - SUCCESS: Goal reached in 3 steps. Dist = 0.0100m
2026-04-24 12:55:37,729 - [ENV] - --- EPISODE START | Scenario: TRANSIT | Start: [0.8619104  0.50900362 0.55      ] | Goal: [0.61597451 0.19643542 0.55      ] | DriftLimit: 0.0797 | FloorLimit: 0.4502 ---
2026-04-24 12:55:38,352 - [ENV] - --- EPISODE START | Scenario: TRANSIT | Start: [0.73735211 0.39465861 0.55      ] | Goal: [0.81157679 0.48105484 0.55      ] | DriftLimit: 0.0797 | FloorLimit: 0.4502 ---
2026-04-24 12:55:38,409 - [ENV] - SUCCESS: Goal reached in 7 steps. Dist = 0.0206m
2026-04-24 12:55:38,409 - [ENV] - --- EPISODE START | Scenario: TRANSIT | Start: [1.15700927 0.47279075 0.55      ] | Goal: [0.84140508 0.45533011 0.55      ] | DriftLimit: 0.0796 | FloorLimit: 0.4502 ---
2026-04-24 12:55:38,468 - [ENV] - SUCCESS: Goal reached in 11 steps. Dist = 0.0145m
2026-04-24 12:55:38,469 - [ENV] - --- EPISODE START | Scenario: TRANSIT | Start: [0.69576103 0.3293453  0.55      ] | Goal: [0.95399519 0.21884772 0.55      ] | DriftLimit: 0.0796 | FloorLimit: 0.4502 ---
2026-04-24 12:55:38,529 - [ENV] - SUCCESS: Goal reached in 8 steps. Dist = 0.0093m
2026-04-24 12:55:38,529 - [ENV] - --- EPISODE START | Scenario: TRANSIT | Start: [0.60957029 0.19653096 0.55      ] | Goal: [0.68646367 0.28150064 0.55      ] | DriftLimit: 0.0796 | FloorLimit: 0.4502 ---
2026-04-24 12:55:39,108 - [ENV] - --- EPISODE START | Scenario: TRANSIT | Start: [0.61031693 0.07589978 0.55      ] | Goal: [1.07681194 0.18432333 0.55      ] | DriftLimit: 0.0796 | FloorLimit: 0.4502 ---
2026-04-24 12:55:39,204 - [ENV] - SUCCESS: Goal reached in 25 steps. Dist = 0.0088m
2026-04-24 12:55:39,204 - [ENV] - --- EPISODE START | Scenario: TRANSIT | Start: [1.09283929 0.23100526 0.55      ] | Goal: [0.94126849 0.23952591 0.55      ] | DriftLimit: 0.0796 | FloorLimit: 0.4502 ---
2026-04-24 12:55:39,266 - [ENV] - SUCCESS: Goal reached in 8 steps. Dist = 0.0200m
2026-04-24 12:55:39,266 - [ENV] - --- EPISODE START | Scenario: TRANSIT | Start: [0.92892956 0.44499472 0.55      ] | Goal: [1.1504577  0.33809449 0.55      ] | DriftLimit: 0.0796 | FloorLimit: 0.4502 ---
2026-04-24 12:55:39,347 - [ENV] - SUCCESS: Goal reached in 10 steps. Dist = 0.0118m
2026-04-24 12:55:39,349 - [ENV] - --- EPISODE START | Scenario: TRANSIT | Start: [0.85856051 0.39850511 0.55      ] | Goal: [0.750769   0.27701526 0.55      ] | DriftLimit: 0.0796 | FloorLimit: 0.4502 ---
2026-04-24 12:55:39,602 - [ENV] - SUCCESS: Goal reached in 46 steps. Dist = 0.0184m
2026-04-24 12:55:39,603 - [ENV] - --- EPISODE START | Scenario: TRANSIT | Start: [0.72562207 0.05682288 0.55      ] | Goal: [0.88298278 0.01434154 0.55      ] | DriftLimit: 0.0796 | FloorLimit: 0.4502 ---
2026-04-24 12:55:39,643 - [ENV] - SUCCESS: Goal reached in 7 steps. Dist = 0.0094m
2026-04-24 12:55:39,644 - [ENV] - --- EPISODE START | Scenario: TRANSIT | Start: [0.82470288 0.24988994 0.55      ] | Goal: [0.71062117 0.12722999 0.55      ] | DriftLimit: 0.0796 | FloorLimit: 0.4502 ---
2026-04-24 12:55:40,316 - [ENV] - --- EPISODE START | Scenario: TRANSIT | Start: [1.13290181 0.30564688 0.55      ] | Goal: [0.60780155 0.48268138 0.55      ] | DriftLimit: 0.0796 | FloorLimit: 0.4502 ---
2026-04-24 12:55:40,386 - [ENV] - SUCCESS: Goal reached in 16 steps. Dist = 0.0207m
2026-04-24 12:55:40,387 - [ENV] - --- EPISODE START | Scenario: TRANSIT | Start: [1.06801004 0.35206751 0.55      ] | Goal: [ 0.97381428 -0.00104749  0.55      ] | DriftLimit: 0.0796 | FloorLimit: 0.4502 ---
2026-04-24 12:55:40,468 - [ENV] - SUCCESS: Goal reached in 12 steps. Dist = 0.0149m
2026-04-24 12:55:40,468 - [ENV] - --- EPISODE START | Scenario: TRANSIT | Start: [0.70745194 0.52184196 0.55      ] | Goal: [0.6770829  0.06445519 0.55      ] | DriftLimit: 0.0796 | FloorLimit: 0.4502 ---
2026-04-24 12:55:40,546 - [ENV] - SUCCESS: Goal reached in 18 steps. Dist = 0.0129m
2026-04-24 12:55:40,546 - [ENV] - --- EPISODE START | Scenario: TRANSIT | Start: [0.7241618  0.25852282 0.55      ] | Goal: [0.76632766 0.12853211 0.55      ] | DriftLimit: 0.0796 | FloorLimit: 0.4502 ---
2026-04-24 12:55:40,724 - [ENV] - SUCCESS: Goal reached in 35 steps. Dist = 0.0207m
2026-04-24 12:55:40,725 - [ENV] - --- EPISODE START | Scenario: TRANSIT | Start: [1.08488474 0.10843322 0.55      ] | Goal: [0.66232975 0.05921691 0.55      ] | DriftLimit: 0.0795 | FloorLimit: 0.4502 ---
2026-04-24 12:55:40,790 - [ENV] - SUCCESS: Goal reached in 19 steps. Dist = 0.0149m
2026-04-24 12:55:40,791 - [ENV] - --- EPISODE START | Scenario: TRANSIT | Start: [0.69703084 0.34069446 0.55      ] | Goal: [1.01100789 0.15279734 0.55      ] | DriftLimit: 0.0795 | FloorLimit: 0.4502 ---
2026-04-24 12:55:40,905 - [ENV] - SUCCESS: Goal reached in 10 steps. Dist = 0.0086m
2026-04-24 12:55:40,905 - [ENV] - --- EPISODE START | Scenario: TRANSIT | Start: [1.09873212 0.23264673 0.55      ] | Goal: [0.93668484 0.32458128 0.55      ] | DriftLimit: 0.0795 | FloorLimit: 0.4502 ---
2026-04-24 12:55:41,433 - [ENV] - --- EPISODE START | Scenario: TRANSIT | Start: [0.65204244 0.07936738 0.55      ] | Goal: [0.83129473 0.36597582 0.55      ] | DriftLimit: 0.0795 | FloorLimit: 0.4503 ---
2026-04-24 12:55:41,939 - [ENV] - --- EPISODE START | Scenario: TRANSIT | Start: [0.9050954  0.43946348 0.55      ] | Goal: [0.7892114  0.28273121 0.55      ] | DriftLimit: 0.0795 | FloorLimit: 0.4503 ---
2026-04-24 12:55:41,992 - [ENV] - SUCCESS: Goal reached in 5 steps. Dist = 0.0108m
2026-04-24 12:55:41,992 - [ENV] - --- EPISODE START | Scenario: TRANSIT | Start: [0.61412247 0.31126971 0.55      ] | Goal: [0.65363474 0.49307337 0.55      ] | DriftLimit: 0.0795 | FloorLimit: 0.4503 ---
2026-04-24 12:55:42,574 - [ENV] - --- EPISODE START | Scenario: TRANSIT | Start: [0.72303946 0.33653986 0.55      ] | Goal: [0.7283395  0.47235943 0.55      ] | DriftLimit: 0.0794 | FloorLimit: 0.4503 ---
2026-04-24 12:55:42,668 - [ENV] - SUCCESS: Goal reached in 18 steps. Dist = 0.0107m
2026-04-24 12:55:42,669 - [ENV] - --- EPISODE START | Scenario: TRANSIT | Start: [0.71921202 0.07246964 0.55      ] | Goal: [0.80853179 0.38849636 0.55      ] | DriftLimit: 0.0794 | FloorLimit: 0.4503 ---
2026-04-24 12:55:42,724 - [ENV] - SUCCESS: Goal reached in 13 steps. Dist = 0.0110m
2026-04-24 12:55:42,724 - [ENV] - --- EPISODE START | Scenario: TRANSIT | Start: [1.04133027 0.11393316 0.55      ] | Goal: [0.87336187 0.02609933 0.55      ] | DriftLimit: 0.0794 | FloorLimit: 0.4503 ---
2026-04-24 12:55:42,783 - [ENV] - SUCCESS: Goal reached in 13 steps. Dist = 0.0095m
2026-04-24 12:55:42,784 - [ENV] - --- EPISODE START | Scenario: TRANSIT | Start: [0.6959513 0.4818665 0.55     ] | Goal: [0.89661449 0.04703348 0.55      ] | DriftLimit: 0.0794 | FloorLimit: 0.4503 ---
2026-04-24 12:55:42,867 - [ENV] - SUCCESS: Goal reached in 16 steps. Dist = 0.0190m
2026-04-24 12:55:42,868 - [ENV] - --- EPISODE START | Scenario: TRANSIT | Start: [0.68167474 0.18742985 0.55      ] | Goal: [1.10729982 0.07110622 0.55      ] | DriftLimit: 0.0794 | FloorLimit: 0.4503 ---
2026-04-24 12:55:42,966 - [ENV] - SUCCESS: Goal reached in 13 steps. Dist = 0.0100m
2026-04-24 12:55:42,966 - [ENV] - --- EPISODE START | Scenario: TRANSIT | Start: [0.84386287 0.33639349 0.55      ] | Goal: [0.82661907 0.22091047 0.55      ] | DriftLimit: 0.0794 | FloorLimit: 0.4503 ---
2026-04-24 12:55:43,065 - [ENV] - SUCCESS: Goal reached in 9 steps. Dist = 0.0152m
2026-04-24 12:55:43,065 - [ENV] - --- EPISODE START | Scenario: TRANSIT | Start: [0.87807824 0.03307466 0.55      ] | Goal: [0.73338468 0.39356565 0.55      ] | DriftLimit: 0.0794 | FloorLimit: 0.4503 ---
2026-04-24 12:55:43,140 - [ENV] - SUCCESS: Goal reached in 18 steps. Dist = 0.0133m
2026-04-24 12:55:43,141 - [ENV] - --- EPISODE START | Scenario: TRANSIT | Start: [0.70736922 0.24620354 0.55      ] | Goal: [0.81801807 0.33737815 0.55      ] | DriftLimit: 0.0794 | FloorLimit: 0.4503 ---
2026-04-24 12:55:43,312 - [ENV] - SUCCESS: Goal reached in 22 steps. Dist = 0.0185m
2026-04-24 12:55:43,312 - [ENV] - --- EPISODE START | Scenario: TRANSIT | Start: [1.13836457 0.18271695 0.55      ] | Goal: [0.7295742 0.0741313 0.55     ] | DriftLimit: 0.0794 | FloorLimit: 0.4503 ---
2026-04-24 12:55:43,389 - [ENV] - SUCCESS: Goal reached in 16 steps. Dist = 0.0148m
2026-04-24 12:55:43,390 - [ENV] - --- EPISODE START | Scenario: TRANSIT | Start: [0.90551279 0.08108286 0.55      ] | Goal: [0.99994691 0.23997748 0.55      ] | DriftLimit: 0.0794 | FloorLimit: 0.4503 ---
2026-04-24 12:55:43,428 - [ENV] - SUCCESS: Goal reached in 5 steps. Dist = 0.0048m
2026-04-24 12:55:43,429 - [ENV] - --- EPISODE START | Scenario: TRANSIT | Start: [0.82753373 0.33305318 0.55      ] | Goal: [1.14793395 0.22519346 0.55      ] | DriftLimit: 0.0794 | FloorLimit: 0.4503 ---
2026-04-24 12:55:43,511 - [ENV] - SUCCESS: Goal reached in 16 steps. Dist = 0.0107m
2026-04-24 12:55:43,512 - [ENV] - --- EPISODE START | Scenario: TRANSIT | Start: [0.71283125 0.32490131 0.55      ] | Goal: [0.69670694 0.1903666  0.55      ] | DriftLimit: 0.0794 | FloorLimit: 0.4503 ---
2026-04-24 12:55:43,612 - [ENV] - TERMINATED (Transit): Floor collision. Z = 0.4500m (Min 0.450m) at step 14
2026-04-24 12:55:43,612 - [ENV] - Episode ended without success at step 14. Final dist: 0.1014m
2026-04-24 12:55:43,612 - [ENV] - --- EPISODE START | Scenario: TRANSIT | Start: [0.66998581 0.05973281 0.55      ] | Goal: [0.79261923 0.29267188 0.55      ] | DriftLimit: 0.0794 | FloorLimit: 0.4503 ---
2026-04-24 12:55:43,662 - [ENV] - SUCCESS: Goal reached in 9 steps. Dist = 0.0148m
2026-04-24 12:55:43,662 - [ENV] - --- EPISODE START | Scenario: TRANSIT | Start: [0.71466831 0.21444835 0.55      ] | Goal: [1.0632095  0.44049006 0.55      ] | DriftLimit: 0.0794 | FloorLimit: 0.4503 ---
2026-04-24 12:55:44,158 - [ENV] - --- EPISODE START | Scenario: TRANSIT | Start: [0.66637039 0.43934204 0.55      ] | Goal: [1.0730265  0.27665963 0.55      ] | DriftLimit: 0.0794 | FloorLimit: 0.4503 ---
2026-04-24 12:55:44,723 - [ENV] - --- EPISODE START | Scenario: DESCEND | Start: [0.99502746 0.33036378 0.55      ] | Goal: [0.99502746 0.33036378 0.41      ] | DriftLimit: 0.0800 | FloorLimit: 0.4500 ---
2026-04-24 12:55:45,272 - [ENV] - --- EPISODE START | Scenario: DESCEND | Start: [0.89560895 0.22995186 0.55      ] | Goal: [0.89560895 0.22995186 0.41      ] | DriftLimit: 0.0800 | FloorLimit: 0.4500 ---
2026-04-24 12:55:45,517 - [ENV] - SUCCESS: Goal reached in 76 steps. Dist = 0.0099m
2026-04-24 12:55:45,518 - [ENV] - --- EPISODE START | Scenario: DESCEND | Start: [0.76612586 0.45572531 0.55      ] | Goal: [0.76612586 0.45572531 0.415     ] | DriftLimit: 0.0800 | FloorLimit: 0.4500 ---
2026-04-24 12:55:46,066 - [ENV] - --- EPISODE START | Scenario: DESCEND | Start: [0.8809379 0.3620038 0.55     ] | Goal: [0.8809379 0.3620038 0.41     ] | DriftLimit: 0.0799 | FloorLimit: 0.4500 ---
2026-04-24 12:55:46,326 - [ENV] - SUCCESS: Goal reached in 76 steps. Dist = 0.0100m
2026-04-24 12:55:46,327 - [ENV] - --- EPISODE START | Scenario: DESCEND | Start: [0.97803709 0.20054437 0.55      ] | Goal: [0.97803709 0.20054437 0.41      ] | DriftLimit: 0.0799 | FloorLimit: 0.4501 ---
2026-04-24 12:55:46,863 - [ENV] - --- EPISODE START | Scenario: DESCEND | Start: [0.9297312 0.1268295 0.55     ] | Goal: [0.9297312 0.1268295 0.41     ] | DriftLimit: 0.0799 | FloorLimit: 0.4501 ---
2026-04-24 12:55:46,908 - [ENV] - SUCCESS: Goal reached in 7 steps. Dist = 0.0096m
2026-04-24 12:55:46,908 - [ENV] - --- EPISODE START | Scenario: DESCEND | Start: [0.90488199 0.04409119 0.55      ] | Goal: [0.90488199 0.04409119 0.41      ] | DriftLimit: 0.0799 | FloorLimit: 0.4501 ---
2026-04-24 12:55:47,434 - [ENV] - --- EPISODE START | Scenario: DESCEND | Start: [0.95603857 0.04800715 0.55      ] | Goal: [0.95603857 0.04800715 0.415     ] | DriftLimit: 0.0798 | FloorLimit: 0.4501 ---
2026-04-24 12:55:47,479 - [ENV] - SUCCESS: Goal reached in 7 steps. Dist = 0.0099m
2026-04-24 12:55:47,480 - [ENV] - --- EPISODE START | Scenario: DESCEND | Start: [0.97493249 0.27763981 0.55      ] | Goal: [0.97493249 0.27763981 0.415     ] | DriftLimit: 0.0798 | FloorLimit: 0.4501 ---
2026-04-24 12:55:48,035 - [ENV] - --- EPISODE START | Scenario: DESCEND | Start: [0.94849579 0.29604543 0.55      ] | Goal: [0.94849579 0.29604543 0.41      ] | DriftLimit: 0.0798 | FloorLimit: 0.4501 ---
2026-04-24 12:55:48,207 - [ENV] - SUCCESS: Goal reached in 33 steps. Dist = 0.0099m
2026-04-24 12:55:48,208 - [ENV] - --- EPISODE START | Scenario: DESCEND | Start: [1.10221599 0.05834823 0.55      ] | Goal: [1.10221599 0.05834823 0.41      ] | DriftLimit: 0.0798 | FloorLimit: 0.4501 ---
2026-04-24 12:55:48,743 - [ENV] - --- EPISODE START | Scenario: DESCEND | Start: [0.65812158 0.11333509 0.55      ] | Goal: [0.65812158 0.11333509 0.415     ] | DriftLimit: 0.0798 | FloorLimit: 0.4501 ---
2026-04-24 12:55:48,870 - [ENV] - SUCCESS: Goal reached in 35 steps. Dist = 0.0100m
2026-04-24 12:55:48,871 - [ENV] - --- EPISODE START | Scenario: DESCEND | Start: [0.73053405 0.11924581 0.55      ] | Goal: [0.73053405 0.11924581 0.41      ] | DriftLimit: 0.0798 | FloorLimit: 0.4501 ---
2026-04-24 12:55:49,452 - [ENV] - --- EPISODE START | Scenario: DESCEND | Start: [0.97507612 0.42448868 0.55      ] | Goal: [0.97507612 0.42448868 0.415     ] | DriftLimit: 0.0797 | FloorLimit: 0.4501 ---
2026-04-24 12:55:50,058 - [ENV] - --- EPISODE START | Scenario: DESCEND | Start: [0.74200869 0.29902166 0.55      ] | Goal: [0.74200869 0.29902166 0.41      ] | DriftLimit: 0.0797 | FloorLimit: 0.4502 ---
2026-04-24 12:55:50,723 - [ENV] - --- EPISODE START | Scenario: DESCEND | Start: [1.11372802 0.19796353 0.55      ] | Goal: [1.11372802 0.19796353 0.415     ] | DriftLimit: 0.0797 | FloorLimit: 0.4502 ---
2026-04-24 12:55:51,176 - [ENV] - SUCCESS: Goal reached in 131 steps. Dist = 0.0100m
2026-04-24 12:55:51,176 - [ENV] - --- EPISODE START | Scenario: DESCEND | Start: [1.05794426 0.52050741 0.55      ] | Goal: [1.05794426 0.52050741 0.415     ] | DriftLimit: 0.0796 | FloorLimit: 0.4502 ---
2026-04-24 12:55:51,417 - [ENV] - SUCCESS: Goal reached in 28 steps. Dist = 0.0098m
2026-04-24 12:55:51,417 - [ENV] - --- EPISODE START | Scenario: DESCEND | Start: [0.9735196  0.01890791 0.55      ] | Goal: [0.9735196  0.01890791 0.415     ] | DriftLimit: 0.0796 | FloorLimit: 0.4502 ---
2026-04-24 12:55:51,450 - [ENV] - SUCCESS: Goal reached in 5 steps. Dist = 0.0099m
2026-04-24 12:55:51,451 - [ENV] - --- EPISODE START | Scenario: DESCEND | Start: [0.98372405 0.43719984 0.55      ] | Goal: [0.98372405 0.43719984 0.41      ] | DriftLimit: 0.0796 | FloorLimit: 0.4502 ---
2026-04-24 12:55:51,639 - [ENV] - SUCCESS: Goal reached in 49 steps. Dist = 0.0099m
2026-04-24 12:55:51,640 - [ENV] - --- EPISODE START | Scenario: DESCEND | Start: [0.70004675 0.35350634 0.55      ] | Goal: [0.70004675 0.35350634 0.415     ] | DriftLimit: 0.0796 | FloorLimit: 0.4502 ---
2026-04-24 12:55:52,216 - [ENV] - --- EPISODE START | Scenario: DESCEND | Start: [0.92681322 0.53866163 0.55      ] | Goal: [0.92681322 0.53866163 0.415     ] | DriftLimit: 0.0796 | FloorLimit: 0.4502 ---
2026-04-24 12:55:52,361 - [ENV] - SUCCESS: Goal reached in 39 steps. Dist = 0.0099m
2026-04-24 12:55:52,362 - [ENV] - --- EPISODE START | Scenario: DESCEND | Start: [1.1246637  0.12611405 0.55      ] | Goal: [1.1246637  0.12611405 0.41      ] | DriftLimit: 0.0796 | FloorLimit: 0.4502 ---
2026-04-24 12:55:52,918 - [ENV] - --- EPISODE START | Scenario: DESCEND | Start: [0.74269737 0.53644196 0.55      ] | Goal: [0.74269737 0.53644196 0.415     ] | DriftLimit: 0.0796 | FloorLimit: 0.4502 ---
2026-04-24 12:55:53,501 - [ENV] - --- EPISODE START | Scenario: DESCEND | Start: [0.6473116  0.00195881 0.55      ] | Goal: [0.6473116  0.00195881 0.41      ] | DriftLimit: 0.0795 | FloorLimit: 0.4503 ---
2026-04-24 12:55:53,539 - [ENV] - SUCCESS: Goal reached in 6 steps. Dist = 0.0088m
2026-04-24 12:55:53,540 - [ENV] - --- EPISODE START | Scenario: DESCEND | Start: [0.71640992 0.35828872 0.55      ] | Goal: [0.71640992 0.35828872 0.415     ] | DriftLimit: 0.0795 | FloorLimit: 0.4503 ---
2026-04-24 12:55:53,710 - [ENV] - SUCCESS: Goal reached in 42 steps. Dist = 0.0099m
2026-04-24 12:55:53,711 - [ENV] - --- EPISODE START | Scenario: DESCEND | Start: [0.90185146 0.39908199 0.55      ] | Goal: [0.90185146 0.39908199 0.415     ] | DriftLimit: 0.0795 | FloorLimit: 0.4503 ---
2026-04-24 12:55:54,341 - [ENV] - --- EPISODE START | Scenario: DESCEND | Start: [0.790948   0.45807147 0.55      ] | Goal: [0.790948   0.45807147 0.415     ] | DriftLimit: 0.0795 | FloorLimit: 0.4503 ---
2026-04-24 12:55:54,467 - [ENV] - SUCCESS: Goal reached in 28 steps. Dist = 0.0100m
2026-04-24 12:55:54,467 - [ENV] - --- EPISODE START | Scenario: DESCEND | Start: [0.87756993 0.10367413 0.55      ] | Goal: [0.87756993 0.10367413 0.415     ] | DriftLimit: 0.0795 | FloorLimit: 0.4503 ---
2026-04-24 12:55:54,516 - [ENV] - SUCCESS: Goal reached in 6 steps. Dist = 0.0051m
2026-04-24 12:55:54,516 - [ENV] - --- EPISODE START | Scenario: DESCEND | Start: [0.67209563 0.36514393 0.55      ] | Goal: [0.67209563 0.36514393 0.41      ] | DriftLimit: 0.0795 | FloorLimit: 0.4503 ---
2026-04-24 12:55:54,627 - [ENV] - SUCCESS: Goal reached in 22 steps. Dist = 0.0100m
2026-04-24 12:55:54,628 - [ENV] - --- EPISODE START | Scenario: DESCEND | Start: [0.83530418 0.19966932 0.55      ] | Goal: [0.83530418 0.19966932 0.415     ] | DriftLimit: 0.0795 | FloorLimit: 0.4503 ---
2026-04-24 12:55:55,218 - [ENV] - --- EPISODE START | Scenario: DESCEND | Start: [1.09210278 0.31711831 0.55      ] | Goal: [1.09210278 0.31711831 0.415     ] | DriftLimit: 0.0794 | FloorLimit: 0.4503 ---
2026-04-24 12:55:55,761 - [ENV] - --- EPISODE START | Scenario: DESCEND | Start: [0.7069817  0.43965136 0.55      ] | Goal: [0.7069817  0.43965136 0.41      ] | DriftLimit: 0.0794 | FloorLimit: 0.4503 ---
2026-04-24 12:55:56,339 - [ENV] - --- EPISODE START | Scenario: DESCEND | Start: [0.97812777 0.14414983 0.55      ] | Goal: [0.97812777 0.14414983 0.41      ] | DriftLimit: 0.0794 | FloorLimit: 0.4503 ---
2026-04-24 12:55:56,896 - [ENV] - --- EPISODE START | Scenario: DESCEND | Start: [0.67352118 0.52082466 0.55      ] | Goal: [0.67352118 0.52082466 0.415     ] | DriftLimit: 0.0793 | FloorLimit: 0.4504 ---
2026-04-24 12:55:56,992 - [ENV] - SUCCESS: Goal reached in 19 steps. Dist = 0.0099m
2026-04-24 12:55:56,993 - [ENV] - --- EPISODE START | Scenario: DESCEND | Start: [0.92820857 0.14158261 0.55      ] | Goal: [0.92820857 0.14158261 0.41      ] | DriftLimit: 0.0793 | FloorLimit: 0.4504 ---
2026-04-24 12:55:57,045 - [ENV] - SUCCESS: Goal reached in 6 steps. Dist = 0.0094m
2026-04-24 12:55:57,046 - [ENV] - --- EPISODE START | Scenario: DESCEND | Start: [0.70386637 0.04652095 0.55      ] | Goal: [0.70386637 0.04652095 0.41      ] | DriftLimit: 0.0793 | FloorLimit: 0.4504 ---
2026-04-24 12:55:57,609 - [ENV] - --- EPISODE START | Scenario: DESCEND | Start: [0.86910694 0.3934795  0.55      ] | Goal: [0.86910694 0.3934795  0.415     ] | DriftLimit: 0.0793 | FloorLimit: 0.4504 ---
2026-04-24 12:55:58,195 - [ENV] - --- EPISODE START | Scenario: DESCEND | Start: [0.88158582 0.49121634 0.55      ] | Goal: [0.88158582 0.49121634 0.415     ] | DriftLimit: 0.0793 | FloorLimit: 0.4504 ---
2026-04-24 12:55:58,328 - [ENV] - SUCCESS: Goal reached in 16 steps. Dist = 0.0099m
2026-04-24 12:55:58,329 - [ENV] - --- EPISODE START | Scenario: DESCEND | Start: [0.87862661 0.2973844  0.55      ] | Goal: [0.87862661 0.2973844  0.41      ] | DriftLimit: 0.0793 | FloorLimit: 0.4504 ---
2026-04-24 12:55:58,551 - [ENV] - SUCCESS: Goal reached in 53 steps. Dist = 0.0100m
2026-04-24 12:55:58,552 - [ENV] - --- EPISODE START | Scenario: DESCEND | Start: [0.98264827 0.34783901 0.55      ] | Goal: [0.98264827 0.34783901 0.41      ] | DriftLimit: 0.0793 | FloorLimit: 0.4504 ---
2026-04-24 12:55:59,123 - [ENV] - --- EPISODE START | Scenario: DESCEND | Start: [0.6818941  0.02721262 0.55      ] | Goal: [0.6818941  0.02721262 0.415     ] | DriftLimit: 0.0792 | FloorLimit: 0.4504 ---
2026-04-24 12:55:59,199 - [ENV] - SUCCESS: Goal reached in 16 steps. Dist = 0.0098m
2026-04-24 12:55:59,201 - [ENV] - --- EPISODE START | Scenario: DESCEND | Start: [1.13020205 0.43533696 0.55      ] | Goal: [1.13020205 0.43533696 0.415     ] | DriftLimit: 0.0792 | FloorLimit: 0.4504 ---
2026-04-24 12:55:59,266 - [ENV] - SUCCESS: Goal reached in 13 steps. Dist = 0.0094m
2026-04-24 12:55:59,266 - [ENV] - --- EPISODE START | Scenario: DESCEND | Start: [0.65618998 0.39419571 0.55      ] | Goal: [0.65618998 0.39419571 0.415     ] | DriftLimit: 0.0792 | FloorLimit: 0.4504 ---
2026-04-24 12:55:59,867 - [ENV] - --- EPISODE START | Scenario: DESCEND | Start: [0.67640331 0.4232024  0.55      ] | Goal: [0.67640331 0.4232024  0.41      ] | DriftLimit: 0.0792 | FloorLimit: 0.4504 ---
2026-04-24 12:56:00,479 - [ENV] - --- EPISODE START | Scenario: DESCEND | Start: [0.9663489  0.44590384 0.55      ] | Goal: [0.9663489  0.44590384 0.415     ] | DriftLimit: 0.0792 | FloorLimit: 0.4505 ---
2026-04-24 12:56:01,010 - [ENV] - --- EPISODE START | Scenario: DESCEND | Start: [0.99072576 0.05082972 0.55      ] | Goal: [0.99072576 0.05082972 0.415     ] | DriftLimit: 0.0791 | FloorLimit: 0.4505 ---
2026-04-24 12:56:01,046 - [ENV] - SUCCESS: Goal reached in 6 steps. Dist = 0.0090m
2026-04-24 12:56:01,047 - [ENV] - --- EPISODE START | Scenario: DESCEND | Start: [ 1.08305098 -0.0143262   0.55      ] | Goal: [ 1.08305098 -0.0143262   0.41      ] | DriftLimit: 0.0791 | FloorLimit: 0.4505 ---
2026-04-24 12:56:01,077 - [ENV] - SUCCESS: Goal reached in 4 steps. Dist = 0.0098m
2026-04-24 12:56:01,078 - [ENV] - --- EPISODE START | Scenario: DESCEND | Start: [ 0.65030426 -0.01255057  0.55      ] | Goal: [ 0.65030426 -0.01255057  0.41      ] | DriftLimit: 0.0791 | FloorLimit: 0.4505 ---
2026-04-24 12:56:01,118 - [ENV] - SUCCESS: Goal reached in 7 steps. Dist = 0.0084m
2026-04-24 12:56:01,119 - [ENV] - --- EPISODE START | Scenario: DESCEND | Start: [0.65164023 0.07716326 0.55      ] | Goal: [0.65164023 0.07716326 0.41      ] | DriftLimit: 0.0791 | FloorLimit: 0.4505 ---
2026-04-24 12:56:01,165 - [ENV] - SUCCESS: Goal reached in 8 steps. Dist = 0.0100m
2026-04-24 12:56:01,166 - [ENV] - --- EPISODE START | Scenario: DESCEND | Start: [1.0194611  0.47584308 0.55      ] | Goal: [1.0194611  0.47584308 0.415     ] | DriftLimit: 0.0791 | FloorLimit: 0.4505 ---
2026-04-24 12:56:01,290 - [ENV] - SUCCESS: Goal reached in 31 steps. Dist = 0.0099m
2026-04-24 12:56:01,291 - [ENV] - --- EPISODE START | Scenario: DESCEND | Start: [1.04430183 0.10563099 0.55      ] | Goal: [1.04430183 0.10563099 0.415     ] | DriftLimit: 0.0791 | FloorLimit: 0.4505 ---
2026-04-24 12:56:01,840 - [ENV] - --- EPISODE START | Scenario: DESCEND | Start: [1.08071446 0.30171292 0.55      ] | Goal: [1.08071446 0.30171292 0.415     ] | DriftLimit: 0.0791 | FloorLimit: 0.4505 ---
2026-04-24 12:56:02,428 - [ENV] - --- EPISODE START | Scenario: DESCEND | Start: [1.10105106 0.32951491 0.55      ] | Goal: [1.10105106 0.32951491 0.415     ] | DriftLimit: 0.0791 | FloorLimit: 0.4505 ---
2026-04-24 12:56:02,976 - [ENV] - --- EPISODE START | Scenario: DESCEND | Start: [0.77314093 0.04122462 0.55      ] | Goal: [0.77314093 0.04122462 0.415     ] | DriftLimit: 0.0790 | FloorLimit: 0.4505 ---
2026-04-24 12:56:03,026 - [ENV] - SUCCESS: Goal reached in 8 steps. Dist = 0.0080m
2026-04-24 12:56:03,027 - [ENV] - --- EPISODE START | Scenario: DESCEND | Start: [0.70351208 0.25478908 0.55      ] | Goal: [0.70351208 0.25478908 0.41      ] | DriftLimit: 0.0790 | FloorLimit: 0.4505 ---
2026-04-24 12:56:03,842 - [ENV] - --- EPISODE START | Scenario: DESCEND | Start: [0.98920718 0.32310828 0.55      ] | Goal: [0.98920718 0.32310828 0.41      ] | DriftLimit: 0.0790 | FloorLimit: 0.4506 ---
2026-04-24 12:56:04,406 - [ENV] - --- EPISODE START | Scenario: DESCEND | Start: [1.0328362  0.38608658 0.55      ] | Goal: [1.0328362  0.38608658 0.415     ] | DriftLimit: 0.0790 | FloorLimit: 0.4506 ---
2026-04-24 12:56:04,958 - [ENV] - --- EPISODE START | Scenario: DESCEND | Start: [0.84531685 0.4756514  0.55      ] | Goal: [0.84531685 0.4756514  0.41      ] | DriftLimit: 0.0789 | FloorLimit: 0.4506 ---
2026-04-24 12:56:05,506 - [ENV] - --- EPISODE START | Scenario: DESCEND | Start: [0.73721375 0.03875651 0.55      ] | Goal: [0.73721375 0.03875651 0.41      ] | DriftLimit: 0.0789 | FloorLimit: 0.4506 ---
2026-04-24 12:56:06,066 - [ENV] - --- EPISODE START | Scenario: DESCEND | Start: [1.0750207  0.52107972 0.55      ] | Goal: [1.0750207  0.52107972 0.41      ] | DriftLimit: 0.0789 | FloorLimit: 0.4506 ---
2026-04-24 12:56:06,132 - [ENV] - SUCCESS: Goal reached in 8 steps. Dist = 0.0099m
2026-04-24 12:56:06,132 - [ENV] - --- EPISODE START | Scenario: DESCEND | Start: [0.72376933 0.12046447 0.55      ] | Goal: [0.72376933 0.12046447 0.415     ] | DriftLimit: 0.0789 | FloorLimit: 0.4506 ---
2026-04-24 12:56:06,754 - [ENV] - --- EPISODE START | Scenario: DESCEND | Start: [0.89717159 0.07352172 0.55      ] | Goal: [0.89717159 0.07352172 0.41      ] | DriftLimit: 0.0788 | FloorLimit: 0.4506 ---
2026-04-24 12:56:06,805 - [ENV] - SUCCESS: Goal reached in 7 steps. Dist = 0.0093m
2026-04-24 12:56:06,805 - [ENV] - --- EPISODE START | Scenario: DESCEND | Start: [0.79434947 0.43173872 0.55      ] | Goal: [0.79434947 0.43173872 0.41      ] | DriftLimit: 0.0788 | FloorLimit: 0.4506 ---
2026-04-24 12:56:07,446 - [ENV] - --- EPISODE START | Scenario: DESCEND | Start: [0.70559034 0.31221122 0.55      ] | Goal: [0.70559034 0.31221122 0.415     ] | DriftLimit: 0.0788 | FloorLimit: 0.4507 ---
2026-04-24 12:56:07,523 - [ENV] - SUCCESS: Goal reached in 6 steps. Dist = 0.0088m
2026-04-24 12:56:07,525 - [ENV] - --- EPISODE START | Scenario: DESCEND | Start: [0.94572786 0.431242   0.55      ] | Goal: [0.94572786 0.431242   0.41      ] | DriftLimit: 0.0788 | FloorLimit: 0.4507 ---
2026-04-24 12:56:07,726 - [ENV] - SUCCESS: Goal reached in 43 steps. Dist = 0.0100m
2026-04-24 12:56:07,727 - [ENV] - --- EPISODE START | Scenario: DESCEND | Start: [0.88583999 0.45920331 0.55      ] | Goal: [0.88583999 0.45920331 0.415     ] | DriftLimit: 0.0788 | FloorLimit: 0.4507 ---
2026-04-24 12:56:07,809 - [ENV] - SUCCESS: Goal reached in 18 steps. Dist = 0.0099m
2026-04-24 12:56:07,810 - [ENV] - --- EPISODE START | Scenario: DESCEND | Start: [1.15478871 0.1895069  0.55      ] | Goal: [1.15478871 0.1895069  0.415     ] | DriftLimit: 0.0788 | FloorLimit: 0.4507 ---
2026-04-24 12:56:07,935 - [ENV] - SUCCESS: Goal reached in 12 steps. Dist = 0.0099m
2026-04-24 12:56:07,937 - [ENV] - --- EPISODE START | Scenario: DESCEND | Start: [ 0.6047096  -0.00203416  0.55      ] | Goal: [ 0.6047096  -0.00203416  0.41      ] | DriftLimit: 0.0788 | FloorLimit: 0.4507 ---
2026-04-24 12:56:07,997 - [ENV] - SUCCESS: Goal reached in 6 steps. Dist = 0.0084m
2026-04-24 12:56:07,998 - [ENV] - --- EPISODE START | Scenario: DESCEND | Start: [0.90876236 0.17010916 0.55      ] | Goal: [0.90876236 0.17010916 0.415     ] | DriftLimit: 0.0788 | FloorLimit: 0.4507 ---
2026-04-24 12:56:08,058 - [ENV] - SUCCESS: Goal reached in 5 steps. Dist = 0.0066m
2026-04-24 12:56:08,058 - [ENV] - --- EPISODE START | Scenario: DESCEND | Start: [0.85227658 0.36080278 0.55      ] | Goal: [0.85227658 0.36080278 0.41      ] | DriftLimit: 0.0788 | FloorLimit: 0.4507 ---
2026-04-24 12:56:08,328 - [ENV] - SUCCESS: Goal reached in 64 steps. Dist = 0.0100m
2026-04-24 12:56:08,328 - [ENV] - --- EPISODE START | Scenario: DESCEND | Start: [1.07460351 0.04873772 0.55      ] | Goal: [1.07460351 0.04873772 0.415     ] | DriftLimit: 0.0788 | FloorLimit: 0.4507 ---
2026-04-24 12:56:08,365 - [ENV] - SUCCESS: Goal reached in 5 steps. Dist = 0.0091m
2026-04-24 12:56:08,365 - [ENV] - --- EPISODE START | Scenario: DESCEND | Start: [0.67028137 0.37083891 0.55      ] | Goal: [0.67028137 0.37083891 0.415     ] | DriftLimit: 0.0788 | FloorLimit: 0.4507 ---
2026-04-24 12:56:08,505 - [ENV] - SUCCESS: Goal reached in 24 steps. Dist = 0.0100m
2026-04-24 12:56:08,506 - [ENV] - --- EPISODE START | Scenario: DESCEND | Start: [1.00605754 0.53559033 0.55      ] | Goal: [1.00605754 0.53559033 0.41      ] | DriftLimit: 0.0788 | FloorLimit: 0.4507 ---
2026-04-24 12:56:08,640 - [ENV] - SUCCESS: Goal reached in 23 steps. Dist = 0.0098m
2026-04-24 12:56:08,641 - [ENV] - --- EPISODE START | Scenario: DESCEND | Start: [0.85222295 0.16436657 0.55      ] | Goal: [0.85222295 0.16436657 0.41      ] | DriftLimit: 0.0788 | FloorLimit: 0.4507 ---
2026-04-24 12:56:09,197 - [ENV] - --- EPISODE START | Scenario: DESCEND | Start: [0.65761904 0.50507377 0.55      ] | Goal: [0.65761904 0.50507377 0.415     ] | DriftLimit: 0.0787 | FloorLimit: 0.4507 ---
2026-04-24 12:56:09,294 - [ENV] - SUCCESS: Goal reached in 15 steps. Dist = 0.0099m
2026-04-24 12:56:09,294 - [ENV] - --- EPISODE START | Scenario: DESCEND | Start: [0.79604671 0.06182205 0.55      ] | Goal: [0.79604671 0.06182205 0.415     ] | DriftLimit: 0.0787 | FloorLimit: 0.4507 ---
2026-04-24 12:56:09,333 - [ENV] - SUCCESS: Goal reached in 6 steps. Dist = 0.0077m
2026-04-24 12:56:09,334 - [ENV] - --- EPISODE START | Scenario: DESCEND | Start: [0.88392804 0.43629832 0.55      ] | Goal: [0.88392804 0.43629832 0.415     ] | DriftLimit: 0.0787 | FloorLimit: 0.4507 ---
2026-04-24 12:56:09,903 - [ENV] - --- EPISODE START | Scenario: DESCEND | Start: [0.97758294 0.03821754 0.55      ] | Goal: [0.97758294 0.03821754 0.41      ] | DriftLimit: 0.0787 | FloorLimit: 0.4507 ---
2026-04-24 12:56:10,445 - [ENV] - --- EPISODE START | Scenario: DESCEND | Start: [1.05823882 0.08060717 0.55      ] | Goal: [1.05823882 0.08060717 0.415     ] | DriftLimit: 0.0787 | FloorLimit: 0.4507 ---
2026-04-24 12:56:10,995 - [ENV] - --- EPISODE START | Scenario: DESCEND | Start: [0.67192488 0.3197033  0.55      ] | Goal: [0.67192488 0.3197033  0.41      ] | DriftLimit: 0.0786 | FloorLimit: 0.4507 ---
2026-04-24 12:56:11,602 - [ENV] - --- EPISODE START | Scenario: DESCEND | Start: [0.63808484 0.48922091 0.55      ] | Goal: [0.63808484 0.48922091 0.415     ] | DriftLimit: 0.0786 | FloorLimit: 0.4508 ---
2026-04-24 12:56:11,696 - [ENV] - SUCCESS: Goal reached in 20 steps. Dist = 0.0099m
2026-04-24 12:56:11,697 - [ENV] - --- EPISODE START | Scenario: DESCEND | Start: [0.62989144 0.32708285 0.55      ] | Goal: [0.62989144 0.32708285 0.415     ] | DriftLimit: 0.0786 | FloorLimit: 0.4508 ---
2026-04-24 12:56:12,279 - [ENV] - --- EPISODE START | Scenario: DESCEND | Start: [0.80051696 0.00647936 0.55      ] | Goal: [0.80051696 0.00647936 0.41      ] | DriftLimit: 0.0786 | FloorLimit: 0.4508 ---
2026-04-24 12:56:12,324 - [ENV] - SUCCESS: Goal reached in 9 steps. Dist = 0.0089m
2026-04-24 12:56:12,324 - [ENV] - --- EPISODE START | Scenario: DESCEND | Start: [0.69739157 0.10825376 0.55      ] | Goal: [0.69739157 0.10825376 0.415     ] | DriftLimit: 0.0786 | FloorLimit: 0.4508 ---
2026-04-24 12:56:12,863 - [ENV] - --- EPISODE START | Scenario: DESCEND | Start: [0.68393184 0.21694458 0.55      ] | Goal: [0.68393184 0.21694458 0.415     ] | DriftLimit: 0.0785 | FloorLimit: 0.4508 ---
2026-04-24 12:56:13,555 - [ENV] - --- EPISODE START | Scenario: DESCEND | Start: [0.83065692 0.46569944 0.55      ] | Goal: [0.83065692 0.46569944 0.415     ] | DriftLimit: 0.0785 | FloorLimit: 0.4508 ---
2026-04-24 12:56:13,663 - [ENV] - SUCCESS: Goal reached in 26 steps. Dist = 0.0100m
2026-04-24 12:56:13,664 - [ENV] - --- EPISODE START | Scenario: DESCEND | Start: [1.10688031 0.10763383 0.55      ] | Goal: [1.10688031 0.10763383 0.415     ] | DriftLimit: 0.0785 | FloorLimit: 0.4508 ---
2026-04-24 12:56:13,755 - [ENV] - SUCCESS: Goal reached in 20 steps. Dist = 0.0100m
2026-04-24 12:56:13,755 - [ENV] - --- EPISODE START | Scenario: DESCEND | Start: [0.69490715 0.48091159 0.55      ] | Goal: [0.69490715 0.48091159 0.415     ] | DriftLimit: 0.0785 | FloorLimit: 0.4508 ---
2026-04-24 12:56:14,344 - [ENV] - --- EPISODE START | Scenario: DESCEND | Start: [0.89937761 0.38567395 0.55      ] | Goal: [0.89937761 0.38567395 0.41      ] | DriftLimit: 0.0785 | FloorLimit: 0.4508 ---
2026-04-24 12:56:14,623 - [ENV] - SUCCESS: Goal reached in 78 steps. Dist = 0.0099m
2026-04-24 12:56:14,624 - [ENV] - --- EPISODE START | Scenario: DESCEND | Start: [0.92160129 0.46019813 0.55      ] | Goal: [0.92160129 0.46019813 0.41      ] | DriftLimit: 0.0784 | FloorLimit: 0.4509 ---
2026-04-24 12:56:14,880 - [ENV] - SUCCESS: Goal reached in 72 steps. Dist = 0.0100m
2026-04-24 12:56:14,880 - [ENV] - --- EPISODE START | Scenario: DESCEND | Start: [0.67965715 0.43916686 0.55      ] | Goal: [0.67965715 0.43916686 0.41      ] | DriftLimit: 0.0784 | FloorLimit: 0.4509 ---
2026-04-24 12:56:15,464 - [ENV] - --- EPISODE START | Scenario: DESCEND | Start: [0.69512889 0.36582361 0.55      ] | Goal: [0.69512889 0.36582361 0.415     ] | DriftLimit: 0.0784 | FloorLimit: 0.4509 ---
2026-04-24 12:56:16,045 - [ENV] - --- EPISODE START | Scenario: DESCEND | Start: [1.13966628 0.1057673  0.55      ] | Goal: [1.13966628 0.1057673  0.415     ] | DriftLimit: 0.0784 | FloorLimit: 0.4509 ---
2026-04-24 12:56:16,134 - [ENV] - SUCCESS: Goal reached in 17 steps. Dist = 0.0094m
2026-04-24 12:56:16,135 - [ENV] - --- EPISODE START | Scenario: DESCEND | Start: [0.76032365 0.49177274 0.55      ] | Goal: [0.76032365 0.49177274 0.415     ] | DriftLimit: 0.0784 | FloorLimit: 0.4509 ---
2026-04-24 12:56:16,234 - [ENV] - SUCCESS: Goal reached in 21 steps. Dist = 0.0100m
2026-04-24 12:56:16,234 - [ENV] - --- EPISODE START | Scenario: DESCEND | Start: [0.77859127 0.54173514 0.55      ] | Goal: [0.77859127 0.54173514 0.41      ] | DriftLimit: 0.0784 | FloorLimit: 0.4509 ---
2026-04-24 12:56:16,814 - [ENV] - --- EPISODE START | Scenario: DESCEND | Start: [1.01438518 0.14639873 0.55      ] | Goal: [1.01438518 0.14639873 0.415     ] | DriftLimit: 0.0783 | FloorLimit: 0.4509 ---
2026-04-24 12:56:16,865 - [ENV] - SUCCESS: Goal reached in 7 steps. Dist = 0.0096m
2026-04-24 12:56:16,866 - [ENV] - --- EPISODE START | Scenario: DESCEND | Start: [0.71296363 0.01204636 0.55      ] | Goal: [0.71296363 0.01204636 0.415     ] | DriftLimit: 0.0783 | FloorLimit: 0.4509 ---
2026-04-24 12:56:16,919 - [ENV] - SUCCESS: Goal reached in 13 steps. Dist = 0.0088m
2026-04-24 12:56:16,920 - [ENV] - --- EPISODE START | Scenario: DESCEND | Start: [0.94850903 0.47908475 0.55      ] | Goal: [0.94850903 0.47908475 0.41      ] | DriftLimit: 0.0783 | FloorLimit: 0.4509 ---
2026-04-24 12:56:17,230 - [ENV] - SUCCESS: Goal reached in 81 steps. Dist = 0.0099m
2026-04-24 12:56:17,231 - [ENV] - --- EPISODE START | Scenario: DESCEND | Start: [1.15489336 0.15292817 0.55      ] | Goal: [1.15489336 0.15292817 0.41      ] | DriftLimit: 0.0783 | FloorLimit: 0.4509 ---
2026-04-24 12:56:17,330 - [ENV] - SUCCESS: Goal reached in 23 steps. Dist = 0.0099m
2026-04-24 12:56:17,331 - [ENV] - --- EPISODE START | Scenario: DESCEND | Start: [1.05766248 0.21882647 0.55      ] | Goal: [1.05766248 0.21882647 0.415     ] | DriftLimit: 0.0783 | FloorLimit: 0.4509 ---
2026-04-24 12:56:17,922 - [ENV] - --- EPISODE START | Scenario: ASCEND | Start: [0.83818616 0.49342116 0.415     ] | Goal: [0.83818616 0.49342116 0.55      ] | DriftLimit: 0.0800 | FloorLimit: 0.4500 ---
2026-04-24 12:56:18,548 - [ENV] - --- EPISODE START | Scenario: ASCEND | Start: [0.62588573 0.23794539 0.415     ] | Goal: [0.62588573 0.23794539 0.55      ] | DriftLimit: 0.0800 | FloorLimit: 0.4500 ---
2026-04-24 12:56:19,166 - [ENV] - TERMINATED (Ascend): Tube Drift = 0.1068m (Max 0.0800m) at step 20
2026-04-24 12:56:19,167 - [ENV] - Episode ended without success at step 20. Final dist: 0.1655m
2026-04-24 12:56:19,167 - [ENV] - --- EPISODE START | Scenario: ASCEND | Start: [0.96044146 0.50811931 0.415     ] | Goal: [0.96044146 0.50811931 0.55      ] | DriftLimit: 0.0800 | FloorLimit: 0.4500 ---
2026-04-24 12:56:19,778 - [ENV] - --- EPISODE START | Scenario: ASCEND | Start: [1.04282782 0.2154927  0.415     ] | Goal: [1.04282782 0.2154927  0.55      ] | DriftLimit: 0.0799 | FloorLimit: 0.4500 ---
2026-04-24 12:56:19,868 - [ENV] - TERMINATED (Ascend): Tube Drift = 0.0848m (Max 0.0799m) at step 3
2026-04-24 12:56:19,868 - [ENV] - Episode ended without success at step 3. Final dist: 0.1109m
2026-04-24 12:56:19,869 - [ENV] - --- EPISODE START | Scenario: ASCEND | Start: [0.68686223 0.15433339 0.415     ] | Goal: [0.68686223 0.15433339 0.55      ] | DriftLimit: 0.0799 | FloorLimit: 0.4500 ---
2026-04-24 12:56:20,077 - [ENV] - TERMINATED (Ascend): Tube Drift = 0.0834m (Max 0.0799m) at step 22
2026-04-24 12:56:20,077 - [ENV] - Episode ended without success at step 22. Final dist: 0.1497m
2026-04-24 12:56:20,078 - [ENV] - --- EPISODE START | Scenario: ASCEND | Start: [0.81671427 0.01372201 0.415     ] | Goal: [0.81671427 0.01372201 0.55      ] | DriftLimit: 0.0799 | FloorLimit: 0.4500 ---
2026-04-24 12:56:20,592 - [ENV] - --- EPISODE START | Scenario: ASCEND | Start: [1.0788138  0.42833698 0.415     ] | Goal: [1.0788138  0.42833698 0.55      ] | DriftLimit: 0.0799 | FloorLimit: 0.4501 ---
2026-04-24 12:56:21,162 - [ENV] - --- EPISODE START | Scenario: ASCEND | Start: [0.75359639 0.40891526 0.415     ] | Goal: [0.75359639 0.40891526 0.55      ] | DriftLimit: 0.0799 | FloorLimit: 0.4501 ---
2026-04-24 12:56:21,321 - [ENV] - TERMINATED (Ascend): Tube Drift = 0.0823m (Max 0.0799m) at step 21
2026-04-24 12:56:21,321 - [ENV] - Episode ended without success at step 21. Final dist: 0.1546m
2026-04-24 12:56:21,322 - [ENV] - --- EPISODE START | Scenario: ASCEND | Start: [1.01667403 0.28182098 0.415     ] | Goal: [1.01667403 0.28182098 0.55      ] | DriftLimit: 0.0799 | FloorLimit: 0.4501 ---
2026-04-24 12:56:21,490 - [ENV] - TERMINATED (Ascend): Tube Drift = 0.0799m (Max 0.0799m) at step 25
2026-04-24 12:56:21,490 - [ENV] - Episode ended without success at step 25. Final dist: 0.1010m
2026-04-24 12:56:21,490 - [ENV] - --- EPISODE START | Scenario: ASCEND | Start: [1.08858162 0.54104266 0.415     ] | Goal: [1.08858162 0.54104266 0.55      ] | DriftLimit: 0.0799 | FloorLimit: 0.4501 ---
2026-04-24 12:56:22,170 - [ENV] - --- EPISODE START | Scenario: ASCEND | Start: [1.03553142 0.38123383 0.415     ] | Goal: [1.03553142 0.38123383 0.55      ] | DriftLimit: 0.0798 | FloorLimit: 0.4501 ---
2026-04-24 12:56:22,712 - [ENV] - --- EPISODE START | Scenario: ASCEND | Start: [0.72598055 0.18132023 0.415     ] | Goal: [0.72598055 0.18132023 0.55      ] | DriftLimit: 0.0798 | FloorLimit: 0.4501 ---
2026-04-24 12:56:23,540 - [ENV] - --- EPISODE START | Scenario: ASCEND | Start: [0.90282551 0.25940688 0.415     ] | Goal: [0.90282551 0.25940688 0.55      ] | DriftLimit: 0.0798 | FloorLimit: 0.4501 ---
2026-04-24 12:56:24,132 - [ENV] - --- EPISODE START | Scenario: ASCEND | Start: [1.12481874 0.34859079 0.415     ] | Goal: [1.12481874 0.34859079 0.55      ] | DriftLimit: 0.0797 | FloorLimit: 0.4501 ---
2026-04-24 12:56:24,229 - [ENV] - TERMINATED (Ascend): Tube Drift = 0.0816m (Max 0.0797m) at step 6
2026-04-24 12:56:24,230 - [ENV] - Episode ended without success at step 6. Final dist: 0.1180m
2026-04-24 12:56:24,230 - [ENV] - --- EPISODE START | Scenario: ASCEND | Start: [0.60387719 0.02035894 0.415     ] | Goal: [0.60387719 0.02035894 0.55      ] | DriftLimit: 0.0797 | FloorLimit: 0.4501 ---
2026-04-24 12:56:24,827 - [ENV] - --- EPISODE START | Scenario: ASCEND | Start: [0.6672452  0.11456268 0.415     ] | Goal: [0.6672452  0.11456268 0.55      ] | DriftLimit: 0.0797 | FloorLimit: 0.4502 ---
2026-04-24 12:56:25,472 - [ENV] - --- EPISODE START | Scenario: ASCEND | Start: [0.82230295 0.50316665 0.415     ] | Goal: [0.82230295 0.50316665 0.55      ] | DriftLimit: 0.0797 | FloorLimit: 0.4502 ---
2026-04-24 12:56:25,554 - [ENV] - TERMINATED (Ascend): Tube Drift = 0.0844m (Max 0.0797m) at step 7
2026-04-24 12:56:25,554 - [ENV] - Episode ended without success at step 7. Final dist: 0.1549m
2026-04-24 12:56:25,555 - [ENV] - --- EPISODE START | Scenario: ASCEND | Start: [ 0.65481995 -0.0056332   0.415     ] | Goal: [ 0.65481995 -0.0056332   0.55      ] | DriftLimit: 0.0797 | FloorLimit: 0.4502 ---
2026-04-24 12:56:25,642 - [ENV] - TERMINATED (Ascend): Tube Drift = 0.0966m (Max 0.0797m) at step 6
2026-04-24 12:56:25,643 - [ENV] - Episode ended without success at step 6. Final dist: 0.1614m
2026-04-24 12:56:25,644 - [ENV] - --- EPISODE START | Scenario: ASCEND | Start: [0.69911237 0.11082919 0.415     ] | Goal: [0.69911237 0.11082919 0.55      ] | DriftLimit: 0.0797 | FloorLimit: 0.4502 ---
2026-04-24 12:56:25,788 - [ENV] - TERMINATED (Ascend): Tube Drift = 0.0900m (Max 0.0797m) at step 10
2026-04-24 12:56:25,788 - [ENV] - Episode ended without success at step 10. Final dist: 0.1546m
2026-04-24 12:56:25,789 - [ENV] - --- EPISODE START | Scenario: ASCEND | Start: [0.6139924  0.18492527 0.415     ] | Goal: [0.6139924  0.18492527 0.55      ] | DriftLimit: 0.0797 | FloorLimit: 0.4502 ---
2026-04-24 12:56:26,682 - [ENV] - --- EPISODE START | Scenario: ASCEND | Start: [0.71033319 0.41434176 0.415     ] | Goal: [0.71033319 0.41434176 0.55      ] | DriftLimit: 0.0796 | FloorLimit: 0.4502 ---
2026-04-24 12:56:27,343 - [ENV] - --- EPISODE START | Scenario: ASCEND | Start: [1.12391401 0.26746963 0.415     ] | Goal: [1.12391401 0.26746963 0.55      ] | DriftLimit: 0.0796 | FloorLimit: 0.4502 ---
2026-04-24 12:56:27,418 - [ENV] - TERMINATED (Ascend): Tube Drift = 0.0808m (Max 0.0796m) at step 5
2026-04-24 12:56:27,419 - [ENV] - Episode ended without success at step 5. Final dist: 0.1169m
2026-04-24 12:56:27,419 - [ENV] - --- EPISODE START | Scenario: ASCEND | Start: [1.14675604 0.11908217 0.415     ] | Goal: [1.14675604 0.11908217 0.55      ] | DriftLimit: 0.0796 | FloorLimit: 0.4502 ---
2026-04-24 12:56:27,487 - [ENV] - TERMINATED (Ascend): Tube Drift = 0.0797m (Max 0.0796m) at step 3
2026-04-24 12:56:27,487 - [ENV] - Episode ended without success at step 3. Final dist: 0.1113m
2026-04-24 12:56:27,488 - [ENV] - --- EPISODE START | Scenario: ASCEND | Start: [0.74911878 0.04435982 0.415     ] | Goal: [0.74911878 0.04435982 0.55      ] | DriftLimit: 0.0796 | FloorLimit: 0.4502 ---
2026-04-24 12:56:28,090 - [ENV] - --- EPISODE START | Scenario: ASCEND | Start: [0.81424948 0.51138225 0.415     ] | Goal: [0.81424948 0.51138225 0.55      ] | DriftLimit: 0.0796 | FloorLimit: 0.4502 ---
2026-04-24 12:56:28,680 - [ENV] - --- EPISODE START | Scenario: ASCEND | Start: [1.13023597 0.18525575 0.415     ] | Goal: [1.13023597 0.18525575 0.55      ] | DriftLimit: 0.0795 | FloorLimit: 0.4503 ---
2026-04-24 12:56:29,205 - [ENV] - --- EPISODE START | Scenario: ASCEND | Start: [1.01700248 0.04573192 0.415     ] | Goal: [1.01700248 0.04573192 0.55      ] | DriftLimit: 0.0795 | FloorLimit: 0.4503 ---
2026-04-24 12:56:29,706 - [ENV] - --- EPISODE START | Scenario: ASCEND | Start: [1.11164034 0.45617048 0.415     ] | Goal: [1.11164034 0.45617048 0.55      ] | DriftLimit: 0.0795 | FloorLimit: 0.4503 ---
2026-04-24 12:56:29,790 - [ENV] - TERMINATED (Ascend): Tube Drift = 0.0915m (Max 0.0795m) at step 5
2026-04-24 12:56:29,791 - [ENV] - Episode ended without success at step 5. Final dist: 0.1370m
2026-04-24 12:56:29,791 - [ENV] - --- EPISODE START | Scenario: ASCEND | Start: [0.90525498 0.46846695 0.415     ] | Goal: [0.90525498 0.46846695 0.55      ] | DriftLimit: 0.0795 | FloorLimit: 0.4503 ---
2026-04-24 12:56:29,909 - [ENV] - TERMINATED (Ascend): Tube Drift = 0.0805m (Max 0.0795m) at step 19
2026-04-24 12:56:29,909 - [ENV] - Episode ended without success at step 19. Final dist: 0.1278m
2026-04-24 12:56:29,910 - [ENV] - --- EPISODE START | Scenario: ASCEND | Start: [0.79941076 0.3853542  0.415     ] | Goal: [0.79941076 0.3853542  0.55      ] | DriftLimit: 0.0795 | FloorLimit: 0.4503 ---
2026-04-24 12:56:30,031 - [ENV] - TERMINATED (Ascend): Tube Drift = 0.0871m (Max 0.0795m) at step 8
2026-04-24 12:56:30,031 - [ENV] - Episode ended without success at step 8. Final dist: 0.1559m
2026-04-24 12:56:30,032 - [ENV] - --- EPISODE START | Scenario: ASCEND | Start: [0.75933805 0.47651935 0.415     ] | Goal: [0.75933805 0.47651935 0.55      ] | DriftLimit: 0.0795 | FloorLimit: 0.4503 ---
2026-04-24 12:56:30,139 - [ENV] - TERMINATED (Ascend): Tube Drift = 0.0871m (Max 0.0795m) at step 8
2026-04-24 12:56:30,139 - [ENV] - Episode ended without success at step 8. Final dist: 0.1562m
2026-04-24 12:56:30,140 - [ENV] - --- EPISODE START | Scenario: ASCEND | Start: [0.76337894 0.23021987 0.415     ] | Goal: [0.76337894 0.23021987 0.55      ] | DriftLimit: 0.0795 | FloorLimit: 0.4503 ---
2026-04-24 12:56:30,421 - [ENV] - TERMINATED (Ascend): Tube Drift = 0.0815m (Max 0.0795m) at step 12
2026-04-24 12:56:30,422 - [ENV] - Episode ended without success at step 12. Final dist: 0.1551m
2026-04-24 12:56:30,423 - [ENV] - --- EPISODE START | Scenario: ASCEND | Start: [0.68225525 0.37212764 0.415     ] | Goal: [0.68225525 0.37212764 0.55      ] | DriftLimit: 0.0795 | FloorLimit: 0.4503 ---
2026-04-24 12:56:30,658 - [ENV] - TERMINATED (Ascend): Tube Drift = 0.0950m (Max 0.0795m) at step 10
2026-04-24 12:56:30,658 - [ENV] - Episode ended without success at step 10. Final dist: 0.1543m
2026-04-24 12:56:30,659 - [ENV] - --- EPISODE START | Scenario: ASCEND | Start: [1.05590881 0.22409632 0.415     ] | Goal: [1.05590881 0.22409632 0.55      ] | DriftLimit: 0.0795 | FloorLimit: 0.4503 ---
2026-04-24 12:56:31,231 - [ENV] - --- EPISODE START | Scenario: ASCEND | Start: [0.99655437 0.43210181 0.415     ] | Goal: [0.99655437 0.43210181 0.55      ] | DriftLimit: 0.0794 | FloorLimit: 0.4503 ---
2026-04-24 12:56:31,351 - [ENV] - TERMINATED (Ascend): Tube Drift = 0.0909m (Max 0.0794m) at step 5
2026-04-24 12:56:31,351 - [ENV] - Episode ended without success at step 5. Final dist: 0.1509m
2026-04-24 12:56:31,351 - [ENV] - --- EPISODE START | Scenario: ASCEND | Start: [0.66323471 0.27606013 0.415     ] | Goal: [0.66323471 0.27606013 0.55      ] | DriftLimit: 0.0794 | FloorLimit: 0.4503 ---
2026-04-24 12:56:31,624 - [ENV] - TERMINATED (Ascend): Tube Drift = 0.0798m (Max 0.0794m) at step 20
2026-04-24 12:56:31,625 - [ENV] - Episode ended without success at step 20. Final dist: 0.1514m
2026-04-24 12:56:31,625 - [ENV] - --- EPISODE START | Scenario: ASCEND | Start: [0.79276004 0.49520843 0.415     ] | Goal: [0.79276004 0.49520843 0.55      ] | DriftLimit: 0.0794 | FloorLimit: 0.4503 ---
2026-04-24 12:56:31,711 - [ENV] - TERMINATED (Ascend): Tube Drift = 0.0841m (Max 0.0794m) at step 8
2026-04-24 12:56:31,711 - [ENV] - Episode ended without success at step 8. Final dist: 0.1554m
2026-04-24 12:56:31,711 - [ENV] - --- EPISODE START | Scenario: ASCEND | Start: [1.13243663 0.26036083 0.415     ] | Goal: [1.13243663 0.26036083 0.55      ] | DriftLimit: 0.0794 | FloorLimit: 0.4503 ---
2026-04-24 12:56:32,244 - [ENV] - --- EPISODE START | Scenario: ASCEND | Start: [0.78308289 0.41688047 0.415     ] | Goal: [0.78308289 0.41688047 0.55      ] | DriftLimit: 0.0794 | FloorLimit: 0.4503 ---
2026-04-24 12:56:32,347 - [ENV] - TERMINATED (Ascend): Tube Drift = 0.0837m (Max 0.0794m) at step 8
2026-04-24 12:56:32,348 - [ENV] - Episode ended without success at step 8. Final dist: 0.1549m
2026-04-24 12:56:32,348 - [ENV] - --- EPISODE START | Scenario: ASCEND | Start: [0.71883952 0.29506574 0.415     ] | Goal: [0.71883952 0.29506574 0.55      ] | DriftLimit: 0.0794 | FloorLimit: 0.4503 ---
2026-04-24 12:56:32,643 - [ENV] - TERMINATED (Ascend): Tube Drift = 0.0794m (Max 0.0794m) at step 40
2026-04-24 12:56:32,643 - [ENV] - Episode ended without success at step 40. Final dist: 0.1541m
2026-04-24 12:56:32,644 - [ENV] - --- EPISODE START | Scenario: ASCEND | Start: [0.79970104 0.17666424 0.415     ] | Goal: [0.79970104 0.17666424 0.55      ] | DriftLimit: 0.0794 | FloorLimit: 0.4503 ---
2026-04-24 12:56:33,407 - [ENV] - --- EPISODE START | Scenario: ASCEND | Start: [0.85869835 0.07658567 0.415     ] | Goal: [0.85869835 0.07658567 0.55      ] | DriftLimit: 0.0793 | FloorLimit: 0.4504 ---
2026-04-24 12:56:33,555 - [ENV] - TERMINATED (Ascend): Tube Drift = 0.0835m (Max 0.0793m) at step 32
2026-04-24 12:56:33,555 - [ENV] - Episode ended without success at step 32. Final dist: 0.1550m
2026-04-24 12:56:33,556 - [ENV] - --- EPISODE START | Scenario: ASCEND | Start: [0.9187915  0.33307385 0.415     ] | Goal: [0.9187915  0.33307385 0.55      ] | DriftLimit: 0.0793 | FloorLimit: 0.4504 ---
2026-04-24 12:56:34,235 - [ENV] - --- EPISODE START | Scenario: ASCEND | Start: [ 1.00847661 -0.00238123  0.415     ] | Goal: [ 1.00847661 -0.00238123  0.55      ] | DriftLimit: 0.0793 | FloorLimit: 0.4504 ---
2026-04-24 12:56:34,742 - [ENV] - --- EPISODE START | Scenario: ASCEND | Start: [1.06716213 0.31715502 0.415     ] | Goal: [1.06716213 0.31715502 0.55      ] | DriftLimit: 0.0793 | FloorLimit: 0.4504 ---
2026-04-24 12:56:35,343 - [ENV] - --- EPISODE START | Scenario: ASCEND | Start: [1.05341034 0.23298484 0.415     ] | Goal: [1.05341034 0.23298484 0.55      ] | DriftLimit: 0.0792 | FloorLimit: 0.4504 ---
2026-04-24 12:56:35,450 - [ENV] - TERMINATED (Ascend): Tube Drift = 0.0832m (Max 0.0792m) at step 5
2026-04-24 12:56:35,451 - [ENV] - Episode ended without success at step 5. Final dist: 0.1128m
2026-04-24 12:56:35,452 - [ENV] - --- EPISODE START | Scenario: ASCEND | Start: [1.06437497 0.0572243  0.415     ] | Goal: [1.06437497 0.0572243  0.55      ] | DriftLimit: 0.0792 | FloorLimit: 0.4504 ---
2026-04-24 12:56:35,536 - [ENV] - TERMINATED (Ascend): Tube Drift = 0.0831m (Max 0.0792m) at step 4
2026-04-24 12:56:35,536 - [ENV] - Episode ended without success at step 4. Final dist: 0.1175m
2026-04-24 12:56:35,537 - [ENV] - --- EPISODE START | Scenario: ASCEND | Start: [0.84433116 0.32375079 0.415     ] | Goal: [0.84433116 0.32375079 0.55      ] | DriftLimit: 0.0792 | FloorLimit: 0.4504 ---
2026-04-24 12:56:36,160 - [ENV] - --- EPISODE START | Scenario: ASCEND | Start: [1.04139519 0.06276643 0.415     ] | Goal: [1.04139519 0.06276643 0.55      ] | DriftLimit: 0.0792 | FloorLimit: 0.4504 ---
2026-04-24 12:56:36,699 - [ENV] - --- EPISODE START | Scenario: ASCEND | Start: [0.60187009 0.31918676 0.415     ] | Goal: [0.60187009 0.31918676 0.55      ] | DriftLimit: 0.0792 | FloorLimit: 0.4505 ---
2026-04-24 12:56:36,934 - [ENV] - TERMINATED (Ascend): Tube Drift = 0.0842m (Max 0.0792m) at step 9
2026-04-24 12:56:36,935 - [ENV] - Episode ended without success at step 9. Final dist: 0.1509m
2026-04-24 12:56:36,936 - [ENV] - --- EPISODE START | Scenario: ASCEND | Start: [0.70607855 0.02260722 0.415     ] | Goal: [0.70607855 0.02260722 0.55      ] | DriftLimit: 0.0792 | FloorLimit: 0.4505 ---
2026-04-24 12:56:37,022 - [ENV] - TERMINATED (Ascend): Tube Drift = 0.0845m (Max 0.0792m) at step 5
2026-04-24 12:56:37,022 - [ENV] - Episode ended without success at step 5. Final dist: 0.1546m
2026-04-24 12:56:37,023 - [ENV] - --- EPISODE START | Scenario: ASCEND | Start: [0.79606967 0.02962526 0.415     ] | Goal: [0.79606967 0.02962526 0.55      ] | DriftLimit: 0.0792 | FloorLimit: 0.4505 ---
2026-04-24 12:56:37,094 - [ENV] - TERMINATED (Ascend): Tube Drift = 0.0839m (Max 0.0792m) at step 5
2026-04-24 12:56:37,094 - [ENV] - Episode ended without success at step 5. Final dist: 0.1482m
2026-04-24 12:56:37,094 - [ENV] - --- EPISODE START | Scenario: ASCEND | Start: [1.00220299 0.35509947 0.415     ] | Goal: [1.00220299 0.35509947 0.55      ] | DriftLimit: 0.0792 | FloorLimit: 0.4505 ---
2026-04-24 12:56:37,209 - [ENV] - TERMINATED (Ascend): Tube Drift = 0.0799m (Max 0.0792m) at step 7
2026-04-24 12:56:37,209 - [ENV] - Episode ended without success at step 7. Final dist: 0.1197m
2026-04-24 12:56:37,210 - [ENV] - --- EPISODE START | Scenario: ASCEND | Start: [0.83576648 0.42269655 0.415     ] | Goal: [0.83576648 0.42269655 0.55      ] | DriftLimit: 0.0792 | FloorLimit: 0.4505 ---
2026-04-24 12:56:37,803 - [ENV] - --- EPISODE START | Scenario: ASCEND | Start: [0.98186227 0.10472136 0.415     ] | Goal: [0.98186227 0.10472136 0.55      ] | DriftLimit: 0.0791 | FloorLimit: 0.4505 ---
2026-04-24 12:56:38,324 - [ENV] - --- EPISODE START | Scenario: ASCEND | Start: [0.80575864 0.03023198 0.415     ] | Goal: [0.80575864 0.03023198 0.55      ] | DriftLimit: 0.0791 | FloorLimit: 0.4505 ---
2026-04-24 12:56:38,834 - [ENV] - --- EPISODE START | Scenario: ASCEND | Start: [0.71454614 0.21457129 0.415     ] | Goal: [0.71454614 0.21457129 0.55      ] | DriftLimit: 0.0791 | FloorLimit: 0.4505 ---
2026-04-24 12:56:38,986 - [ENV] - TERMINATED (Ascend): Tube Drift = 0.0801m (Max 0.0791m) at step 11
2026-04-24 12:56:38,986 - [ENV] - Episode ended without success at step 11. Final dist: 0.1559m
2026-04-24 12:56:38,986 - [ENV] - --- EPISODE START | Scenario: ASCEND | Start: [0.60689395 0.42103581 0.415     ] | Goal: [0.60689395 0.42103581 0.55      ] | DriftLimit: 0.0791 | FloorLimit: 0.4505 ---
2026-04-24 12:56:39,122 - [ENV] - TERMINATED (Ascend): Tube Drift = 0.1049m (Max 0.0791m) at step 8
2026-04-24 12:56:39,122 - [ENV] - Episode ended without success at step 8. Final dist: 0.1728m
2026-04-24 12:56:39,122 - [ENV] - --- EPISODE START | Scenario: ASCEND | Start: [0.81846471 0.06759505 0.415     ] | Goal: [0.81846471 0.06759505 0.55      ] | DriftLimit: 0.0791 | FloorLimit: 0.4505 ---
2026-04-24 12:56:39,200 - [ENV] - TERMINATED (Ascend): Tube Drift = 0.0791m (Max 0.0791m) at step 5
2026-04-24 12:56:39,200 - [ENV] - Episode ended without success at step 5. Final dist: 0.1443m
2026-04-24 12:56:39,201 - [ENV] - --- EPISODE START | Scenario: ASCEND | Start: [0.82530411 0.26160894 0.415     ] | Goal: [0.82530411 0.26160894 0.55      ] | DriftLimit: 0.0791 | FloorLimit: 0.4505 ---
2026-04-24 12:56:39,936 - [ENV] - --- EPISODE START | Scenario: ASCEND | Start: [0.96018888 0.23334062 0.415     ] | Goal: [0.96018888 0.23334062 0.55      ] | DriftLimit: 0.0790 | FloorLimit: 0.4505 ---
2026-04-24 12:56:40,493 - [ENV] - --- EPISODE START | Scenario: ASCEND | Start: [0.60520907 0.51685987 0.415     ] | Goal: [0.60520907 0.51685987 0.55      ] | DriftLimit: 0.0790 | FloorLimit: 0.4505 ---
2026-04-24 12:56:41,155 - [ENV] - --- EPISODE START | Scenario: ASCEND | Start: [1.03350335 0.30450942 0.415     ] | Goal: [1.03350335 0.30450942 0.55      ] | DriftLimit: 0.0790 | FloorLimit: 0.4506 ---
2026-04-24 12:56:41,252 - [ENV] - TERMINATED (Ascend): Tube Drift = 0.0834m (Max 0.0790m) at step 6
2026-04-24 12:56:41,252 - [ENV] - Episode ended without success at step 6. Final dist: 0.1211m
2026-04-24 12:56:41,253 - [ENV] - --- EPISODE START | Scenario: ASCEND | Start: [0.94889667 0.30913961 0.415     ] | Goal: [0.94889667 0.30913961 0.55      ] | DriftLimit: 0.0790 | FloorLimit: 0.4506 ---
2026-04-24 12:56:41,946 - [ENV] - --- EPISODE START | Scenario: ASCEND | Start: [0.98165102 0.50328838 0.415     ] | Goal: [0.98165102 0.50328838 0.55      ] | DriftLimit: 0.0789 | FloorLimit: 0.4506 ---
2026-04-24 12:56:42,038 - [ENV] - TERMINATED (Ascend): Tube Drift = 0.0878m (Max 0.0789m) at step 6
2026-04-24 12:56:42,038 - [ENV] - Episode ended without success at step 6. Final dist: 0.1560m
2026-04-24 12:56:42,038 - [ENV] - --- EPISODE START | Scenario: ASCEND | Start: [0.65579583 0.23309496 0.415     ] | Goal: [0.65579583 0.23309496 0.55      ] | DriftLimit: 0.0789 | FloorLimit: 0.4506 ---
2026-04-24 12:56:42,388 - [ENV] - TERMINATED (Ascend): Tube Drift = 0.0806m (Max 0.0789m) at step 23
2026-04-24 12:56:42,388 - [ENV] - Episode ended without success at step 23. Final dist: 0.1586m
2026-04-24 12:56:42,389 - [ENV] - --- EPISODE START | Scenario: ASCEND | Start: [0.64121747 0.53799529 0.415     ] | Goal: [0.64121747 0.53799529 0.55      ] | DriftLimit: 0.0789 | FloorLimit: 0.4506 ---
2026-04-24 12:56:42,529 - [ENV] - TERMINATED (Ascend): Tube Drift = 0.0797m (Max 0.0789m) at step 17
2026-04-24 12:56:42,529 - [ENV] - Episode ended without success at step 17. Final dist: 0.1507m
2026-04-24 12:56:42,530 - [ENV] - --- EPISODE START | Scenario: ASCEND | Start: [0.74675546 0.38951358 0.415     ] | Goal: [0.74675546 0.38951358 0.55      ] | DriftLimit: 0.0789 | FloorLimit: 0.4506 ---
2026-04-24 12:56:42,655 - [ENV] - TERMINATED (Ascend): Tube Drift = 0.0891m (Max 0.0789m) at step 11
2026-04-24 12:56:42,655 - [ENV] - Episode ended without success at step 11. Final dist: 0.1567m
2026-04-24 12:56:42,655 - [ENV] - --- EPISODE START | Scenario: ASCEND | Start: [1.01958863 0.16731666 0.415     ] | Goal: [1.01958863 0.16731666 0.55      ] | DriftLimit: 0.0789 | FloorLimit: 0.4506 ---
2026-04-24 12:56:42,925 - [ENV] - TERMINATED (Ascend): Tube Drift = 0.0801m (Max 0.0789m) at step 58
2026-04-24 12:56:42,926 - [ENV] - Episode ended without success at step 58. Final dist: 0.1187m
2026-04-24 12:56:42,926 - [ENV] - --- EPISODE START | Scenario: ASCEND | Start: [1.05440707 0.37993592 0.415     ] | Goal: [1.05440707 0.37993592 0.55      ] | DriftLimit: 0.0789 | FloorLimit: 0.4506 ---
2026-04-24 12:56:43,014 - [ENV] - TERMINATED (Ascend): Tube Drift = 0.0808m (Max 0.0789m) at step 5
2026-04-24 12:56:43,014 - [ENV] - Episode ended without success at step 5. Final dist: 0.1421m
2026-04-24 12:56:43,015 - [ENV] - --- EPISODE START | Scenario: ASCEND | Start: [0.93167219 0.2068726  0.415     ] | Goal: [0.93167219 0.2068726  0.55      ] | DriftLimit: 0.0789 | FloorLimit: 0.4506 ---
2026-04-24 12:56:43,586 - [ENV] - --- EPISODE START | Scenario: ASCEND | Start: [0.93775924 0.32251358 0.415     ] | Goal: [0.93775924 0.32251358 0.55      ] | DriftLimit: 0.0789 | FloorLimit: 0.4506 ---
2026-04-24 12:56:43,716 - [ENV] - TERMINATED (Ascend): Tube Drift = 0.0920m (Max 0.0789m) at step 7
2026-04-24 12:56:43,716 - [ENV] - Episode ended without success at step 7. Final dist: 0.1525m
2026-04-24 12:56:43,717 - [ENV] - --- EPISODE START | Scenario: ASCEND | Start: [1.14776058 0.30754184 0.415     ] | Goal: [1.14776058 0.30754184 0.55      ] | DriftLimit: 0.0789 | FloorLimit: 0.4506 ---
2026-04-24 12:56:44,295 - [ENV] - --- EPISODE START | Scenario: ASCEND | Start: [0.80610765 0.38378307 0.415     ] | Goal: [0.80610765 0.38378307 0.55      ] | DriftLimit: 0.0789 | FloorLimit: 0.4506 ---
2026-04-24 12:56:44,508 - [ENV] - TERMINATED (Ascend): Tube Drift = 0.0793m (Max 0.0788m) at step 36
2026-04-24 12:56:44,509 - [ENV] - Episode ended without success at step 36. Final dist: 0.1529m
2026-04-24 12:56:44,509 - [ENV] - --- EPISODE START | Scenario: ASCEND | Start: [0.7407618  0.19786571 0.415     ] | Goal: [0.7407618  0.19786571 0.55      ] | DriftLimit: 0.0788 | FloorLimit: 0.4506 ---
2026-04-24 12:56:45,215 - [ENV] - --- EPISODE START | Scenario: ASCEND | Start: [0.70826503 0.44714393 0.415     ] | Goal: [0.70826503 0.44714393 0.55      ] | DriftLimit: 0.0788 | FloorLimit: 0.4506 ---
2026-04-24 12:56:45,339 - [ENV] - TERMINATED (Ascend): Tube Drift = 0.0862m (Max 0.0788m) at step 7
2026-04-24 12:56:45,339 - [ENV] - Episode ended without success at step 7. Final dist: 0.1405m
2026-04-24 12:56:45,340 - [ENV] - --- EPISODE START | Scenario: ASCEND | Start: [0.80098203 0.36465324 0.415     ] | Goal: [0.80098203 0.36465324 0.55      ] | DriftLimit: 0.0788 | FloorLimit: 0.4506 ---
2026-04-24 12:56:46,017 - [ENV] - --- EPISODE START | Scenario: ASCEND | Start: [0.77907186 0.10389861 0.415     ] | Goal: [0.77907186 0.10389861 0.55      ] | DriftLimit: 0.0788 | FloorLimit: 0.4507 ---
2026-04-24 12:56:46,111 - [ENV] - TERMINATED (Ascend): Tube Drift = 0.0913m (Max 0.0788m) at step 6
2026-04-24 12:56:46,111 - [ENV] - Episode ended without success at step 6. Final dist: 0.1401m
2026-04-24 12:56:46,112 - [ENV] - --- EPISODE START | Scenario: ASCEND | Start: [0.67843479 0.18336489 0.415     ] | Goal: [0.67843479 0.18336489 0.55      ] | DriftLimit: 0.0788 | FloorLimit: 0.4507 ---
2026-04-24 12:56:46,881 - [ENV] - --- EPISODE START | Scenario: ASCEND | Start: [1.10517757 0.54159663 0.415     ] | Goal: [1.10517757 0.54159663 0.55      ] | DriftLimit: 0.0787 | FloorLimit: 0.4507 ---
2026-04-24 12:56:46,976 - [ENV] - TERMINATED (Ascend): Tube Drift = 0.0924m (Max 0.0787m) at step 6
2026-04-24 12:56:46,976 - [ENV] - Episode ended without success at step 6. Final dist: 0.1507m
2026-04-24 12:56:46,977 - [ENV] - --- EPISODE START | Scenario: ASCEND | Start: [0.68819732 0.18287034 0.415     ] | Goal: [0.68819732 0.18287034 0.55      ] | DriftLimit: 0.0787 | FloorLimit: 0.4507 ---
2026-04-24 12:56:47,315 - [ENV] - TERMINATED (Ascend): Tube Drift = 0.0791m (Max 0.0787m) at step 44
2026-04-24 12:56:47,315 - [ENV] - Episode ended without success at step 44. Final dist: 0.1556m
2026-04-24 12:56:47,316 - [ENV] - --- EPISODE START | Scenario: ASCEND | Start: [0.79043003 0.48909057 0.415     ] | Goal: [0.79043003 0.48909057 0.55      ] | DriftLimit: 0.0787 | FloorLimit: 0.4507 ---
2026-04-24 12:56:47,407 - [ENV] - TERMINATED (Ascend): Tube Drift = 0.0912m (Max 0.0787m) at step 8
2026-04-24 12:56:47,407 - [ENV] - Episode ended without success at step 8. Final dist: 0.1583m
2026-04-24 12:56:47,408 - [ENV] - --- EPISODE START | Scenario: ASCEND | Start: [1.03892966 0.49798709 0.415     ] | Goal: [1.03892966 0.49798709 0.55      ] | DriftLimit: 0.0787 | FloorLimit: 0.4507 ---
2026-04-24 12:56:48,032 - [ENV] - --- EPISODE START | Scenario: ASCEND | Start: [0.60173942 0.51924097 0.415     ] | Goal: [0.60173942 0.51924097 0.55      ] | DriftLimit: 0.0787 | FloorLimit: 0.4507 ---
2026-04-24 12:56:48,725 - [ENV] - --- EPISODE START | Scenario: ASCEND | Start: [0.92581576 0.02211543 0.415     ] | Goal: [0.92581576 0.02211543 0.55      ] | DriftLimit: 0.0787 | FloorLimit: 0.4507 ---
2026-04-24 12:56:49,264 - [ENV] - --- EPISODE START | Scenario: ASCEND | Start: [0.81300454 0.08766113 0.415     ] | Goal: [0.81300454 0.08766113 0.55      ] | DriftLimit: 0.0786 | FloorLimit: 0.4507 ---
2026-04-24 12:56:49,332 - [ENV] - TERMINATED (Ascend): Tube Drift = 0.0806m (Max 0.0786m) at step 5
2026-04-24 12:56:49,332 - [ENV] - Episode ended without success at step 5. Final dist: 0.1401m
2026-04-24 12:56:49,333 - [ENV] - --- EPISODE START | Scenario: ASCEND | Start: [0.99698532 0.32142223 0.415     ] | Goal: [0.99698532 0.32142223 0.55      ] | DriftLimit: 0.0786 | FloorLimit: 0.4507 ---
2026-04-24 12:56:49,441 - [ENV] - TERMINATED (Ascend): Tube Drift = 0.0790m (Max 0.0786m) at step 9
2026-04-24 12:56:49,441 - [ENV] - Episode ended without success at step 9. Final dist: 0.1136m
2026-04-24 12:56:49,442 - [ENV] - --- EPISODE START | Scenario: ASCEND | Start: [0.97908721 0.54104263 0.415     ] | Goal: [0.97908721 0.54104263 0.55      ] | DriftLimit: 0.0786 | FloorLimit: 0.4507 ---
2026-04-24 12:56:49,576 - [ENV] - TERMINATED (Ascend): Tube Drift = 0.0823m (Max 0.0786m) at step 24
2026-04-24 12:56:49,576 - [ENV] - Episode ended without success at step 24. Final dist: 0.1516m
2026-04-24 12:56:49,576 - [ENV] - --- EPISODE START | Scenario: ASCEND | Start: [0.68738144 0.50446713 0.415     ] | Goal: [0.68738144 0.50446713 0.55      ] | DriftLimit: 0.0786 | FloorLimit: 0.4507 ---
2026-04-24 12:56:49,766 - [ENV] - TERMINATED (Ascend): Tube Drift = 0.0803m (Max 0.0786m) at step 22
2026-04-24 12:56:49,766 - [ENV] - Episode ended without success at step 22. Final dist: 0.1522m
2026-04-24 12:56:49,767 - [ENV] - --- EPISODE START | Scenario: ASCEND | Start: [0.99376692 0.27402208 0.415     ] | Goal: [0.99376692 0.27402208 0.55      ] | DriftLimit: 0.0786 | FloorLimit: 0.4507 ---
2026-04-24 12:56:50,353 - [ENV] - --- EPISODE START | Scenario: ASCEND | Start: [1.12063499 0.46350539 0.415     ] | Goal: [1.12063499 0.46350539 0.55      ] | DriftLimit: 0.0786 | FloorLimit: 0.4508 ---
2026-04-24 12:56:50,433 - [ENV] - TERMINATED (Ascend): Tube Drift = 0.0907m (Max 0.0786m) at step 5
2026-04-24 12:56:50,433 - [ENV] - Episode ended without success at step 5. Final dist: 0.1457m
2026-04-24 12:56:50,434 - [ENV] - --- EPISODE START | Scenario: ASCEND | Start: [0.67393143 0.39220843 0.415     ] | Goal: [0.67393143 0.39220843 0.55      ] | DriftLimit: 0.0786 | FloorLimit: 0.4508 ---
2026-04-24 12:56:51,168 - [ENV] - --- EPISODE START | Scenario: ASCEND | Start: [0.76970398 0.14642984 0.415     ] | Goal: [0.76970398 0.14642984 0.55      ] | DriftLimit: 0.0786 | FloorLimit: 0.4508 ---
2026-04-24 12:56:51,297 - [ENV] - TERMINATED (Ascend): Tube Drift = 0.0795m (Max 0.0786m) at step 15
2026-04-24 12:56:51,297 - [ENV] - Episode ended without success at step 15. Final dist: 0.1358m
2026-04-24 12:56:51,297 - [ENV] - --- EPISODE START | Scenario: ASCEND | Start: [0.86347502 0.50265574 0.415     ] | Goal: [0.86347502 0.50265574 0.55      ] | DriftLimit: 0.0786 | FloorLimit: 0.4508 ---
2026-04-24 12:56:51,498 - [ENV] - TERMINATED (Ascend): Tube Drift = 0.0801m (Max 0.0786m) at step 24
2026-04-24 12:56:51,498 - [ENV] - Episode ended without success at step 24. Final dist: 0.1343m
2026-04-24 12:56:51,499 - [ENV] - --- EPISODE START | Scenario: ASCEND | Start: [0.74236901 0.18797145 0.415     ] | Goal: [0.74236901 0.18797145 0.55      ] | DriftLimit: 0.0786 | FloorLimit: 0.4508 ---
2026-04-24 12:56:52,199 - [ENV] - --- EPISODE START | Scenario: ASCEND | Start: [0.75952087 0.38292872 0.415     ] | Goal: [0.75952087 0.38292872 0.55      ] | DriftLimit: 0.0785 | FloorLimit: 0.4508 ---
2026-04-24 12:56:52,342 - [ENV] - TERMINATED (Ascend): Tube Drift = 0.0868m (Max 0.0785m) at step 11
2026-04-24 12:56:52,342 - [ENV] - Episode ended without success at step 11. Final dist: 0.1555m
2026-04-24 12:56:52,342 - [ENV] - --- EPISODE START | Scenario: ASCEND | Start: [0.76757376 0.27379165 0.415     ] | Goal: [0.76757376 0.27379165 0.55      ] | DriftLimit: 0.0785 | FloorLimit: 0.4508 ---
2026-04-24 12:56:52,578 - [ENV] - TERMINATED (Ascend): Tube Drift = 0.0885m (Max 0.0785m) at step 5
2026-04-24 12:56:52,579 - [ENV] - Episode ended without success at step 5. Final dist: 0.1473m
2026-04-24 12:56:52,579 - [ENV] - --- EPISODE START | Scenario: ASCEND | Start: [1.03598491 0.01983117 0.415     ] | Goal: [1.03598491 0.01983117 0.55      ] | DriftLimit: 0.0785 | FloorLimit: 0.4508 ---
2026-04-24 12:56:53,181 - [ENV] - --- EPISODE START | Scenario: ASCEND | Start: [ 1.0742635  -0.01573706  0.415     ] | Goal: [ 1.0742635  -0.01573706  0.55      ] | DriftLimit: 0.0785 | FloorLimit: 0.4508 ---
2026-04-24 12:56:53,240 - [ENV] - TERMINATED (Ascend): Tube Drift = 0.0807m (Max 0.0785m) at step 4
2026-04-24 12:56:53,241 - [ENV] - Episode ended without success at step 4. Final dist: 0.1317m
2026-04-24 12:56:53,241 - [ENV] - --- EPISODE START | Scenario: ASCEND | Start: [0.85737435 0.50716762 0.415     ] | Goal: [0.85737435 0.50716762 0.55      ] | DriftLimit: 0.0785 | FloorLimit: 0.4508 ---
