2026-04-24 08:52:25,292 - [ENV] - --- EPISODE START | Scenario: TRANSIT | Start: [1.1154039 0.2385636 0.55     ] | Goal: [1.12148359 0.38673931 0.55      ] | DriftLimit: 0.0800 | FloorLimit: 0.4500 ---
2026-04-24 08:52:25,329 - [ENV] - --- EPISODE START | Scenario: TRANSIT | Start: [0.82590948 0.34504232 0.55      ] | Goal: [1.07434268 0.21798933 0.55      ] | DriftLimit: 0.0800 | FloorLimit: 0.4500 ---
2026-04-24 08:52:25,375 - [ENV] - --- EPISODE START | Scenario: TRANSIT | Start: [0.99697735 0.11972648 0.55      ] | Goal: [0.6805824  0.46842286 0.55      ] | DriftLimit: 0.0800 | FloorLimit: 0.4500 ---
2026-04-24 08:52:25,408 - [ENV] - --- EPISODE START | Scenario: TRANSIT | Start: [1.05329786 0.44873253 0.55      ] | Goal: [1.13410676 0.05683397 0.55      ] | DriftLimit: 0.0800 | FloorLimit: 0.4500 ---
2026-04-24 08:52:25,445 - [ENV] - --- EPISODE START | Scenario: TRANSIT | Start: [0.67203238 0.46647915 0.55      ] | Goal: [0.81929327 0.14291596 0.55      ] | DriftLimit: 0.0800 | FloorLimit: 0.4500 ---
2026-04-24 08:52:25,502 - [ENV] - --- EPISODE START | Scenario: TRANSIT | Start: [0.75396403 0.41556419 0.55      ] | Goal: [0.99653021 0.26651967 0.55      ] | DriftLimit: 0.0800 | FloorLimit: 0.4500 ---
2026-04-24 08:52:25,547 - [ENV] - --- EPISODE START | Scenario: TRANSIT | Start: [0.987637   0.53431309 0.55      ] | Goal: [1.04619612 0.13221779 0.55      ] | DriftLimit: 0.0800 | FloorLimit: 0.4500 ---
2026-04-24 08:52:25,585 - [ENV] - --- EPISODE START | Scenario: TRANSIT | Start: [0.66255361 0.27491063 0.55      ] | Goal: [0.94159241 0.45318851 0.55      ] | DriftLimit: 0.0800 | FloorLimit: 0.4500 ---
2026-04-24 08:52:25,648 - [ENV] - --- EPISODE START | Scenario: TRANSIT | Start: [0.99328283 0.09050488 0.55      ] | Goal: [0.70989292 0.02055062 0.55      ] | DriftLimit: 0.0800 | FloorLimit: 0.4500 ---
2026-04-24 08:52:25,684 - [ENV] - --- EPISODE START | Scenario: TRANSIT | Start: [1.09379735 0.00631854 0.55      ] | Goal: [0.86514835 0.46231941 0.55      ] | DriftLimit: 0.0800 | FloorLimit: 0.4500 ---
2026-04-24 08:52:25,779 - [ENV] - --- EPISODE START | Scenario: DESCEND | Start: [1.11036944 0.32373638 0.55      ] | Goal: [1.11036944 0.32373638 0.41      ] | DriftLimit: 0.0800 | FloorLimit: 0.4500 ---
2026-04-24 08:52:25,817 - [ENV] - --- EPISODE START | Scenario: DESCEND | Start: [0.97535864 0.48550667 0.55      ] | Goal: [0.97535864 0.48550667 0.41      ] | DriftLimit: 0.0800 | FloorLimit: 0.4500 ---
2026-04-24 08:52:25,856 - [ENV] - --- EPISODE START | Scenario: DESCEND | Start: [1.14817662 0.01846936 0.55      ] | Goal: [1.14817662 0.01846936 0.41      ] | DriftLimit: 0.0800 | FloorLimit: 0.4500 ---
2026-04-24 08:52:25,888 - [ENV] - --- EPISODE START | Scenario: DESCEND | Start: [0.96409956 0.15584361 0.55      ] | Goal: [0.96409956 0.15584361 0.41      ] | DriftLimit: 0.0800 | FloorLimit: 0.4500 ---
2026-04-24 08:52:25,925 - [ENV] - --- EPISODE START | Scenario: DESCEND | Start: [1.10019069 0.16960567 0.55      ] | Goal: [1.10019069 0.16960567 0.415     ] | DriftLimit: 0.0800 | FloorLimit: 0.4500 ---
2026-04-24 08:52:25,959 - [ENV] - --- EPISODE START | Scenario: DESCEND | Start: [0.91758963 0.35034061 0.55      ] | Goal: [0.91758963 0.35034061 0.415     ] | DriftLimit: 0.0800 | FloorLimit: 0.4500 ---
2026-04-24 08:52:26,003 - [ENV] - --- EPISODE START | Scenario: DESCEND | Start: [1.01865211 0.28949564 0.55      ] | Goal: [1.01865211 0.28949564 0.41      ] | DriftLimit: 0.0800 | FloorLimit: 0.4500 ---
2026-04-24 08:52:26,045 - [ENV] - --- EPISODE START | Scenario: DESCEND | Start: [0.85413727 0.12754897 0.55      ] | Goal: [0.85413727 0.12754897 0.41      ] | DriftLimit: 0.0800 | FloorLimit: 0.4500 ---
2026-04-24 08:52:26,084 - [ENV] - --- EPISODE START | Scenario: DESCEND | Start: [0.72482931 0.06619296 0.55      ] | Goal: [0.72482931 0.06619296 0.41      ] | DriftLimit: 0.0800 | FloorLimit: 0.4500 ---
2026-04-24 08:52:26,111 - [ENV] - --- EPISODE START | Scenario: DESCEND | Start: [0.73169502 0.13309273 0.55      ] | Goal: [0.73169502 0.13309273 0.415     ] | DriftLimit: 0.0800 | FloorLimit: 0.4500 ---
2026-04-24 08:52:26,183 - [ENV] - --- EPISODE START | Scenario: ASCEND | Start: [0.86522213 0.33386837 0.415     ] | Goal: [0.86522213 0.33386837 0.55      ] | DriftLimit: 0.0800 | FloorLimit: 0.4500 ---
2026-04-24 08:52:26,298 - [ENV] - --- EPISODE START | Scenario: ASCEND | Start: [1.06353293 0.35594798 0.415     ] | Goal: [1.06353293 0.35594798 0.55      ] | DriftLimit: 0.0800 | FloorLimit: 0.4500 ---
2026-04-24 08:52:26,373 - [ENV] - --- EPISODE START | Scenario: ASCEND | Start: [1.15238965 0.34698539 0.415     ] | Goal: [1.15238965 0.34698539 0.55      ] | DriftLimit: 0.0800 | FloorLimit: 0.4500 ---
2026-04-24 08:52:26,446 - [ENV] - --- EPISODE START | Scenario: ASCEND | Start: [0.69955301 0.3549318  0.415     ] | Goal: [0.69955301 0.3549318  0.55      ] | DriftLimit: 0.0800 | FloorLimit: 0.4500 ---
2026-04-24 08:52:26,588 - [ENV] - --- EPISODE START | Scenario: ASCEND | Start: [0.90099502 0.45407762 0.415     ] | Goal: [0.90099502 0.45407762 0.55      ] | DriftLimit: 0.0800 | FloorLimit: 0.4500 ---
2026-04-24 08:52:26,673 - [ENV] - --- EPISODE START | Scenario: ASCEND | Start: [0.65322614 0.28945084 0.415     ] | Goal: [0.65322614 0.28945084 0.55      ] | DriftLimit: 0.0800 | FloorLimit: 0.4500 ---
2026-04-24 08:52:26,933 - [ENV] - --- EPISODE START | Scenario: ASCEND | Start: [0.78500508 0.40596719 0.415     ] | Goal: [0.78500508 0.40596719 0.55      ] | DriftLimit: 0.0800 | FloorLimit: 0.4500 ---
2026-04-24 08:52:27,069 - [ENV] - --- EPISODE START | Scenario: ASCEND | Start: [0.65844412 0.28024503 0.415     ] | Goal: [0.65844412 0.28024503 0.55      ] | DriftLimit: 0.0800 | FloorLimit: 0.4500 ---
2026-04-24 08:52:27,257 - [ENV] - --- EPISODE START | Scenario: ASCEND | Start: [1.03003956 0.31453009 0.415     ] | Goal: [1.03003956 0.31453009 0.55      ] | DriftLimit: 0.0800 | FloorLimit: 0.4500 ---
2026-04-24 08:52:27,332 - [ENV] - --- EPISODE START | Scenario: ASCEND | Start: [0.95556951 0.25996847 0.415     ] | Goal: [0.95556951 0.25996847 0.55      ] | DriftLimit: 0.0800 | FloorLimit: 0.4500 ---
