2026-04-23 23:50:30,638 - [ENV] - --- EPISODE START | Scenario: DESCEND | Start: [1.06995905 0.31290011 0.55      ] | Goal: [1.06995905 0.31290011 0.41      ] | DriftLimit: 0.0800 | FloorLimit: 0.4500 ---
2026-04-23 23:50:30,865 - [ENV] - TERMINATED (Descend): Tube Drift = 0.0973m (Max 0.0800m) at step 25
2026-04-23 23:50:30,865 - [ENV] - Episode ended without success at step 25. Final dist: 0.2090m
2026-04-23 23:50:30,866 - [ENV] - --- EPISODE START | Scenario: DESCEND | Start: [0.83518763 0.23667758 0.55      ] | Goal: [0.83518763 0.23667758 0.41      ] | DriftLimit: 0.0800 | FloorLimit: 0.4500 ---
2026-04-23 23:50:31,153 - [ENV] - TERMINATED (Descend): Tube Drift = 0.0906m (Max 0.0800m) at step 15
2026-04-23 23:50:31,153 - [ENV] - Episode ended without success at step 15. Final dist: 0.1019m
2026-04-23 23:50:31,153 - [ENV] - --- EPISODE START | Scenario: TRANSIT | Start: [0.75597921 0.22041976 0.55      ] | Goal: [0.60228353 0.15709731 0.55      ] | DriftLimit: 0.0800 | FloorLimit: 0.4500 ---
2026-04-23 23:50:31,192 - [ENV] - TERMINATED (Transit): Floor collision. Z = 0.4199m (Min 0.450m) at step 3
2026-04-23 23:50:31,193 - [ENV] - Episode ended without success at step 3. Final dist: 0.2499m
2026-04-23 23:50:31,193 - [ENV] - --- EPISODE START | Scenario: DESCEND | Start: [0.87187359 0.51337094 0.55      ] | Goal: [0.87187359 0.51337094 0.415     ] | DriftLimit: 0.0800 | FloorLimit: 0.4500 ---
2026-04-23 23:50:31,279 - [ENV] - TERMINATED (Descend): Tube Drift = 0.1018m (Max 0.0800m) at step 4
2026-04-23 23:50:31,279 - [ENV] - Episode ended without success at step 4. Final dist: 0.1914m
2026-04-23 23:50:31,279 - [ENV] - --- EPISODE START | Scenario: ASCEND | Start: [0.61890821 0.05049394 0.41      ] | Goal: [0.61890821 0.05049394 0.55      ] | DriftLimit: 0.0800 | FloorLimit: 0.4500 ---
2026-04-23 23:50:31,452 - [ENV] - TERMINATED (Ascend): Tube Drift = 0.0821m (Max 0.0800m) at step 12
2026-04-23 23:50:31,452 - [ENV] - Episode ended without success at step 12. Final dist: 0.1418m
2026-04-23 23:50:31,452 - [ENV] - --- EPISODE START | Scenario: ASCEND | Start: [0.791432  0.1521108 0.41     ] | Goal: [0.791432  0.1521108 0.55     ] | DriftLimit: 0.0800 | FloorLimit: 0.4500 ---
2026-04-23 23:50:31,571 - [ENV] - TERMINATED (Ascend): Tube Drift = 0.0830m (Max 0.0800m) at step 6
2026-04-23 23:50:31,571 - [ENV] - Episode ended without success at step 6. Final dist: 0.1113m
2026-04-23 23:50:31,572 - [ENV] - --- EPISODE START | Scenario: ASCEND | Start: [0.91103327 0.05083549 0.41      ] | Goal: [0.91103327 0.05083549 0.55      ] | DriftLimit: 0.0800 | FloorLimit: 0.4500 ---
2026-04-23 23:50:31,760 - [ENV] - TERMINATED (Ascend): Tube Drift = 0.1095m (Max 0.0799m) at step 11
2026-04-23 23:50:31,760 - [ENV] - Episode ended without success at step 11. Final dist: 0.1550m
2026-04-23 23:50:31,760 - [ENV] - --- EPISODE START | Scenario: DESCEND | Start: [0.92927798 0.02557128 0.55      ] | Goal: [0.92927798 0.02557128 0.415     ] | DriftLimit: 0.0799 | FloorLimit: 0.4500 ---
2026-04-23 23:50:31,786 - [ENV] - TERMINATED (Descend): Tube Drift = 0.0849m (Max 0.0799m) at step 4
2026-04-23 23:50:31,786 - [ENV] - Episode ended without success at step 4. Final dist: 0.1380m
2026-04-23 23:50:31,786 - [ENV] - --- EPISODE START | Scenario: DESCEND | Start: [1.07643063 0.14582591 0.55      ] | Goal: [1.07643063 0.14582591 0.41      ] | DriftLimit: 0.0799 | FloorLimit: 0.4500 ---
2026-04-23 23:50:31,952 - [ENV] - TERMINATED (Descend): Tube Drift = 0.0885m (Max 0.0799m) at step 14
2026-04-23 23:50:31,952 - [ENV] - Episode ended without success at step 14. Final dist: 0.1942m
2026-04-23 23:50:31,952 - [ENV] - --- EPISODE START | Scenario: TRANSIT | Start: [0.60221836 0.4562261  0.55      ] | Goal: [0.85485002 0.30533314 0.55      ] | DriftLimit: 0.0799 | FloorLimit: 0.4500 ---
2026-04-23 23:50:32,006 - [ENV] - TERMINATED (Transit): Floor collision. Z = 0.4292m (Min 0.450m) at step 6
2026-04-23 23:50:32,006 - [ENV] - Episode ended without success at step 6. Final dist: 0.3023m
2026-04-23 23:50:32,006 - [ENV] - --- EPISODE START | Scenario: ASCEND | Start: [0.78029258 0.09262495 0.41      ] | Goal: [0.78029258 0.09262495 0.55      ] | DriftLimit: 0.0799 | FloorLimit: 0.4500 ---
2026-04-23 23:50:32,162 - [ENV] - TERMINATED (Ascend): Tube Drift = 0.0994m (Max 0.0799m) at step 6
2026-04-23 23:50:32,162 - [ENV] - Episode ended without success at step 6. Final dist: 0.1528m
2026-04-23 23:50:32,162 - [ENV] - --- EPISODE START | Scenario: ASCEND | Start: [0.91724987 0.47623708 0.41      ] | Goal: [0.91724987 0.47623708 0.55      ] | DriftLimit: 0.0799 | FloorLimit: 0.4500 ---
2026-04-23 23:50:32,290 - [ENV] - TERMINATED (Ascend): Tube Drift = 0.0943m (Max 0.0799m) at step 19
2026-04-23 23:50:32,290 - [ENV] - Episode ended without success at step 19. Final dist: 0.1518m
2026-04-23 23:50:32,291 - [ENV] - --- EPISODE START | Scenario: DESCEND | Start: [1.11491221 0.47737925 0.55      ] | Goal: [1.11491221 0.47737925 0.41      ] | DriftLimit: 0.0799 | FloorLimit: 0.4501 ---
2026-04-23 23:50:32,333 - [ENV] - TERMINATED (Descend): Tube Drift = 0.0821m (Max 0.0799m) at step 8
2026-04-23 23:50:32,333 - [ENV] - Episode ended without success at step 8. Final dist: 0.1110m
2026-04-23 23:50:32,334 - [ENV] - --- EPISODE START | Scenario: ASCEND | Start: [0.98474151 0.333648   0.41      ] | Goal: [0.98474151 0.333648   0.55      ] | DriftLimit: 0.0799 | FloorLimit: 0.4501 ---
2026-04-23 23:50:32,684 - [ENV] - TERMINATED (Ascend): Tube Drift = 0.0843m (Max 0.0799m) at step 27
2026-04-23 23:50:32,684 - [ENV] - Episode ended without success at step 27. Final dist: 0.1062m
2026-04-23 23:50:32,685 - [ENV] - --- EPISODE START | Scenario: TRANSIT | Start: [1.06226037 0.2656013  0.55      ] | Goal: [0.90042064 0.37542406 0.55      ] | DriftLimit: 0.0799 | FloorLimit: 0.4501 ---
2026-04-23 23:50:32,729 - [ENV] - TERMINATED (Transit): Floor collision. Z = 0.4420m (Min 0.450m) at step 5
2026-04-23 23:50:32,729 - [ENV] - Episode ended without success at step 5. Final dist: 0.1809m
2026-04-23 23:50:32,730 - [ENV] - --- EPISODE START | Scenario: TRANSIT | Start: [0.72581726 0.3526776  0.55      ] | Goal: [0.80291883 0.14174074 0.55      ] | DriftLimit: 0.0799 | FloorLimit: 0.4501 ---
2026-04-23 23:50:32,824 - [ENV] - TERMINATED (Transit): Floor collision. Z = 0.4488m (Min 0.450m) at step 13
2026-04-23 23:50:32,824 - [ENV] - Episode ended without success at step 13. Final dist: 0.3246m
2026-04-23 23:50:32,824 - [ENV] - --- EPISODE START | Scenario: DESCEND | Start: [1.00722585 0.40558458 0.55      ] | Goal: [1.00722585 0.40558458 0.41      ] | DriftLimit: 0.0799 | FloorLimit: 0.4501 ---
2026-04-23 23:50:32,916 - [ENV] - TERMINATED (Descend): Tube Drift = 0.0957m (Max 0.0799m) at step 13
2026-04-23 23:50:32,916 - [ENV] - Episode ended without success at step 13. Final dist: 0.1036m
2026-04-23 23:50:32,917 - [ENV] - --- EPISODE START | Scenario: ASCEND | Start: [0.7486366  0.39328568 0.41      ] | Goal: [0.7486366  0.39328568 0.55      ] | DriftLimit: 0.0799 | FloorLimit: 0.4501 ---
2026-04-23 23:50:33,123 - [ENV] - TERMINATED (Ascend): Tube Drift = 0.0817m (Max 0.0798m) at step 22
2026-04-23 23:50:33,123 - [ENV] - Episode ended without success at step 22. Final dist: 0.1153m
2026-04-23 23:50:33,123 - [ENV] - --- EPISODE START | Scenario: ASCEND | Start: [1.03268116 0.51342083 0.41      ] | Goal: [1.03268116 0.51342083 0.55      ] | DriftLimit: 0.0798 | FloorLimit: 0.4501 ---
2026-04-23 23:50:33,222 - [ENV] - TERMINATED (Ascend): Tube Drift = 0.0924m (Max 0.0798m) at step 6
2026-04-23 23:50:33,223 - [ENV] - Episode ended without success at step 6. Final dist: 0.1561m
2026-04-23 23:50:33,223 - [ENV] - --- EPISODE START | Scenario: TRANSIT | Start: [1.09255393 0.40904776 0.55      ] | Goal: [0.84101973 0.51803369 0.55      ] | DriftLimit: 0.0798 | FloorLimit: 0.4501 ---
2026-04-23 23:50:33,657 - [ENV] - TERMINATED (Transit): Floor collision. Z = 0.4408m (Min 0.450m) at step 42
2026-04-23 23:50:33,657 - [ENV] - Episode ended without success at step 42. Final dist: 0.3409m
2026-04-23 23:50:33,658 - [ENV] - --- EPISODE START | Scenario: TRANSIT | Start: [1.12451945 0.52234337 0.55      ] | Goal: [0.96501282 0.22389836 0.55      ] | DriftLimit: 0.0798 | FloorLimit: 0.4501 ---
2026-04-23 23:50:34,239 - [ENV] - TERMINATED (Transit): Floor collision. Z = 0.4431m (Min 0.450m) at step 52
2026-04-23 23:50:34,239 - [ENV] - Episode ended without success at step 52. Final dist: 0.2097m
2026-04-23 23:50:34,239 - [ENV] - --- EPISODE START | Scenario: ASCEND | Start: [0.60557914 0.45905715 0.41      ] | Goal: [0.60557914 0.45905715 0.55      ] | DriftLimit: 0.0798 | FloorLimit: 0.4501 ---
2026-04-23 23:50:34,740 - [ENV] - TERMINATED (Ascend): Tube Drift = 0.0911m (Max 0.0797m) at step 50
2026-04-23 23:50:34,740 - [ENV] - Episode ended without success at step 50. Final dist: 0.1564m
2026-04-23 23:50:34,740 - [ENV] - --- EPISODE START | Scenario: TRANSIT | Start: [0.87552786 0.34207084 0.55      ] | Goal: [0.62259083 0.05544022 0.55      ] | DriftLimit: 0.0797 | FloorLimit: 0.4501 ---
2026-04-23 23:50:36,904 - [ENV] - TERMINATED (Transit): Floor collision. Z = 0.4272m (Min 0.450m) at step 173
2026-04-23 23:50:36,905 - [ENV] - Episode ended without success at step 173. Final dist: 0.5075m
2026-04-23 23:50:36,905 - [ENV] - --- EPISODE START | Scenario: ASCEND | Start: [0.71809408 0.43228426 0.41      ] | Goal: [0.71809408 0.43228426 0.55      ] | DriftLimit: 0.0796 | FloorLimit: 0.4502 ---
2026-04-23 23:50:37,163 - [ENV] - TERMINATED (Ascend): Tube Drift = 0.0863m (Max 0.0796m) at step 2
2026-04-23 23:50:37,164 - [ENV] - Episode ended without success at step 2. Final dist: 0.1414m
2026-04-23 23:50:37,165 - [ENV] - --- EPISODE START | Scenario: TRANSIT | Start: [0.69409145 0.03517176 0.55      ] | Goal: [0.96202826 0.25236408 0.55      ] | DriftLimit: 0.0796 | FloorLimit: 0.4502 ---
2026-04-23 23:50:37,386 - [ENV] - TERMINATED (Transit): Floor collision. Z = 0.4433m (Min 0.450m) at step 2
2026-04-23 23:50:37,386 - [ENV] - Episode ended without success at step 2. Final dist: 0.2857m
2026-04-23 23:50:37,388 - [ENV] - --- EPISODE START | Scenario: ASCEND | Start: [1.14529785 0.53791247 0.41      ] | Goal: [1.14529785 0.53791247 0.55      ] | DriftLimit: 0.0796 | FloorLimit: 0.4502 ---
2026-04-23 23:50:37,622 - [ENV] - TERMINATED (Ascend): Tube Drift = 0.0862m (Max 0.0796m) at step 2
2026-04-23 23:50:37,622 - [ENV] - Episode ended without success at step 2. Final dist: 0.1262m
2026-04-23 23:50:37,623 - [ENV] - --- EPISODE START | Scenario: ASCEND | Start: [1.05149559 0.09702736 0.41      ] | Goal: [1.05149559 0.09702736 0.55      ] | DriftLimit: 0.0796 | FloorLimit: 0.4502 ---
2026-04-23 23:50:37,762 - [ENV] - TERMINATED (Ascend): Tube Drift = 0.0833m (Max 0.0796m) at step 2
2026-04-23 23:50:37,762 - [ENV] - Episode ended without success at step 2. Final dist: 0.1240m
2026-04-23 23:50:37,763 - [ENV] - --- EPISODE START | Scenario: ASCEND | Start: [0.78153834 0.04890711 0.41      ] | Goal: [0.78153834 0.04890711 0.55      ] | DriftLimit: 0.0796 | FloorLimit: 0.4502 ---
2026-04-23 23:50:37,931 - [ENV] - TERMINATED (Ascend): Tube Drift = 0.0860m (Max 0.0796m) at step 2
2026-04-23 23:50:37,931 - [ENV] - Episode ended without success at step 2. Final dist: 0.1279m
2026-04-23 23:50:37,932 - [ENV] - --- EPISODE START | Scenario: ASCEND | Start: [0.91418429 0.42870221 0.41      ] | Goal: [0.91418429 0.42870221 0.55      ] | DriftLimit: 0.0796 | FloorLimit: 0.4502 ---
2026-04-23 23:50:38,155 - [ENV] - TERMINATED (Ascend): Tube Drift = 0.0832m (Max 0.0796m) at step 2
2026-04-23 23:50:38,156 - [ENV] - Episode ended without success at step 2. Final dist: 0.1252m
2026-04-23 23:50:38,157 - [ENV] - --- EPISODE START | Scenario: ASCEND | Start: [0.68261327 0.06351485 0.41      ] | Goal: [0.68261327 0.06351485 0.55      ] | DriftLimit: 0.0796 | FloorLimit: 0.4502 ---
2026-04-23 23:50:38,392 - [ENV] - TERMINATED (Ascend): Tube Drift = 0.0891m (Max 0.0796m) at step 2
2026-04-23 23:50:38,392 - [ENV] - Episode ended without success at step 2. Final dist: 0.1410m
2026-04-23 23:50:38,393 - [ENV] - --- EPISODE START | Scenario: TRANSIT | Start: [0.92911559 0.45646549 0.55      ] | Goal: [1.1479973 0.2791308 0.55     ] | DriftLimit: 0.0796 | FloorLimit: 0.4502 ---
2026-04-23 23:50:38,577 - [ENV] - TERMINATED (Transit): Floor collision. Z = 0.4254m (Min 0.450m) at step 3
2026-04-23 23:50:38,577 - [ENV] - Episode ended without success at step 3. Final dist: 0.3230m
2026-04-23 23:50:38,578 - [ENV] - --- EPISODE START | Scenario: TRANSIT | Start: [0.95453598 0.26063711 0.55      ] | Goal: [ 1.0086933  -0.01413591  0.55      ] | DriftLimit: 0.0796 | FloorLimit: 0.4502 ---
2026-04-23 23:50:38,774 - [ENV] - TERMINATED (Transit): Floor collision. Z = 0.4290m (Min 0.450m) at step 3
2026-04-23 23:50:38,775 - [ENV] - Episode ended without success at step 3. Final dist: 0.3896m
2026-04-23 23:50:38,775 - [ENV] - --- EPISODE START | Scenario: ASCEND | Start: [1.15053856 0.22780469 0.41      ] | Goal: [1.15053856 0.22780469 0.55      ] | DriftLimit: 0.0796 | FloorLimit: 0.4502 ---
2026-04-23 23:50:39,051 - [ENV] - TERMINATED (Ascend): Tube Drift = 0.0991m (Max 0.0796m) at step 3
2026-04-23 23:50:39,051 - [ENV] - Episode ended without success at step 3. Final dist: 0.1202m
2026-04-23 23:50:39,053 - [ENV] - --- EPISODE START | Scenario: DESCEND | Start: [0.69249433 0.24729532 0.55      ] | Goal: [0.69249433 0.24729532 0.41      ] | DriftLimit: 0.0796 | FloorLimit: 0.4502 ---
2026-04-23 23:50:39,254 - [ENV] - TERMINATED (Descend): Tube Drift = 0.0944m (Max 0.0796m) at step 2
2026-04-23 23:50:39,255 - [ENV] - Episode ended without success at step 2. Final dist: 0.1005m
2026-04-23 23:50:39,256 - [ENV] - --- EPISODE START | Scenario: TRANSIT | Start: [1.02153844 0.05082521 0.55      ] | Goal: [0.64709897 0.45980649 0.55      ] | DriftLimit: 0.0796 | FloorLimit: 0.4502 ---
2026-04-23 23:50:39,553 - [ENV] - TERMINATED (Transit): Floor collision. Z = 0.4353m (Min 0.450m) at step 3
2026-04-23 23:50:39,554 - [ENV] - Episode ended without success at step 3. Final dist: 0.5696m
2026-04-23 23:50:39,555 - [ENV] - --- EPISODE START | Scenario: TRANSIT | Start: [0.66511319 0.28517871 0.55      ] | Goal: [0.75549644 0.15262652 0.55      ] | DriftLimit: 0.0796 | FloorLimit: 0.4502 ---
2026-04-23 23:50:39,832 - [ENV] - TERMINATED (Transit): Floor collision. Z = 0.4474m (Min 0.450m) at step 3
2026-04-23 23:50:39,832 - [ENV] - Episode ended without success at step 3. Final dist: 0.2359m
2026-04-23 23:50:39,833 - [ENV] - --- EPISODE START | Scenario: ASCEND | Start: [0.78806627 0.28363861 0.41      ] | Goal: [0.78806627 0.28363861 0.55      ] | DriftLimit: 0.0796 | FloorLimit: 0.4502 ---
2026-04-23 23:50:40,109 - [ENV] - TERMINATED (Ascend): Tube Drift = 0.0831m (Max 0.0796m) at step 2
2026-04-23 23:50:40,109 - [ENV] - Episode ended without success at step 2. Final dist: 0.1382m
2026-04-23 23:50:40,110 - [ENV] - --- EPISODE START | Scenario: TRANSIT | Start: [0.87256336 0.43989698 0.55      ] | Goal: [0.79492178 0.00277749 0.55      ] | DriftLimit: 0.0796 | FloorLimit: 0.4502 ---
2026-04-23 23:50:40,565 - [ENV] - TERMINATED (Transit): Floor collision. Z = 0.4329m (Min 0.450m) at step 3
2026-04-23 23:50:40,565 - [ENV] - Episode ended without success at step 3. Final dist: 0.5586m
2026-04-23 23:50:40,565 - [ENV] - --- EPISODE START | Scenario: TRANSIT | Start: [0.89802738 0.17698855 0.55      ] | Goal: [0.74627716 0.46143057 0.55      ] | DriftLimit: 0.0796 | FloorLimit: 0.4502 ---
2026-04-23 23:50:40,816 - [ENV] - TERMINATED (Transit): Floor collision. Z = 0.4383m (Min 0.450m) at step 3
2026-04-23 23:50:40,816 - [ENV] - Episode ended without success at step 3. Final dist: 0.3289m
2026-04-23 23:50:40,817 - [ENV] - --- EPISODE START | Scenario: DESCEND | Start: [0.96298807 0.05761298 0.55      ] | Goal: [0.96298807 0.05761298 0.415     ] | DriftLimit: 0.0796 | FloorLimit: 0.4502 ---
2026-04-23 23:50:40,977 - [ENV] - TERMINATED (Descend): Tube Drift = 0.0882m (Max 0.0796m) at step 2
2026-04-23 23:50:40,977 - [ENV] - Episode ended without success at step 2. Final dist: 0.1013m
2026-04-23 23:50:40,979 - [ENV] - --- EPISODE START | Scenario: TRANSIT | Start: [0.99727455 0.50475032 0.55      ] | Goal: [0.81565994 0.37982452 0.55      ] | DriftLimit: 0.0796 | FloorLimit: 0.4502 ---
2026-04-23 23:50:44,988 - [ENV] - TERMINATED (Transit): Floor collision. Z = 0.4354m (Min 0.450m) at step 95
2026-04-23 23:50:44,988 - [ENV] - Episode ended without success at step 95. Final dist: 0.5405m
2026-04-23 23:50:44,990 - [ENV] - --- EPISODE START | Scenario: TRANSIT | Start: [0.62063358 0.0163891  0.55      ] | Goal: [0.623961  0.2580599 0.55     ] | DriftLimit: 0.0795 | FloorLimit: 0.4503 ---
2026-04-23 23:50:45,159 - [ENV] - TERMINATED (Transit): Floor collision. Z = 0.4454m (Min 0.450m) at step 2
2026-04-23 23:50:45,160 - [ENV] - Episode ended without success at step 2. Final dist: 0.2297m
2026-04-23 23:50:45,162 - [ENV] - --- EPISODE START | Scenario: ASCEND | Start: [0.64758822 0.12553726 0.41      ] | Goal: [0.64758822 0.12553726 0.55      ] | DriftLimit: 0.0795 | FloorLimit: 0.4503 ---
2026-04-23 23:50:45,512 - [ENV] - TERMINATED (Ascend): Tube Drift = 0.1109m (Max 0.0795m) at step 3
2026-04-23 23:50:45,512 - [ENV] - Episode ended without success at step 3. Final dist: 0.1425m
2026-04-23 23:50:45,513 - [ENV] - --- EPISODE START | Scenario: DESCEND | Start: [1.05002388 0.21804954 0.55      ] | Goal: [1.05002388 0.21804954 0.415     ] | DriftLimit: 0.0795 | FloorLimit: 0.4503 ---
2026-04-23 23:50:45,822 - [ENV] - TERMINATED (Descend): Tube Drift = 0.0823m (Max 0.0795m) at step 3
2026-04-23 23:50:45,823 - [ENV] - Episode ended without success at step 3. Final dist: 0.0836m
2026-04-23 23:50:45,824 - [ENV] - --- EPISODE START | Scenario: DESCEND | Start: [0.6297696  0.34147674 0.55      ] | Goal: [0.6297696  0.34147674 0.41      ] | DriftLimit: 0.0795 | FloorLimit: 0.4503 ---
2026-04-23 23:50:46,229 - [ENV] - TERMINATED (Descend): Tube Drift = 0.0934m (Max 0.0795m) at step 5
2026-04-23 23:50:46,230 - [ENV] - Episode ended without success at step 5. Final dist: 0.0940m
2026-04-23 23:50:46,231 - [ENV] - --- EPISODE START | Scenario: TRANSIT | Start: [1.01620885 0.11940684 0.55      ] | Goal: [0.92308365 0.49534601 0.55      ] | DriftLimit: 0.0795 | FloorLimit: 0.4503 ---
2026-04-23 23:50:46,616 - [ENV] - TERMINATED (Transit): Floor collision. Z = 0.4282m (Min 0.450m) at step 3
2026-04-23 23:50:46,617 - [ENV] - Episode ended without success at step 3. Final dist: 0.3577m
2026-04-23 23:50:46,618 - [ENV] - --- EPISODE START | Scenario: TRANSIT | Start: [0.95158793 0.29158664 0.55      ] | Goal: [0.85553421 0.09759855 0.55      ] | DriftLimit: 0.0795 | FloorLimit: 0.4503 ---
2026-04-23 23:50:46,899 - [ENV] - TERMINATED (Transit): Floor collision. Z = 0.4271m (Min 0.450m) at step 3
2026-04-23 23:50:46,899 - [ENV] - Episode ended without success at step 3. Final dist: 0.2094m
2026-04-23 23:50:46,900 - [ENV] - --- EPISODE START | Scenario: DESCEND | Start: [0.93101348 0.50061993 0.55      ] | Goal: [0.93101348 0.50061993 0.415     ] | DriftLimit: 0.0795 | FloorLimit: 0.4503 ---
2026-04-23 23:50:47,247 - [ENV] - TERMINATED (Descend): Tube Drift = 0.0938m (Max 0.0795m) at step 4
2026-04-23 23:50:47,247 - [ENV] - Episode ended without success at step 4. Final dist: 0.0943m
2026-04-23 23:50:47,248 - [ENV] - --- EPISODE START | Scenario: ASCEND | Start: [0.841824   0.07984244 0.41      ] | Goal: [0.841824   0.07984244 0.55      ] | DriftLimit: 0.0795 | FloorLimit: 0.4503 ---
2026-04-23 23:50:47,541 - [ENV] - TERMINATED (Ascend): Tube Drift = 0.0874m (Max 0.0795m) at step 2
2026-04-23 23:50:47,541 - [ENV] - Episode ended without success at step 2. Final dist: 0.1298m
2026-04-23 23:50:47,543 - [ENV] - --- EPISODE START | Scenario: TRANSIT | Start: [0.93065631 0.37300948 0.55      ] | Goal: [0.77386989 0.3003435  0.55      ] | DriftLimit: 0.0795 | FloorLimit: 0.4503 ---
2026-04-23 23:50:47,943 - [ENV] - TERMINATED (Transit): Floor collision. Z = 0.4370m (Min 0.450m) at step 3
2026-04-23 23:50:47,943 - [ENV] - Episode ended without success at step 3. Final dist: 0.2601m
2026-04-23 23:50:47,944 - [ENV] - --- EPISODE START | Scenario: ASCEND | Start: [1.00769351 0.49500828 0.41      ] | Goal: [1.00769351 0.49500828 0.55      ] | DriftLimit: 0.0795 | FloorLimit: 0.4503 ---
2026-04-23 23:50:48,161 - [ENV] - TERMINATED (Ascend): Tube Drift = 0.0838m (Max 0.0795m) at step 2
2026-04-23 23:50:48,161 - [ENV] - Episode ended without success at step 2. Final dist: 0.1252m
2026-04-23 23:50:48,162 - [ENV] - --- EPISODE START | Scenario: ASCEND | Start: [0.72665028 0.09043545 0.41      ] | Goal: [0.72665028 0.09043545 0.55      ] | DriftLimit: 0.0795 | FloorLimit: 0.4503 ---
2026-04-23 23:50:48,473 - [ENV] - TERMINATED (Ascend): Tube Drift = 0.0820m (Max 0.0795m) at step 2
2026-04-23 23:50:48,473 - [ENV] - Episode ended without success at step 2. Final dist: 0.1446m
2026-04-23 23:50:48,474 - [ENV] - --- EPISODE START | Scenario: ASCEND | Start: [0.80831884 0.51156829 0.41      ] | Goal: [0.80831884 0.51156829 0.55      ] | DriftLimit: 0.0795 | FloorLimit: 0.4503 ---
2026-04-23 23:50:48,626 - [ENV] - TERMINATED (Ascend): Tube Drift = 0.0799m (Max 0.0795m) at step 2
2026-04-23 23:50:48,627 - [ENV] - Episode ended without success at step 2. Final dist: 0.1347m
2026-04-23 23:50:48,628 - [ENV] - --- EPISODE START | Scenario: ASCEND | Start: [0.93136992 0.30667689 0.41      ] | Goal: [0.93136992 0.30667689 0.55      ] | DriftLimit: 0.0795 | FloorLimit: 0.4503 ---
2026-04-23 23:50:48,996 - [ENV] - TERMINATED (Ascend): Tube Drift = 0.1226m (Max 0.0795m) at step 3
2026-04-23 23:50:48,997 - [ENV] - Episode ended without success at step 3. Final dist: 0.1428m
2026-04-23 23:50:48,998 - [ENV] - --- EPISODE START | Scenario: ASCEND | Start: [1.05059598 0.08643733 0.41      ] | Goal: [1.05059598 0.08643733 0.55      ] | DriftLimit: 0.0795 | FloorLimit: 0.4503 ---
2026-04-23 23:50:49,222 - [ENV] - TERMINATED (Ascend): Tube Drift = 0.0879m (Max 0.0795m) at step 2
2026-04-23 23:50:49,222 - [ENV] - Episode ended without success at step 2. Final dist: 0.1265m
2026-04-23 23:50:49,223 - [ENV] - --- EPISODE START | Scenario: ASCEND | Start: [0.79076847 0.22385519 0.41      ] | Goal: [0.79076847 0.22385519 0.55      ] | DriftLimit: 0.0795 | FloorLimit: 0.4503 ---
2026-04-23 23:50:49,393 - [ENV] - TERMINATED (Ascend): Tube Drift = 0.0820m (Max 0.0795m) at step 2
2026-04-23 23:50:49,394 - [ENV] - Episode ended without success at step 2. Final dist: 0.1446m
2026-04-23 23:50:49,394 - [ENV] - --- EPISODE START | Scenario: TRANSIT | Start: [0.92151348 0.11401527 0.55      ] | Goal: [1.01819061 0.0245373  0.55      ] | DriftLimit: 0.0795 | FloorLimit: 0.4503 ---
2026-04-23 23:50:49,580 - [ENV] - TERMINATED (Transit): Floor collision. Z = 0.4273m (Min 0.450m) at step 3
2026-04-23 23:50:49,580 - [ENV] - Episode ended without success at step 3. Final dist: 0.1706m
2026-04-23 23:50:49,581 - [ENV] - --- EPISODE START | Scenario: ASCEND | Start: [0.75737376 0.15448229 0.41      ] | Goal: [0.75737376 0.15448229 0.55      ] | DriftLimit: 0.0795 | FloorLimit: 0.4503 ---
2026-04-23 23:50:49,812 - [ENV] - TERMINATED (Ascend): Tube Drift = 0.1078m (Max 0.0795m) at step 3
2026-04-23 23:50:49,812 - [ENV] - Episode ended without success at step 3. Final dist: 0.1633m
2026-04-23 23:50:49,812 - [ENV] - --- EPISODE START | Scenario: DESCEND | Start: [0.61187532 0.53099817 0.55      ] | Goal: [0.61187532 0.53099817 0.415     ] | DriftLimit: 0.0795 | FloorLimit: 0.4503 ---
2026-04-23 23:50:50,153 - [ENV] - TERMINATED (Descend): Tube Drift = 0.0885m (Max 0.0795m) at step 4
2026-04-23 23:50:50,153 - [ENV] - Episode ended without success at step 4. Final dist: 0.0908m
2026-04-23 23:50:50,154 - [ENV] - --- EPISODE START | Scenario: ASCEND | Start: [1.10587856 0.46707408 0.41      ] | Goal: [1.10587856 0.46707408 0.55      ] | DriftLimit: 0.0795 | FloorLimit: 0.4503 ---
2026-04-23 23:50:50,461 - [ENV] - TERMINATED (Ascend): Tube Drift = 0.0830m (Max 0.0795m) at step 2
2026-04-23 23:50:50,461 - [ENV] - Episode ended without success at step 2. Final dist: 0.1241m
2026-04-23 23:50:50,461 - [ENV] - --- EPISODE START | Scenario: ASCEND | Start: [0.84996089 0.53250339 0.41      ] | Goal: [0.84996089 0.53250339 0.55      ] | DriftLimit: 0.0795 | FloorLimit: 0.4503 ---
2026-04-23 23:50:50,742 - [ENV] - TERMINATED (Ascend): Tube Drift = 0.0947m (Max 0.0795m) at step 3
2026-04-23 23:50:50,742 - [ENV] - Episode ended without success at step 3. Final dist: 0.1284m
2026-04-23 23:50:50,744 - [ENV] - --- EPISODE START | Scenario: TRANSIT | Start: [0.81862585 0.00713521 0.55      ] | Goal: [0.67387756 0.37749268 0.55      ] | DriftLimit: 0.0795 | FloorLimit: 0.4503 ---
2026-04-23 23:50:50,905 - [ENV] - TERMINATED (Transit): Floor collision. Z = 0.4225m (Min 0.450m) at step 3
2026-04-23 23:50:50,905 - [ENV] - Episode ended without success at step 3. Final dist: 0.3331m
2026-04-23 23:50:50,906 - [ENV] - --- EPISODE START | Scenario: ASCEND | Start: [1.13908138 0.26066614 0.41      ] | Goal: [1.13908138 0.26066614 0.55      ] | DriftLimit: 0.0795 | FloorLimit: 0.4503 ---
2026-04-23 23:50:51,126 - [ENV] - TERMINATED (Ascend): Tube Drift = 0.0841m (Max 0.0795m) at step 2
2026-04-23 23:50:51,127 - [ENV] - Episode ended without success at step 2. Final dist: 0.1252m
2026-04-23 23:50:51,127 - [ENV] - --- EPISODE START | Scenario: TRANSIT | Start: [ 0.73954936 -0.01193882  0.55      ] | Goal: [0.89857809 0.38045601 0.55      ] | DriftLimit: 0.0795 | FloorLimit: 0.4503 ---
2026-04-23 23:50:51,311 - [ENV] - TERMINATED (Transit): Floor collision. Z = 0.4213m (Min 0.450m) at step 3
2026-04-23 23:50:51,311 - [ENV] - Episode ended without success at step 3. Final dist: 0.3685m
2026-04-23 23:50:51,311 - [ENV] - --- EPISODE START | Scenario: DESCEND | Start: [0.88898937 0.03290051 0.55      ] | Goal: [0.88898937 0.03290051 0.41      ] | DriftLimit: 0.0795 | FloorLimit: 0.4503 ---
2026-04-23 23:50:51,469 - [ENV] - TERMINATED (Descend): Tube Drift = 0.0900m (Max 0.0795m) at step 3
2026-04-23 23:50:51,469 - [ENV] - Episode ended without success at step 3. Final dist: 0.0914m
2026-04-23 23:50:51,469 - [ENV] - --- EPISODE START | Scenario: DESCEND | Start: [1.05545561 0.46851308 0.55      ] | Goal: [1.05545561 0.46851308 0.41      ] | DriftLimit: 0.0795 | FloorLimit: 0.4503 ---
2026-04-23 23:50:51,633 - [ENV] - TERMINATED (Descend): Tube Drift = 0.0927m (Max 0.0795m) at step 3
2026-04-23 23:50:51,634 - [ENV] - Episode ended without success at step 3. Final dist: 0.0944m
2026-04-23 23:50:51,634 - [ENV] - --- EPISODE START | Scenario: DESCEND | Start: [ 1.00329775 -0.01097607  0.55      ] | Goal: [ 1.00329775 -0.01097607  0.415     ] | DriftLimit: 0.0795 | FloorLimit: 0.4503 ---
2026-04-23 23:50:51,815 - [ENV] - TERMINATED (Descend): Tube Drift = 0.0950m (Max 0.0795m) at step 4
2026-04-23 23:50:51,815 - [ENV] - Episode ended without success at step 4. Final dist: 0.0951m
2026-04-23 23:50:51,815 - [ENV] - --- EPISODE START | Scenario: DESCEND | Start: [1.02240838 0.19621638 0.55      ] | Goal: [1.02240838 0.19621638 0.41      ] | DriftLimit: 0.0795 | FloorLimit: 0.4503 ---
2026-04-23 23:50:52,001 - [ENV] - TERMINATED (Descend): Tube Drift = 0.0885m (Max 0.0795m) at step 3
2026-04-23 23:50:52,001 - [ENV] - Episode ended without success at step 3. Final dist: 0.0904m
2026-04-23 23:50:52,001 - [ENV] - --- EPISODE START | Scenario: DESCEND | Start: [1.02450038 0.32582949 0.55      ] | Goal: [1.02450038 0.32582949 0.415     ] | DriftLimit: 0.0795 | FloorLimit: 0.4503 ---
2026-04-23 23:50:52,153 - [ENV] - TERMINATED (Descend): Tube Drift = 0.0880m (Max 0.0794m) at step 3
2026-04-23 23:50:52,153 - [ENV] - Episode ended without success at step 3. Final dist: 0.0890m
2026-04-23 23:50:52,154 - [ENV] - --- EPISODE START | Scenario: DESCEND | Start: [0.7120935  0.26111712 0.55      ] | Goal: [0.7120935  0.26111712 0.41      ] | DriftLimit: 0.0794 | FloorLimit: 0.4503 ---
2026-04-23 23:50:52,389 - [ENV] - TERMINATED (Descend): Tube Drift = 0.0804m (Max 0.0794m) at step 4
2026-04-23 23:50:52,389 - [ENV] - Episode ended without success at step 4. Final dist: 0.0810m
2026-04-23 23:50:52,390 - [ENV] - --- EPISODE START | Scenario: TRANSIT | Start: [0.65593087 0.02951737 0.55      ] | Goal: [0.82928803 0.12640315 0.55      ] | DriftLimit: 0.0794 | FloorLimit: 0.4503 ---
2026-04-23 23:50:57,628 - [ENV] - --- EPISODE START | Scenario: ASCEND | Start: [ 0.945764  -0.0039901  0.41     ] | Goal: [ 0.945764  -0.0039901  0.55     ] | DriftLimit: 0.0793 | FloorLimit: 0.4504 ---
2026-04-23 23:50:57,890 - [ENV] - TERMINATED (Ascend): Tube Drift = 0.0865m (Max 0.0793m) at step 3
2026-04-23 23:50:57,891 - [ENV] - Episode ended without success at step 3. Final dist: 0.1095m
2026-04-23 23:50:57,891 - [ENV] - --- EPISODE START | Scenario: TRANSIT | Start: [1.03652048 0.14105182 0.55      ] | Goal: [0.86758364 0.06396685 0.55      ] | DriftLimit: 0.0793 | FloorLimit: 0.4504 ---
2026-04-23 23:51:03,252 - [ENV] - --- EPISODE START | Scenario: DESCEND | Start: [0.96590285 0.21956137 0.55      ] | Goal: [0.96590285 0.21956137 0.415     ] | DriftLimit: 0.0792 | FloorLimit: 0.4504 ---
2026-04-23 23:51:07,950 - [ENV] - --- EPISODE START | Scenario: ASCEND | Start: [0.68954035 0.06688464 0.41      ] | Goal: [0.68954035 0.06688464 0.55      ] | DriftLimit: 0.0791 | FloorLimit: 0.4505 ---
2026-04-23 23:51:08,265 - [ENV] - TERMINATED (Ascend): Tube Drift = 0.0932m (Max 0.0791m) at step 6
2026-04-23 23:51:08,265 - [ENV] - Episode ended without success at step 6. Final dist: 0.1595m
2026-04-23 23:51:08,265 - [ENV] - --- EPISODE START | Scenario: ASCEND | Start: [0.95224938 0.54162629 0.41      ] | Goal: [0.95224938 0.54162629 0.55      ] | DriftLimit: 0.0791 | FloorLimit: 0.4505 ---
2026-04-23 23:51:08,474 - [ENV] - TERMINATED (Ascend): Tube Drift = 0.0791m (Max 0.0791m) at step 3
2026-04-23 23:51:08,475 - [ENV] - Episode ended without success at step 3. Final dist: 0.1557m
2026-04-23 23:51:08,475 - [ENV] - --- EPISODE START | Scenario: ASCEND | Start: [0.70493108 0.08742405 0.41      ] | Goal: [0.70493108 0.08742405 0.55      ] | DriftLimit: 0.0791 | FloorLimit: 0.4505 ---
2026-04-23 23:51:08,715 - [ENV] - TERMINATED (Ascend): Tube Drift = 0.0850m (Max 0.0790m) at step 5
2026-04-23 23:51:08,715 - [ENV] - Episode ended without success at step 5. Final dist: 0.1586m
2026-04-23 23:51:08,716 - [ENV] - --- EPISODE START | Scenario: ASCEND | Start: [0.75701443 0.05618956 0.41      ] | Goal: [0.75701443 0.05618956 0.55      ] | DriftLimit: 0.0790 | FloorLimit: 0.4505 ---
2026-04-23 23:51:09,010 - [ENV] - TERMINATED (Ascend): Tube Drift = 0.0949m (Max 0.0790m) at step 6
2026-04-23 23:51:09,010 - [ENV] - Episode ended without success at step 6. Final dist: 0.1573m
2026-04-23 23:51:09,011 - [ENV] - --- EPISODE START | Scenario: TRANSIT | Start: [0.86219583 0.10990454 0.55      ] | Goal: [1.14173392 0.45063605 0.55      ] | DriftLimit: 0.0790 | FloorLimit: 0.4505 ---
2026-04-23 23:51:13,793 - [ENV] - --- EPISODE START | Scenario: ASCEND | Start: [0.9281052  0.02984006 0.41      ] | Goal: [0.9281052  0.02984006 0.55      ] | DriftLimit: 0.0789 | FloorLimit: 0.4506 ---
2026-04-23 23:51:13,999 - [ENV] - TERMINATED (Ascend): Tube Drift = 0.0818m (Max 0.0789m) at step 3
2026-04-23 23:51:13,999 - [ENV] - Episode ended without success at step 3. Final dist: 0.1506m
2026-04-23 23:51:13,999 - [ENV] - --- EPISODE START | Scenario: ASCEND | Start: [0.77220523 0.46535901 0.41      ] | Goal: [0.77220523 0.46535901 0.55      ] | DriftLimit: 0.0789 | FloorLimit: 0.4506 ---
2026-04-23 23:51:14,207 - [ENV] - TERMINATED (Ascend): Tube Drift = 0.0991m (Max 0.0789m) at step 3
2026-04-23 23:51:14,207 - [ENV] - Episode ended without success at step 3. Final dist: 0.1486m
2026-04-23 23:51:14,208 - [ENV] - --- EPISODE START | Scenario: DESCEND | Start: [ 1.13230862 -0.00781101  0.55      ] | Goal: [ 1.13230862 -0.00781101  0.415     ] | DriftLimit: 0.0789 | FloorLimit: 0.4506 ---
2026-04-23 23:51:14,624 - [ENV] - TERMINATED (Descend): Tube Drift = 0.0902m (Max 0.0789m) at step 3
2026-04-23 23:51:14,624 - [ENV] - Episode ended without success at step 3. Final dist: 0.0908m
2026-04-23 23:51:14,624 - [ENV] - --- EPISODE START | Scenario: ASCEND | Start: [0.99486418 0.07930031 0.41      ] | Goal: [0.99486418 0.07930031 0.55      ] | DriftLimit: 0.0789 | FloorLimit: 0.4506 ---
2026-04-23 23:51:14,863 - [ENV] - TERMINATED (Ascend): Tube Drift = 0.0801m (Max 0.0789m) at step 3
2026-04-23 23:51:14,863 - [ENV] - Episode ended without success at step 3. Final dist: 0.1511m
2026-04-23 23:51:14,863 - [ENV] - --- EPISODE START | Scenario: DESCEND | Start: [0.78091828 0.11868167 0.55      ] | Goal: [0.78091828 0.11868167 0.415     ] | DriftLimit: 0.0789 | FloorLimit: 0.4506 ---
2026-04-23 23:51:20,168 - [ENV] - --- EPISODE START | Scenario: TRANSIT | Start: [1.12145186 0.43056863 0.55      ] | Goal: [1.08749926 0.03362    0.55      ] | DriftLimit: 0.0788 | FloorLimit: 0.4507 ---
2026-04-23 23:51:25,486 - [ENV] - --- EPISODE START | Scenario: TRANSIT | Start: [1.03474654 0.28042899 0.55      ] | Goal: [0.75381315 0.2322916  0.55      ] | DriftLimit: 0.0786 | FloorLimit: 0.4507 ---
2026-04-23 23:51:30,310 - [ENV] - --- EPISODE START | Scenario: ASCEND | Start: [0.88550472 0.33451609 0.41      ] | Goal: [0.88550472 0.33451609 0.55      ] | DriftLimit: 0.0785 | FloorLimit: 0.4508 ---
2026-04-23 23:51:30,576 - [ENV] - TERMINATED (Ascend): Tube Drift = 0.1080m (Max 0.0785m) at step 4
2026-04-23 23:51:30,576 - [ENV] - Episode ended without success at step 4. Final dist: 0.1663m
2026-04-23 23:51:30,576 - [ENV] - --- EPISODE START | Scenario: DESCEND | Start: [1.07519632 0.08089025 0.55      ] | Goal: [1.07519632 0.08089025 0.415     ] | DriftLimit: 0.0785 | FloorLimit: 0.4508 ---
2026-04-23 23:51:36,089 - [ENV] - --- EPISODE START | Scenario: ASCEND | Start: [0.77262372 0.45513311 0.41      ] | Goal: [0.77262372 0.45513311 0.55      ] | DriftLimit: 0.0784 | FloorLimit: 0.4509 ---
2026-04-23 23:51:36,312 - [ENV] - TERMINATED (Ascend): Tube Drift = 0.0967m (Max 0.0784m) at step 3
2026-04-23 23:51:36,312 - [ENV] - Episode ended without success at step 3. Final dist: 0.1569m
2026-04-23 23:51:36,312 - [ENV] - --- EPISODE START | Scenario: ASCEND | Start: [1.14112165 0.38379792 0.41      ] | Goal: [1.14112165 0.38379792 0.55      ] | DriftLimit: 0.0784 | FloorLimit: 0.4509 ---
2026-04-23 23:51:36,515 - [ENV] - TERMINATED (Ascend): Tube Drift = 0.0871m (Max 0.0784m) at step 2
2026-04-23 23:51:36,516 - [ENV] - Episode ended without success at step 2. Final dist: 0.1373m
2026-04-23 23:51:36,517 - [ENV] - --- EPISODE START | Scenario: ASCEND | Start: [1.09485897 0.06199321 0.41      ] | Goal: [1.09485897 0.06199321 0.55      ] | DriftLimit: 0.0784 | FloorLimit: 0.4509 ---
2026-04-23 23:51:36,743 - [ENV] - TERMINATED (Ascend): Tube Drift = 0.0880m (Max 0.0784m) at step 3
2026-04-23 23:51:36,743 - [ENV] - Episode ended without success at step 3. Final dist: 0.1549m
2026-04-23 23:51:36,744 - [ENV] - --- EPISODE START | Scenario: ASCEND | Start: [0.91592058 0.21634666 0.41      ] | Goal: [0.91592058 0.21634666 0.55      ] | DriftLimit: 0.0784 | FloorLimit: 0.4509 ---
2026-04-23 23:51:36,936 - [ENV] - TERMINATED (Ascend): Tube Drift = 0.0836m (Max 0.0784m) at step 3
2026-04-23 23:51:36,936 - [ENV] - Episode ended without success at step 3. Final dist: 0.1513m
2026-04-23 23:51:36,936 - [ENV] - --- EPISODE START | Scenario: ASCEND | Start: [1.06689453 0.53634946 0.41      ] | Goal: [1.06689453 0.53634946 0.55      ] | DriftLimit: 0.0784 | FloorLimit: 0.4509 ---
2026-04-23 23:51:37,109 - [ENV] - TERMINATED (Ascend): Tube Drift = 0.0846m (Max 0.0784m) at step 2
2026-04-23 23:51:37,109 - [ENV] - Episode ended without success at step 2. Final dist: 0.1379m
2026-04-23 23:51:37,111 - [ENV] - --- EPISODE START | Scenario: ASCEND | Start: [0.97903573 0.32491146 0.41      ] | Goal: [0.97903573 0.32491146 0.55      ] | DriftLimit: 0.0784 | FloorLimit: 0.4509 ---
2026-04-23 23:51:37,478 - [ENV] - TERMINATED (Ascend): Tube Drift = 0.1204m (Max 0.0784m) at step 3
2026-04-23 23:51:37,478 - [ENV] - Episode ended without success at step 3. Final dist: 0.1677m
2026-04-23 23:51:37,480 - [ENV] - --- EPISODE START | Scenario: TRANSIT | Start: [0.84939577 0.15963725 0.55      ] | Goal: [0.94888488 0.17342147 0.55      ] | DriftLimit: 0.0784 | FloorLimit: 0.4509 ---
2026-04-23 23:51:42,639 - [ENV] - --- EPISODE START | Scenario: DESCEND | Start: [1.10465932 0.13178338 0.55      ] | Goal: [1.10465932 0.13178338 0.41      ] | DriftLimit: 0.0783 | FloorLimit: 0.4510 ---
2026-04-23 23:52:24,550 - [ENV] - --- EPISODE START | Scenario: ASCEND | Start: [1.06492951 0.09555013 0.41      ] | Goal: [1.06492951 0.09555013 0.55      ] | DriftLimit: 0.0781 | FloorLimit: 0.4510 ---
2026-04-23 23:52:24,732 - [ENV] - TERMINATED (Ascend): Tube Drift = 0.0828m (Max 0.0781m) at step 2
2026-04-23 23:52:24,733 - [ENV] - Episode ended without success at step 2. Final dist: 0.1284m
2026-04-23 23:52:24,734 - [ENV] - --- EPISODE START | Scenario: DESCEND | Start: [1.02458184 0.04293306 0.55      ] | Goal: [1.02458184 0.04293306 0.41      ] | DriftLimit: 0.0781 | FloorLimit: 0.4510 ---
2026-04-23 23:52:29,842 - [ENV] - --- EPISODE START | Scenario: DESCEND | Start: [ 1.02787204 -0.00514035  0.55      ] | Goal: [ 1.02787204 -0.00514035  0.41      ] | DriftLimit: 0.0780 | FloorLimit: 0.4511 ---
2026-04-23 23:52:35,429 - [ENV] - --- EPISODE START | Scenario: TRANSIT | Start: [1.08429164 0.34865392 0.55      ] | Goal: [0.74569567 0.22120008 0.55      ] | DriftLimit: 0.0779 | FloorLimit: 0.4512 ---
2026-04-23 23:52:40,691 - [ENV] - --- EPISODE START | Scenario: TRANSIT | Start: [0.82307779 0.51797116 0.55      ] | Goal: [1.01085682 0.11524396 0.55      ] | DriftLimit: 0.0777 | FloorLimit: 0.4512 ---
2026-04-23 23:52:46,599 - [ENV] - --- EPISODE START | Scenario: DESCEND | Start: [0.77466494 0.03145954 0.55      ] | Goal: [0.77466494 0.03145954 0.41      ] | DriftLimit: 0.0776 | FloorLimit: 0.4513 ---
2026-04-23 23:52:46,996 - [ENV] - SUCCESS: Goal reached in 11 steps. Dist = 0.0100m
2026-04-23 23:52:46,996 - [ENV] - --- EPISODE START | Scenario: TRANSIT | Start: [1.00092982 0.0754416  0.55      ] | Goal: [0.6453564  0.39782941 0.55      ] | DriftLimit: 0.0776 | FloorLimit: 0.4513 ---
2026-04-23 23:52:52,063 - [ENV] - --- EPISODE START | Scenario: ASCEND | Start: [0.75015341 0.25008896 0.41      ] | Goal: [0.75015341 0.25008896 0.55      ] | DriftLimit: 0.0775 | FloorLimit: 0.4514 ---
2026-04-23 23:52:52,399 - [ENV] - TERMINATED (Ascend): Tube Drift = 0.0981m (Max 0.0775m) at step 3
2026-04-23 23:52:52,400 - [ENV] - Episode ended without success at step 3. Final dist: 0.1521m
2026-04-23 23:52:52,402 - [ENV] - --- EPISODE START | Scenario: DESCEND | Start: [1.15631435 0.18150964 0.55      ] | Goal: [1.15631435 0.18150964 0.415     ] | DriftLimit: 0.0775 | FloorLimit: 0.4514 ---
2026-04-23 23:52:57,961 - [ENV] - --- EPISODE START | Scenario: DESCEND | Start: [1.00379773 0.02374273 0.55      ] | Goal: [1.00379773 0.02374273 0.415     ] | DriftLimit: 0.0773 | FloorLimit: 0.4515 ---
2026-04-23 23:53:02,955 - [ENV] - SUCCESS: Goal reached in 157 steps. Dist = 0.0100m
2026-04-23 23:53:02,956 - [ENV] - --- EPISODE START | Scenario: ASCEND | Start: [0.86625203 0.19507124 0.41      ] | Goal: [0.86625203 0.19507124 0.55      ] | DriftLimit: 0.0772 | FloorLimit: 0.4515 ---
2026-04-23 23:53:03,228 - [ENV] - TERMINATED (Ascend): Tube Drift = 0.0894m (Max 0.0772m) at step 3
2026-04-23 23:53:03,228 - [ENV] - Episode ended without success at step 3. Final dist: 0.1132m
2026-04-23 23:53:03,229 - [ENV] - --- EPISODE START | Scenario: TRANSIT | Start: [1.07653685 0.5356984  0.55      ] | Goal: [0.63190377 0.42766216 0.55      ] | DriftLimit: 0.0772 | FloorLimit: 0.4515 ---
2026-04-23 23:53:08,693 - [ENV] - --- EPISODE START | Scenario: TRANSIT | Start: [0.88092662 0.40038333 0.55      ] | Goal: [0.97433672 0.18841716 0.55      ] | DriftLimit: 0.0771 | FloorLimit: 0.4516 ---
2026-04-23 23:53:14,344 - [ENV] - --- EPISODE START | Scenario: TRANSIT | Start: [0.83481391 0.22512423 0.55      ] | Goal: [0.7643155  0.51399752 0.55      ] | DriftLimit: 0.0770 | FloorLimit: 0.4517 ---
2026-04-23 23:53:19,981 - [ENV] - --- EPISODE START | Scenario: ASCEND | Start: [0.85011982 0.07583166 0.41      ] | Goal: [0.85011982 0.07583166 0.55      ] | DriftLimit: 0.0768 | FloorLimit: 0.4517 ---
2026-04-23 23:53:20,225 - [ENV] - TERMINATED (Ascend): Tube Drift = 0.0893m (Max 0.0768m) at step 3
2026-04-23 23:53:20,226 - [ENV] - Episode ended without success at step 3. Final dist: 0.1137m
2026-04-23 23:53:20,226 - [ENV] - --- EPISODE START | Scenario: TRANSIT | Start: [0.91205581 0.0391938  0.55      ] | Goal: [0.68041657 0.19277592 0.55      ] | DriftLimit: 0.0768 | FloorLimit: 0.4517 ---
2026-04-23 23:53:25,862 - [ENV] - --- EPISODE START | Scenario: TRANSIT | Start: [0.98880952 0.30760436 0.55      ] | Goal: [0.62788597 0.4056756  0.55      ] | DriftLimit: 0.0767 | FloorLimit: 0.4518 ---
2026-04-23 23:53:31,240 - [ENV] - --- EPISODE START | Scenario: DESCEND | Start: [0.96987797 0.1332238  0.55      ] | Goal: [0.96987797 0.1332238  0.41      ] | DriftLimit: 0.0766 | FloorLimit: 0.4519 ---
2026-04-23 23:53:31,829 - [ENV] - SUCCESS: Goal reached in 19 steps. Dist = 0.0099m
2026-04-23 23:53:31,829 - [ENV] - --- EPISODE START | Scenario: ASCEND | Start: [1.06621479 0.517038   0.41      ] | Goal: [1.06621479 0.517038   0.55      ] | DriftLimit: 0.0766 | FloorLimit: 0.4519 ---
2026-04-23 23:53:32,102 - [ENV] - TERMINATED (Ascend): Tube Drift = 0.0983m (Max 0.0766m) at step 3
2026-04-23 23:53:32,102 - [ENV] - Episode ended without success at step 3. Final dist: 0.1253m
2026-04-23 23:53:32,103 - [ENV] - --- EPISODE START | Scenario: TRANSIT | Start: [0.60997625 0.48938672 0.55      ] | Goal: [0.75873478 0.36859056 0.55      ] | DriftLimit: 0.0766 | FloorLimit: 0.4519 ---
2026-04-23 23:53:37,640 - [ENV] - --- EPISODE START | Scenario: ASCEND | Start: [1.01074547 0.45498895 0.41      ] | Goal: [1.01074547 0.45498895 0.55      ] | DriftLimit: 0.0764 | FloorLimit: 0.4519 ---
2026-04-23 23:53:37,874 - [ENV] - TERMINATED (Ascend): Tube Drift = 0.0773m (Max 0.0764m) at step 3
2026-04-23 23:53:37,875 - [ENV] - Episode ended without success at step 3. Final dist: 0.1120m
2026-04-23 23:53:37,875 - [ENV] - --- EPISODE START | Scenario: TRANSIT | Start: [1.09002656 0.50249021 0.55      ] | Goal: [1.11314202 0.26922003 0.55      ] | DriftLimit: 0.0764 | FloorLimit: 0.4519 ---
2026-04-23 23:54:16,603 - [ENV] - --- EPISODE START | Scenario: DESCEND | Start: [0.76327644 0.53527009 0.55      ] | Goal: [0.76327644 0.53527009 0.41      ] | DriftLimit: 0.0763 | FloorLimit: 0.4520 ---
2026-04-23 23:54:16,899 - [ENV] - SUCCESS: Goal reached in 5 steps. Dist = 0.0081m
2026-04-23 23:54:16,900 - [ENV] - --- EPISODE START | Scenario: DESCEND | Start: [0.76218389 0.09808883 0.55      ] | Goal: [0.76218389 0.09808883 0.415     ] | DriftLimit: 0.0763 | FloorLimit: 0.4520 ---
2026-04-23 23:54:21,777 - [ENV] - --- EPISODE START | Scenario: DESCEND | Start: [1.12784805 0.36964917 0.55      ] | Goal: [1.12784805 0.36964917 0.415     ] | DriftLimit: 0.0762 | FloorLimit: 0.4521 ---
2026-04-23 23:54:22,022 - [ENV] - SUCCESS: Goal reached in 4 steps. Dist = 0.0092m
2026-04-23 23:54:22,023 - [ENV] - --- EPISODE START | Scenario: ASCEND | Start: [0.61275098 0.5296223  0.41      ] | Goal: [0.61275098 0.5296223  0.55      ] | DriftLimit: 0.0762 | FloorLimit: 0.4521 ---
2026-04-23 23:54:22,446 - [ENV] - TERMINATED (Ascend): Tube Drift = 0.0781m (Max 0.0762m) at step 6
2026-04-23 23:54:22,446 - [ENV] - Episode ended without success at step 6. Final dist: 0.1446m
2026-04-23 23:54:22,446 - [ENV] - --- EPISODE START | Scenario: TRANSIT | Start: [0.8798899  0.39082633 0.55      ] | Goal: [0.77587043 0.20968856 0.55      ] | DriftLimit: 0.0762 | FloorLimit: 0.4521 ---
2026-04-23 23:54:27,295 - [ENV] - --- EPISODE START | Scenario: ASCEND | Start: [0.97715151 0.06279434 0.41      ] | Goal: [0.97715151 0.06279434 0.55      ] | DriftLimit: 0.0760 | FloorLimit: 0.4522 ---
2026-04-23 23:54:27,542 - [ENV] - TERMINATED (Ascend): Tube Drift = 0.0798m (Max 0.0760m) at step 2
2026-04-23 23:54:27,543 - [ENV] - Episode ended without success at step 2. Final dist: 0.1498m
2026-04-23 23:54:27,544 - [ENV] - --- EPISODE START | Scenario: ASCEND | Start: [0.68187123 0.07854321 0.41      ] | Goal: [0.68187123 0.07854321 0.55      ] | DriftLimit: 0.0760 | FloorLimit: 0.4522 ---
2026-04-23 23:54:28,354 - [ENV] - TERMINATED (Ascend): Tube Drift = 0.0827m (Max 0.0760m) at step 19
2026-04-23 23:54:28,354 - [ENV] - Episode ended without success at step 19. Final dist: 0.3054m
2026-04-23 23:54:28,355 - [ENV] - --- EPISODE START | Scenario: DESCEND | Start: [0.92695584 0.47208458 0.55      ] | Goal: [0.92695584 0.47208458 0.415     ] | DriftLimit: 0.0760 | FloorLimit: 0.4522 ---
2026-04-23 23:54:28,608 - [ENV] - SUCCESS: Goal reached in 4 steps. Dist = 0.0093m
2026-04-23 23:54:28,609 - [ENV] - --- EPISODE START | Scenario: DESCEND | Start: [0.86699292 0.19933663 0.55      ] | Goal: [0.86699292 0.19933663 0.415     ] | DriftLimit: 0.0760 | FloorLimit: 0.4522 ---
2026-04-23 23:54:28,845 - [ENV] - SUCCESS: Goal reached in 5 steps. Dist = 0.0082m
2026-04-23 23:54:28,846 - [ENV] - --- EPISODE START | Scenario: ASCEND | Start: [0.82363965 0.33430988 0.41      ] | Goal: [0.82363965 0.33430988 0.55      ] | DriftLimit: 0.0760 | FloorLimit: 0.4522 ---
2026-04-23 23:54:29,355 - [ENV] - TERMINATED (Ascend): Tube Drift = 0.0851m (Max 0.0760m) at step 13
2026-04-23 23:54:29,355 - [ENV] - Episode ended without success at step 13. Final dist: 0.1787m
2026-04-23 23:54:29,356 - [ENV] - --- EPISODE START | Scenario: DESCEND | Start: [1.00069315 0.12268477 0.55      ] | Goal: [1.00069315 0.12268477 0.415     ] | DriftLimit: 0.0760 | FloorLimit: 0.4522 ---
2026-04-23 23:54:31,376 - [ENV] - SUCCESS: Goal reached in 61 steps. Dist = 0.0100m
2026-04-23 23:54:31,376 - [ENV] - --- EPISODE START | Scenario: ASCEND | Start: [0.93785487 0.37335275 0.41      ] | Goal: [0.93785487 0.37335275 0.55      ] | DriftLimit: 0.0760 | FloorLimit: 0.4522 ---
2026-04-23 23:54:31,734 - [ENV] - TERMINATED (Ascend): Tube Drift = 0.0837m (Max 0.0760m) at step 4
2026-04-23 23:54:31,734 - [ENV] - Episode ended without success at step 4. Final dist: 0.1312m
2026-04-23 23:54:31,735 - [ENV] - --- EPISODE START | Scenario: DESCEND | Start: [1.12086468 0.4326982  0.55      ] | Goal: [1.12086468 0.4326982  0.41      ] | DriftLimit: 0.0760 | FloorLimit: 0.4522 ---
2026-04-23 23:54:36,925 - [ENV] - --- EPISODE START | Scenario: TRANSIT | Start: [0.67345333 0.43357511 0.55      ] | Goal: [1.10706909 0.30953016 0.55      ] | DriftLimit: 0.0758 | FloorLimit: 0.4523 ---
2026-04-23 23:54:42,557 - [ENV] - --- EPISODE START | Scenario: ASCEND | Start: [0.71308583 0.32118469 0.41      ] | Goal: [0.71308583 0.32118469 0.55      ] | DriftLimit: 0.0757 | FloorLimit: 0.4523 ---
2026-04-23 23:54:42,978 - [ENV] - TERMINATED (Ascend): Tube Drift = 0.0856m (Max 0.0757m) at step 9
2026-04-23 23:54:42,978 - [ENV] - Episode ended without success at step 9. Final dist: 0.1481m
2026-04-23 23:54:42,979 - [ENV] - --- EPISODE START | Scenario: ASCEND | Start: [0.90313783 0.24583395 0.41      ] | Goal: [0.90313783 0.24583395 0.55      ] | DriftLimit: 0.0757 | FloorLimit: 0.4523 ---
2026-04-23 23:54:43,326 - [ENV] - TERMINATED (Ascend): Tube Drift = 0.0857m (Max 0.0757m) at step 5
2026-04-23 23:54:43,326 - [ENV] - Episode ended without success at step 5. Final dist: 0.1230m
2026-04-23 23:54:43,326 - [ENV] - --- EPISODE START | Scenario: ASCEND | Start: [1.03443662 0.04753592 0.41      ] | Goal: [1.03443662 0.04753592 0.55      ] | DriftLimit: 0.0757 | FloorLimit: 0.4524 ---
2026-04-23 23:54:43,539 - [ENV] - TERMINATED (Ascend): Tube Drift = 0.1081m (Max 0.0757m) at step 3
2026-04-23 23:54:43,539 - [ENV] - Episode ended without success at step 3. Final dist: 0.1462m
2026-04-23 23:54:43,540 - [ENV] - --- EPISODE START | Scenario: TRANSIT | Start: [0.94820555 0.01873979 0.55      ] | Goal: [1.02275141 0.41013357 0.55      ] | DriftLimit: 0.0757 | FloorLimit: 0.4524 ---
2026-04-23 23:54:49,004 - [ENV] - --- EPISODE START | Scenario: ASCEND | Start: [0.61064226 0.21036106 0.41      ] | Goal: [0.61064226 0.21036106 0.55      ] | DriftLimit: 0.0756 | FloorLimit: 0.4524 ---
2026-04-23 23:54:49,401 - [ENV] - TERMINATED (Ascend): Tube Drift = 0.0788m (Max 0.0756m) at step 7
2026-04-23 23:54:49,401 - [ENV] - Episode ended without success at step 7. Final dist: 0.1285m
2026-04-23 23:54:49,401 - [ENV] - --- EPISODE START | Scenario: DESCEND | Start: [1.07974793 0.39434934 0.55      ] | Goal: [1.07974793 0.39434934 0.41      ] | DriftLimit: 0.0756 | FloorLimit: 0.4524 ---
2026-04-23 23:54:55,192 - [ENV] - --- EPISODE START | Scenario: ASCEND | Start: [ 0.86882881 -0.01215737  0.41      ] | Goal: [ 0.86882881 -0.01215737  0.55      ] | DriftLimit: 0.0754 | FloorLimit: 0.4525 ---
2026-04-23 23:54:55,425 - [ENV] - TERMINATED (Ascend): Tube Drift = 0.0893m (Max 0.0754m) at step 4
2026-04-23 23:54:55,425 - [ENV] - Episode ended without success at step 4. Final dist: 0.1568m
2026-04-23 23:54:55,425 - [ENV] - --- EPISODE START | Scenario: DESCEND | Start: [0.79371042 0.22477094 0.55      ] | Goal: [0.79371042 0.22477094 0.415     ] | DriftLimit: 0.0754 | FloorLimit: 0.4525 ---
2026-04-23 23:55:00,697 - [ENV] - --- EPISODE START | Scenario: DESCEND | Start: [0.93758878 0.488656   0.55      ] | Goal: [0.93758878 0.488656   0.415     ] | DriftLimit: 0.0753 | FloorLimit: 0.4526 ---
2026-04-23 23:55:01,014 - [ENV] - SUCCESS: Goal reached in 8 steps. Dist = 0.0098m
2026-04-23 23:55:01,014 - [ENV] - --- EPISODE START | Scenario: TRANSIT | Start: [1.11914776 0.18542875 0.55      ] | Goal: [0.83893354 0.3318625  0.55      ] | DriftLimit: 0.0753 | FloorLimit: 0.4526 ---
2026-04-23 23:55:06,839 - [ENV] - --- EPISODE START | Scenario: ASCEND | Start: [0.61055774 0.35577088 0.41      ] | Goal: [0.61055774 0.35577088 0.55      ] | DriftLimit: 0.0752 | FloorLimit: 0.4526 ---
2026-04-23 23:55:07,453 - [ENV] - TERMINATED (Ascend): Tube Drift = 0.0756m (Max 0.0752m) at step 11
2026-04-23 23:55:07,454 - [ENV] - Episode ended without success at step 11. Final dist: 0.0852m
2026-04-23 23:55:07,454 - [ENV] - --- EPISODE START | Scenario: TRANSIT | Start: [ 0.61906856 -0.00994313  0.55      ] | Goal: [0.81098875 0.28547082 0.55      ] | DriftLimit: 0.0752 | FloorLimit: 0.4526 ---
2026-04-23 23:55:12,610 - [ENV] - --- EPISODE START | Scenario: DESCEND | Start: [0.83165862 0.35870342 0.55      ] | Goal: [0.83165862 0.35870342 0.41      ] | DriftLimit: 0.0750 | FloorLimit: 0.4527 ---
2026-04-23 23:55:18,211 - [ENV] - --- EPISODE START | Scenario: TRANSIT | Start: [0.69735663 0.16879511 0.55      ] | Goal: [1.09662774 0.32916784 0.55      ] | DriftLimit: 0.0749 | FloorLimit: 0.4528 ---
2026-04-23 23:55:20,231 - [ENV] - SUCCESS: Goal reached in 64 steps. Dist = 0.0099m
2026-04-23 23:55:20,232 - [ENV] - --- EPISODE START | Scenario: TRANSIT | Start: [1.00483931 0.45580119 0.55      ] | Goal: [0.65824671 0.52848493 0.55      ] | DriftLimit: 0.0748 | FloorLimit: 0.4528 ---
2026-04-23 23:55:25,976 - [ENV] - --- EPISODE START | Scenario: TRANSIT | Start: [0.89282699 0.04481674 0.55      ] | Goal: [1.00940441 0.29187862 0.55      ] | DriftLimit: 0.0747 | FloorLimit: 0.4529 ---
2026-04-23 23:55:31,903 - [ENV] - --- EPISODE START | Scenario: DESCEND | Start: [1.1183841  0.09043544 0.55      ] | Goal: [1.1183841  0.09043544 0.415     ] | DriftLimit: 0.0746 | FloorLimit: 0.4529 ---
2026-04-23 23:56:09,139 - [ENV] - --- EPISODE START | Scenario: ASCEND | Start: [1.05152459 0.48297994 0.41      ] | Goal: [1.05152459 0.48297994 0.55      ] | DriftLimit: 0.0745 | FloorLimit: 0.4530 ---
2026-04-23 23:56:09,373 - [ENV] - TERMINATED (Ascend): Tube Drift = 0.0835m (Max 0.0745m) at step 4
2026-04-23 23:56:09,373 - [ENV] - Episode ended without success at step 4. Final dist: 0.1346m
2026-04-23 23:56:09,373 - [ENV] - --- EPISODE START | Scenario: ASCEND | Start: [0.97467705 0.22431475 0.41      ] | Goal: [0.97467705 0.22431475 0.55      ] | DriftLimit: 0.0745 | FloorLimit: 0.4530 ---
2026-04-23 23:56:09,676 - [ENV] - TERMINATED (Ascend): Tube Drift = 0.0745m (Max 0.0745m) at step 4
2026-04-23 23:56:09,676 - [ENV] - Episode ended without success at step 4. Final dist: 0.1483m
2026-04-23 23:56:09,677 - [ENV] - --- EPISODE START | Scenario: DESCEND | Start: [ 0.95020415 -0.01250921  0.55      ] | Goal: [ 0.95020415 -0.01250921  0.415     ] | DriftLimit: 0.0745 | FloorLimit: 0.4530 ---
2026-04-23 23:56:15,069 - [ENV] - --- EPISODE START | Scenario: DESCEND | Start: [1.08258484 0.27531933 0.55      ] | Goal: [1.08258484 0.27531933 0.415     ] | DriftLimit: 0.0743 | FloorLimit: 0.4531 ---
2026-04-23 23:56:21,144 - [ENV] - --- EPISODE START | Scenario: DESCEND | Start: [0.84409141 0.48446581 0.55      ] | Goal: [0.84409141 0.48446581 0.415     ] | DriftLimit: 0.0742 | FloorLimit: 0.4532 ---
2026-04-23 23:56:22,588 - [ENV] - SUCCESS: Goal reached in 39 steps. Dist = 0.0099m
2026-04-23 23:56:22,588 - [ENV] - --- EPISODE START | Scenario: ASCEND | Start: [0.69973998 0.19889942 0.41      ] | Goal: [0.69973998 0.19889942 0.55      ] | DriftLimit: 0.0742 | FloorLimit: 0.4532 ---
2026-04-23 23:56:23,199 - [ENV] - TERMINATED (Ascend): Tube Drift = 0.0752m (Max 0.0742m) at step 14
2026-04-23 23:56:23,199 - [ENV] - Episode ended without success at step 14. Final dist: 0.0948m
2026-04-23 23:56:23,200 - [ENV] - --- EPISODE START | Scenario: TRANSIT | Start: [0.75886606 0.07113663 0.55      ] | Goal: [0.86857744 0.09621925 0.55      ] | DriftLimit: 0.0742 | FloorLimit: 0.4532 ---
2026-04-23 23:56:23,984 - [ENV] - SUCCESS: Goal reached in 24 steps. Dist = 0.0077m
2026-04-23 23:56:23,985 - [ENV] - --- EPISODE START | Scenario: DESCEND | Start: [0.91088041 0.44780078 0.55      ] | Goal: [0.91088041 0.44780078 0.415     ] | DriftLimit: 0.0741 | FloorLimit: 0.4532 ---
2026-04-23 23:56:24,258 - [ENV] - SUCCESS: Goal reached in 6 steps. Dist = 0.0090m
2026-04-23 23:56:24,259 - [ENV] - --- EPISODE START | Scenario: DESCEND | Start: [0.74997545 0.15815075 0.55      ] | Goal: [0.74997545 0.15815075 0.415     ] | DriftLimit: 0.0741 | FloorLimit: 0.4532 ---
2026-04-23 23:56:29,886 - [ENV] - --- EPISODE START | Scenario: DESCEND | Start: [1.0893127  0.32958354 0.55      ] | Goal: [1.0893127  0.32958354 0.41      ] | DriftLimit: 0.0740 | FloorLimit: 0.4533 ---
2026-04-23 23:56:30,256 - [ENV] - SUCCESS: Goal reached in 8 steps. Dist = 0.0099m
2026-04-23 23:56:30,257 - [ENV] - --- EPISODE START | Scenario: DESCEND | Start: [0.855657   0.11059551 0.55      ] | Goal: [0.855657   0.11059551 0.415     ] | DriftLimit: 0.0740 | FloorLimit: 0.4533 ---
2026-04-23 23:56:36,217 - [ENV] - --- EPISODE START | Scenario: TRANSIT | Start: [0.64534547 0.04878879 0.55      ] | Goal: [0.95257044 0.3814926  0.55      ] | DriftLimit: 0.0739 | FloorLimit: 0.4533 ---
2026-04-23 23:56:42,032 - [ENV] - --- EPISODE START | Scenario: ASCEND | Start: [1.0643626 0.1483462 0.41     ] | Goal: [1.0643626 0.1483462 0.55     ] | DriftLimit: 0.0737 | FloorLimit: 0.4534 ---
2026-04-23 23:56:42,652 - [ENV] - TERMINATED (Ascend): Tube Drift = 0.0864m (Max 0.0737m) at step 17
2026-04-23 23:56:42,652 - [ENV] - Episode ended without success at step 17. Final dist: 0.2387m
2026-04-23 23:56:42,653 - [ENV] - --- EPISODE START | Scenario: DESCEND | Start: [0.83812555 0.42864034 0.55      ] | Goal: [0.83812555 0.42864034 0.415     ] | DriftLimit: 0.0737 | FloorLimit: 0.4534 ---
2026-04-23 23:56:42,951 - [ENV] - SUCCESS: Goal reached in 8 steps. Dist = 0.0100m
2026-04-23 23:56:42,951 - [ENV] - --- EPISODE START | Scenario: TRANSIT | Start: [1.12685718 0.49172625 0.55      ] | Goal: [0.6403759  0.26764165 0.55      ] | DriftLimit: 0.0737 | FloorLimit: 0.4534 ---
2026-04-23 23:56:48,959 - [ENV] - --- EPISODE START | Scenario: TRANSIT | Start: [0.7846937  0.17532997 0.55      ] | Goal: [1.01527409 0.17292643 0.55      ] | DriftLimit: 0.0736 | FloorLimit: 0.4535 ---
2026-04-23 23:56:49,416 - [ENV] - SUCCESS: Goal reached in 13 steps. Dist = 0.0090m
2026-04-23 23:56:49,417 - [ENV] - --- EPISODE START | Scenario: TRANSIT | Start: [0.79251114 0.22231725 0.55      ] | Goal: [1.09620013 0.01675928 0.55      ] | DriftLimit: 0.0736 | FloorLimit: 0.4535 ---
2026-04-23 23:56:55,154 - [ENV] - SUCCESS: Goal reached in 155 steps. Dist = 0.0096m
2026-04-23 23:56:55,155 - [ENV] - --- EPISODE START | Scenario: TRANSIT | Start: [0.96917037 0.36049824 0.55      ] | Goal: [0.68872203 0.51775195 0.55      ] | DriftLimit: 0.0735 | FloorLimit: 0.4536 ---
2026-04-23 23:57:01,275 - [ENV] - --- EPISODE START | Scenario: ASCEND | Start: [0.85051062 0.31573361 0.41      ] | Goal: [0.85051062 0.31573361 0.55      ] | DriftLimit: 0.0734 | FloorLimit: 0.4536 ---
2026-04-23 23:57:01,866 - [ENV] - TERMINATED (Ascend): Tube Drift = 0.0984m (Max 0.0733m) at step 11
2026-04-23 23:57:01,867 - [ENV] - Episode ended without success at step 11. Final dist: 0.1120m
2026-04-23 23:57:01,867 - [ENV] - --- EPISODE START | Scenario: ASCEND | Start: [0.9143855  0.36488159 0.41      ] | Goal: [0.9143855  0.36488159 0.55      ] | DriftLimit: 0.0733 | FloorLimit: 0.4536 ---
2026-04-23 23:57:02,256 - [ENV] - TERMINATED (Ascend): Tube Drift = 0.0852m (Max 0.0733m) at step 10
2026-04-23 23:57:02,257 - [ENV] - Episode ended without success at step 10. Final dist: 0.0914m
2026-04-23 23:57:02,257 - [ENV] - --- EPISODE START | Scenario: TRANSIT | Start: [1.07096986 0.13751722 0.55      ] | Goal: [0.6197437  0.36858024 0.55      ] | DriftLimit: 0.0733 | FloorLimit: 0.4536 ---
2026-04-23 23:57:06,171 - [ENV] - SUCCESS: Goal reached in 124 steps. Dist = 0.0092m
2026-04-23 23:57:06,171 - [ENV] - --- EPISODE START | Scenario: ASCEND | Start: [0.61181597 0.0512595  0.41      ] | Goal: [0.61181597 0.0512595  0.55      ] | DriftLimit: 0.0732 | FloorLimit: 0.4537 ---
2026-04-23 23:57:06,670 - [ENV] - TERMINATED (Ascend): Tube Drift = 0.0853m (Max 0.0732m) at step 15
2026-04-23 23:57:06,670 - [ENV] - Episode ended without success at step 15. Final dist: 0.1579m
2026-04-23 23:57:06,671 - [ENV] - --- EPISODE START | Scenario: ASCEND | Start: [0.72780947 0.24148192 0.41      ] | Goal: [0.72780947 0.24148192 0.55      ] | DriftLimit: 0.0732 | FloorLimit: 0.4537 ---
